GET http://rubygems.org/specs.4.8.gz
302 Moved Temporarily
GET http://production.s3.rubygems.org/specs.4.8.gz
200 OK
Installing gem libv8-3.11.8.11
/home/graduate/.gem/ruby/1.8/gems/libv8-3.11.8.11/.gitignore
/home/graduate/.gem/ruby/1.8/gems/libv8-3.11.8.11/.gitmodules
/home/graduate/.gem/ruby/1.8/gems/libv8-3.11.8.11/.travis.yml
/home/graduate/.gem/ruby/1.8/gems/libv8-3.11.8.11/Gemfile
/home/graduate/.gem/ruby/1.8/gems/libv8-3.11.8.11/README.md
/home/graduate/.gem/ruby/1.8/gems/libv8-3.11.8.11/Rakefile
/home/graduate/.gem/ruby/1.8/gems/libv8-3.11.8.11/ext/libv8/arch.rb
/home/graduate/.gem/ruby/1.8/gems/libv8-3.11.8.11/ext/libv8/builder.rb
/home/graduate/.gem/ruby/1.8/gems/libv8-3.11.8.11/ext/libv8/compiler.rb
/home/graduate/.gem/ruby/1.8/gems/libv8-3.11.8.11/ext/libv8/extconf.rb
/home/graduate/.gem/ruby/1.8/gems/libv8-3.11.8.11/ext/libv8/location.rb
/home/graduate/.gem/ruby/1.8/gems/libv8-3.11.8.11/ext/libv8/make.rb
/home/graduate/.gem/ruby/1.8/gems/libv8-3.11.8.11/ext/libv8/paths.rb
/home/graduate/.gem/ruby/1.8/gems/libv8-3.11.8.11/lib/libv8.rb
/home/graduate/.gem/ruby/1.8/gems/libv8-3.11.8.11/lib/libv8/fpic-on-freebsd-amd64.patch
/home/graduate/.gem/ruby/1.8/gems/libv8-3.11.8.11/lib/libv8/version.rb
/home/graduate/.gem/ruby/1.8/gems/libv8-3.11.8.11/libv8.gemspec
/home/graduate/.gem/ruby/1.8/gems/libv8-3.11.8.11/patches/add-freebsd9-and-freebsd10-to-gyp-GetFlavor.patch
/home/graduate/.gem/ruby/1.8/gems/libv8-3.11.8.11/patches/fPIC-on-x64.patch
/home/graduate/.gem/ruby/1.8/gems/libv8-3.11.8.11/patches/gcc42-on-freebsd.patch
/home/graduate/.gem/ruby/1.8/gems/libv8-3.11.8.11/patches/src_platform-freebsd.cc.patch
/home/graduate/.gem/ruby/1.8/gems/libv8-3.11.8.11/spec/location_spec.rb
/home/graduate/.gem/ruby/1.8/gems/libv8-3.11.8.11/spec/spec_helper.rb
/home/graduate/.gem/ruby/1.8/gems/libv8-3.11.8.11/thefrontside.png
/home/graduate/.gem/ruby/1.8/gems/libv8-3.11.8.11/vendor/v8/.gitignore
/home/graduate/.gem/ruby/1.8/gems/libv8-3.11.8.11/vendor/v8/AUTHORS
/home/graduate/.gem/ruby/1.8/gems/libv8-3.11.8.11/vendor/v8/ChangeLog
/home/graduate/.gem/ruby/1.8/gems/libv8-3.11.8.11/vendor/v8/DEPS
/home/graduate/.gem/ruby/1.8/gems/libv8-3.11.8.11/vendor/v8/LICENSE
/home/graduate/.gem/ruby/1.8/gems/libv8-3.11.8.11/vendor/v8/LICENSE.strongtalk
/home/graduate/.gem/ruby/1.8/gems/libv8-3.11.8.11/vendor/v8/LICENSE.v8
/home/graduate/.gem/ruby/1.8/gems/libv8-3.11.8.11/vendor/v8/LICENSE.valgrind
/home/graduate/.gem/ruby/1.8/gems/libv8-3.11.8.11/vendor/v8/Makefile
/home/graduate/.gem/ruby/1.8/gems/libv8-3.11.8.11/vendor/v8/SConstruct
/home/graduate/.gem/ruby/1.8/gems/libv8-3.11.8.11/vendor/v8/benchmarks/README.txt
/home/graduate/.gem/ruby/1.8/gems/libv8-3.11.8.11/vendor/v8/benchmarks/base.js
/home/graduate/.gem/ruby/1.8/gems/libv8-3.11.8.11/vendor/v8/benchmarks/crypto.js
/home/graduate/.gem/ruby/1.8/gems/libv8-3.11.8.11/vendor/v8/benchmarks/deltablue.js
/home/graduate/.gem/ruby/1.8/gems/libv8-3.11.8.11/vendor/v8/benchmarks/earley-boyer.js
/home/graduate/.gem/ruby/1.8/gems/libv8-3.11.8.11/vendor/v8/benchmarks/navier-stokes.js
/home/graduate/.gem/ruby/1.8/gems/libv8-3.11.8.11/vendor/v8/benchmarks/raytrace.js
/home/graduate/.gem/ruby/1.8/gems/libv8-3.11.8.11/vendor/v8/benchmarks/regexp.js
/home/graduate/.gem/ruby/1.8/gems/libv8-3.11.8.11/vendor/v8/benchmarks/revisions.html
/home/graduate/.gem/ruby/1.8/gems/libv8-3.11.8.11/vendor/v8/benchmarks/richards.js
/home/graduate/.gem/ruby/1.8/gems/libv8-3.11.8.11/vendor/v8/benchmarks/run.html
/home/graduate/.gem/ruby/1.8/gems/libv8-3.11.8.11/vendor/v8/benchmarks/run.js
/home/graduate/.gem/ruby/1.8/gems/libv8-3.11.8.11/vendor/v8/benchmarks/spinning-balls/index.html
/home/graduate/.gem/ruby/1.8/gems/libv8-3.11.8.11/vendor/v8/benchmarks/spinning-balls/splay-tree.js
/home/graduate/.gem/ruby/1.8/gems/libv8-3.11.8.11/vendor/v8/benchmarks/spinning-balls/v.js
/home/graduate/.gem/ruby/1.8/gems/libv8-3.11.8.11/vendor/v8/benchmarks/splay.js
/home/graduate/.gem/ruby/1.8/gems/libv8-3.11.8.11/vendor/v8/benchmarks/style.css
/home/graduate/.gem/ruby/1.8/gems/libv8-3.11.8.11/vendor/v8/benchmarks/v8-logo.png
/home/graduate/.gem/ruby/1.8/gems/libv8-3.11.8.11/vendor/v8/build/README.txt
/home/graduate/.gem/ruby/1.8/gems/libv8-3.11.8.11/vendor/v8/build/all.gyp
/home/graduate/.gem/ruby/1.8/gems/libv8-3.11.8.11/vendor/v8/build/android.gypi
/home/graduate/.gem/ruby/1.8/gems/libv8-3.11.8.11/vendor/v8/build/common.gypi
/home/graduate/.gem/ruby/1.8/gems/libv8-3.11.8.11/vendor/v8/build/gyp_v8
/home/graduate/.gem/ruby/1.8/gems/libv8-3.11.8.11/vendor/v8/build/standalone.gypi
/home/graduate/.gem/ruby/1.8/gems/libv8-3.11.8.11/vendor/v8/include/v8-debug.h
/home/graduate/.gem/ruby/1.8/gems/libv8-3.11.8.11/vendor/v8/include/v8-preparser.h
/home/graduate/.gem/ruby/1.8/gems/libv8-3.11.8.11/vendor/v8/include/v8-profiler.h
/home/graduate/.gem/ruby/1.8/gems/libv8-3.11.8.11/vendor/v8/include/v8-testing.h
/home/graduate/.gem/ruby/1.8/gems/libv8-3.11.8.11/vendor/v8/include/v8.h
/home/graduate/.gem/ruby/1.8/gems/libv8-3.11.8.11/vendor/v8/include/v8stdint.h
/home/graduate/.gem/ruby/1.8/gems/libv8-3.11.8.11/vendor/v8/preparser/SConscript
/home/graduate/.gem/ruby/1.8/gems/libv8-3.11.8.11/vendor/v8/preparser/preparser-process.cc
/home/graduate/.gem/ruby/1.8/gems/libv8-3.11.8.11/vendor/v8/preparser/preparser.gyp
/home/graduate/.gem/ruby/1.8/gems/libv8-3.11.8.11/vendor/v8/samples/SConscript
/home/graduate/.gem/ruby/1.8/gems/libv8-3.11.8.11/vendor/v8/samples/count-hosts.js
/home/graduate/.gem/ruby/1.8/gems/libv8-3.11.8.11/vendor/v8/samples/lineprocessor.cc
/home/graduate/.gem/ruby/1.8/gems/libv8-3.11.8.11/vendor/v8/samples/process.cc
/home/graduate/.gem/ruby/1.8/gems/libv8-3.11.8.11/vendor/v8/samples/samples.gyp
/home/graduate/.gem/ruby/1.8/gems/libv8-3.11.8.11/vendor/v8/samples/shell.cc
/home/graduate/.gem/ruby/1.8/gems/libv8-3.11.8.11/vendor/v8/src/SConscript
/home/graduate/.gem/ruby/1.8/gems/libv8-3.11.8.11/vendor/v8/src/accessors.cc
/home/graduate/.gem/ruby/1.8/gems/libv8-3.11.8.11/vendor/v8/src/accessors.h
/home/graduate/.gem/ruby/1.8/gems/libv8-3.11.8.11/vendor/v8/src/allocation-inl.h
/home/graduate/.gem/ruby/1.8/gems/libv8-3.11.8.11/vendor/v8/src/allocation.cc
/home/graduate/.gem/ruby/1.8/gems/libv8-3.11.8.11/vendor/v8/src/allocation.h
/home/graduate/.gem/ruby/1.8/gems/libv8-3.11.8.11/vendor/v8/src/api.cc
/home/graduate/.gem/ruby/1.8/gems/libv8-3.11.8.11/vendor/v8/src/api.h
/home/graduate/.gem/ruby/1.8/gems/libv8-3.11.8.11/vendor/v8/src/apinatives.js
/home/graduate/.gem/ruby/1.8/gems/libv8-3.11.8.11/vendor/v8/src/apiutils.h
/home/graduate/.gem/ruby/1.8/gems/libv8-3.11.8.11/vendor/v8/src/arguments.h
/home/graduate/.gem/ruby/1.8/gems/libv8-3.11.8.11/vendor/v8/src/arm/assembler-arm-inl.h
/home/graduate/.gem/ruby/1.8/gems/libv8-3.11.8.11/vendor/v8/src/arm/assembler-arm.cc
/home/graduate/.gem/ruby/1.8/gems/libv8-3.11.8.11/vendor/v8/src/arm/assembler-arm.h
/home/graduate/.gem/ruby/1.8/gems/libv8-3.11.8.11/vendor/v8/src/arm/builtins-arm.cc
/home/graduate/.gem/ruby/1.8/gems/libv8-3.11.8.11/vendor/v8/src/arm/code-stubs-arm.cc
/home/graduate/.gem/ruby/1.8/gems/libv8-3.11.8.11/vendor/v8/src/arm/code-stubs-arm.h
/home/graduate/.gem/ruby/1.8/gems/libv8-3.11.8.11/vendor/v8/src/arm/codegen-arm.cc
/home/graduate/.gem/ruby/1.8/gems/libv8-3.11.8.11/vendor/v8/src/arm/codegen-arm.h
/home/graduate/.gem/ruby/1.8/gems/libv8-3.11.8.11/vendor/v8/src/arm/constants-arm.cc
/home/graduate/.gem/ruby/1.8/gems/libv8-3.11.8.11/vendor/v8/src/arm/constants-arm.h
/home/graduate/.gem/ruby/1.8/gems/libv8-3.11.8.11/vendor/v8/src/arm/cpu-arm.cc
/home/graduate/.gem/ruby/1.8/gems/libv8-3.11.8.11/vendor/v8/src/arm/debug-arm.cc
/home/graduate/.gem/ruby/1.8/gems/libv8-3.11.8.11/vendor/v8/src/arm/deoptimizer-arm.cc
/home/graduate/.gem/ruby/1.8/gems/libv8-3.11.8.11/vendor/v8/src/arm/disasm-arm.cc
/home/graduate/.gem/ruby/1.8/gems/libv8-3.11.8.11/vendor/v8/src/arm/frames-arm.cc
/home/graduate/.gem/ruby/1.8/gems/libv8-3.11.8.11/vendor/v8/src/arm/frames-arm.h
/home/graduate/.gem/ruby/1.8/gems/libv8-3.11.8.11/vendor/v8/src/arm/full-codegen-arm.cc
/home/graduate/.gem/ruby/1.8/gems/libv8-3.11.8.11/vendor/v8/src/arm/ic-arm.cc
/home/graduate/.gem/ruby/1.8/gems/libv8-3.11.8.11/vendor/v8/src/arm/lithium-arm.cc
/home/graduate/.gem/ruby/1.8/gems/libv8-3.11.8.11/vendor/v8/src/arm/lithium-arm.h
/home/graduate/.gem/ruby/1.8/gems/libv8-3.11.8.11/vendor/v8/src/arm/lithium-codegen-arm.cc
/home/graduate/.gem/ruby/1.8/gems/libv8-3.11.8.11/vendor/v8/src/arm/lithium-codegen-arm.h
/home/graduate/.gem/ruby/1.8/gems/libv8-3.11.8.11/vendor/v8/src/arm/lithium-gap-resolver-arm.cc
/home/graduate/.gem/ruby/1.8/gems/libv8-3.11.8.11/vendor/v8/src/arm/lithium-gap-resolver-arm.h
/home/graduate/.gem/ruby/1.8/gems/libv8-3.11.8.11/vendor/v8/src/arm/macro-assembler-arm.cc
/home/graduate/.gem/ruby/1.8/gems/libv8-3.11.8.11/vendor/v8/src/arm/macro-assembler-arm.h
/home/graduate/.gem/ruby/1.8/gems/libv8-3.11.8.11/vendor/v8/src/arm/regexp-macro-assembler-arm.cc
/home/graduate/.gem/ruby/1.8/gems/libv8-3.11.8.11/vendor/v8/src/arm/regexp-macro-assembler-arm.h
/home/graduate/.gem/ruby/1.8/gems/libv8-3.11.8.11/vendor/v8/src/arm/simulator-arm.cc
/home/graduate/.gem/ruby/1.8/gems/libv8-3.11.8.11/vendor/v8/src/arm/simulator-arm.h
/home/graduate/.gem/ruby/1.8/gems/libv8-3.11.8.11/vendor/v8/src/arm/stub-cache-arm.cc
/home/graduate/.gem/ruby/1.8/gems/libv8-3.11.8.11/vendor/v8/src/array.js
/home/graduate/.gem/ruby/1.8/gems/libv8-3.11.8.11/vendor/v8/src/assembler.cc
/home/graduate/.gem/ruby/1.8/gems/libv8-3.11.8.11/vendor/v8/src/assembler.h
/home/graduate/.gem/ruby/1.8/gems/libv8-3.11.8.11/vendor/v8/src/ast.cc
/home/graduate/.gem/ruby/1.8/gems/libv8-3.11.8.11/vendor/v8/src/ast.h
/home/graduate/.gem/ruby/1.8/gems/libv8-3.11.8.11/vendor/v8/src/atomicops.h
/home/graduate/.gem/ruby/1.8/gems/libv8-3.11.8.11/vendor/v8/src/atomicops_internals_arm_gcc.h
/home/graduate/.gem/ruby/1.8/gems/libv8-3.11.8.11/vendor/v8/src/atomicops_internals_mips_gcc.h
/home/graduate/.gem/ruby/1.8/gems/libv8-3.11.8.11/vendor/v8/src/atomicops_internals_x86_gcc.cc
/home/graduate/.gem/ruby/1.8/gems/libv8-3.11.8.11/vendor/v8/src/atomicops_internals_x86_gcc.h
/home/graduate/.gem/ruby/1.8/gems/libv8-3.11.8.11/vendor/v8/src/atomicops_internals_x86_macosx.h
/home/graduate/.gem/ruby/1.8/gems/libv8-3.11.8.11/vendor/v8/src/atomicops_internals_x86_msvc.h
/home/graduate/.gem/ruby/1.8/gems/libv8-3.11.8.11/vendor/v8/src/bignum-dtoa.cc
/home/graduate/.gem/ruby/1.8/gems/libv8-3.11.8.11/vendor/v8/src/bignum-dtoa.h
/home/graduate/.gem/ruby/1.8/gems/libv8-3.11.8.11/vendor/v8/src/bignum.cc
/home/graduate/.gem/ruby/1.8/gems/libv8-3.11.8.11/vendor/v8/src/bignum.h
/home/graduate/.gem/ruby/1.8/gems/libv8-3.11.8.11/vendor/v8/src/bootstrapper.cc
/home/graduate/.gem/ruby/1.8/gems/libv8-3.11.8.11/vendor/v8/src/bootstrapper.h
/home/graduate/.gem/ruby/1.8/gems/libv8-3.11.8.11/vendor/v8/src/builtins.cc
/home/graduate/.gem/ruby/1.8/gems/libv8-3.11.8.11/vendor/v8/src/builtins.h
/home/graduate/.gem/ruby/1.8/gems/libv8-3.11.8.11/vendor/v8/src/bytecodes-irregexp.h
/home/graduate/.gem/ruby/1.8/gems/libv8-3.11.8.11/vendor/v8/src/cached-powers.cc
/home/graduate/.gem/ruby/1.8/gems/libv8-3.11.8.11/vendor/v8/src/cached-powers.h
/home/graduate/.gem/ruby/1.8/gems/libv8-3.11.8.11/vendor/v8/src/char-predicates-inl.h
/home/graduate/.gem/ruby/1.8/gems/libv8-3.11.8.11/vendor/v8/src/char-predicates.h
/home/graduate/.gem/ruby/1.8/gems/libv8-3.11.8.11/vendor/v8/src/checks.cc
/home/graduate/.gem/ruby/1.8/gems/libv8-3.11.8.11/vendor/v8/src/checks.h
/home/graduate/.gem/ruby/1.8/gems/libv8-3.11.8.11/vendor/v8/src/circular-queue-inl.h
/home/graduate/.gem/ruby/1.8/gems/libv8-3.11.8.11/vendor/v8/src/circular-queue.cc
/home/graduate/.gem/ruby/1.8/gems/libv8-3.11.8.11/vendor/v8/src/circular-queue.h
/home/graduate/.gem/ruby/1.8/gems/libv8-3.11.8.11/vendor/v8/src/code-stubs.cc
/home/graduate/.gem/ruby/1.8/gems/libv8-3.11.8.11/vendor/v8/src/code-stubs.h
/home/graduate/.gem/ruby/1.8/gems/libv8-3.11.8.11/vendor/v8/src/code.h
/home/graduate/.gem/ruby/1.8/gems/libv8-3.11.8.11/vendor/v8/src/codegen.cc
/home/graduate/.gem/ruby/1.8/gems/libv8-3.11.8.11/vendor/v8/src/codegen.h
/home/graduate/.gem/ruby/1.8/gems/libv8-3.11.8.11/vendor/v8/src/collection.js
/home/graduate/.gem/ruby/1.8/gems/libv8-3.11.8.11/vendor/v8/src/compilation-cache.cc
/home/graduate/.gem/ruby/1.8/gems/libv8-3.11.8.11/vendor/v8/src/compilation-cache.h
/home/graduate/.gem/ruby/1.8/gems/libv8-3.11.8.11/vendor/v8/src/compiler-intrinsics.h
/home/graduate/.gem/ruby/1.8/gems/libv8-3.11.8.11/vendor/v8/src/compiler.cc
/home/graduate/.gem/ruby/1.8/gems/libv8-3.11.8.11/vendor/v8/src/compiler.h
/home/graduate/.gem/ruby/1.8/gems/libv8-3.11.8.11/vendor/v8/src/contexts.cc
/home/graduate/.gem/ruby/1.8/gems/libv8-3.11.8.11/vendor/v8/src/contexts.h
/home/graduate/.gem/ruby/1.8/gems/libv8-3.11.8.11/vendor/v8/src/conversions-inl.h
/home/graduate/.gem/ruby/1.8/gems/libv8-3.11.8.11/vendor/v8/src/conversions.cc
/home/graduate/.gem/ruby/1.8/gems/libv8-3.11.8.11/vendor/v8/src/conversions.h
/home/graduate/.gem/ruby/1.8/gems/libv8-3.11.8.11/vendor/v8/src/counters.cc
/home/graduate/.gem/ruby/1.8/gems/libv8-3.11.8.11/vendor/v8/src/counters.h
/home/graduate/.gem/ruby/1.8/gems/libv8-3.11.8.11/vendor/v8/src/cpu-profiler-inl.h
/home/graduate/.gem/ruby/1.8/gems/libv8-3.11.8.11/vendor/v8/src/cpu-profiler.cc
/home/graduate/.gem/ruby/1.8/gems/libv8-3.11.8.11/vendor/v8/src/cpu-profiler.h
/home/graduate/.gem/ruby/1.8/gems/libv8-3.11.8.11/vendor/v8/src/cpu.h
/home/graduate/.gem/ruby/1.8/gems/libv8-3.11.8.11/vendor/v8/src/d8-debug.cc
/home/graduate/.gem/ruby/1.8/gems/libv8-3.11.8.11/vendor/v8/src/d8-debug.h
/home/graduate/.gem/ruby/1.8/gems/libv8-3.11.8.11/vendor/v8/src/d8-posix.cc
/home/graduate/.gem/ruby/1.8/gems/libv8-3.11.8.11/vendor/v8/src/d8-readline.cc
/home/graduate/.gem/ruby/1.8/gems/libv8-3.11.8.11/vendor/v8/src/d8-windows.cc
/home/graduate/.gem/ruby/1.8/gems/libv8-3.11.8.11/vendor/v8/src/d8.cc
/home/graduate/.gem/ruby/1.8/gems/libv8-3.11.8.11/vendor/v8/src/d8.gyp
/home/graduate/.gem/ruby/1.8/gems/libv8-3.11.8.11/vendor/v8/src/d8.h
/home/graduate/.gem/ruby/1.8/gems/libv8-3.11.8.11/vendor/v8/src/d8.js
/home/graduate/.gem/ruby/1.8/gems/libv8-3.11.8.11/vendor/v8/src/data-flow.cc
/home/graduate/.gem/ruby/1.8/gems/libv8-3.11.8.11/vendor/v8/src/data-flow.h
/home/graduate/.gem/ruby/1.8/gems/libv8-3.11.8.11/vendor/v8/src/date.cc
/home/graduate/.gem/ruby/1.8/gems/libv8-3.11.8.11/vendor/v8/src/date.h
/home/graduate/.gem/ruby/1.8/gems/libv8-3.11.8.11/vendor/v8/src/date.js
/home/graduate/.gem/ruby/1.8/gems/libv8-3.11.8.11/vendor/v8/src/dateparser-inl.h
/home/graduate/.gem/ruby/1.8/gems/libv8-3.11.8.11/vendor/v8/src/dateparser.cc
/home/graduate/.gem/ruby/1.8/gems/libv8-3.11.8.11/vendor/v8/src/dateparser.h
/home/graduate/.gem/ruby/1.8/gems/libv8-3.11.8.11/vendor/v8/src/debug-agent.cc
/home/graduate/.gem/ruby/1.8/gems/libv8-3.11.8.11/vendor/v8/src/debug-agent.h
/home/graduate/.gem/ruby/1.8/gems/libv8-3.11.8.11/vendor/v8/src/debug-debugger.js
/home/graduate/.gem/ruby/1.8/gems/libv8-3.11.8.11/vendor/v8/src/debug.cc
/home/graduate/.gem/ruby/1.8/gems/libv8-3.11.8.11/vendor/v8/src/debug.h
/home/graduate/.gem/ruby/1.8/gems/libv8-3.11.8.11/vendor/v8/src/deoptimizer.cc
/home/graduate/.gem/ruby/1.8/gems/libv8-3.11.8.11/vendor/v8/src/deoptimizer.h
/home/graduate/.gem/ruby/1.8/gems/libv8-3.11.8.11/vendor/v8/src/disasm.h
/home/graduate/.gem/ruby/1.8/gems/libv8-3.11.8.11/vendor/v8/src/disassembler.cc
/home/graduate/.gem/ruby/1.8/gems/libv8-3.11.8.11/vendor/v8/src/disassembler.h
/home/graduate/.gem/ruby/1.8/gems/libv8-3.11.8.11/vendor/v8/src/diy-fp.cc
/home/graduate/.gem/ruby/1.8/gems/libv8-3.11.8.11/vendor/v8/src/diy-fp.h
/home/graduate/.gem/ruby/1.8/gems/libv8-3.11.8.11/vendor/v8/src/double.h
/home/graduate/.gem/ruby/1.8/gems/libv8-3.11.8.11/vendor/v8/src/dtoa.cc
/home/graduate/.gem/ruby/1.8/gems/libv8-3.11.8.11/vendor/v8/src/dtoa.h
/home/graduate/.gem/ruby/1.8/gems/libv8-3.11.8.11/vendor/v8/src/elements-kind.cc
/home/graduate/.gem/ruby/1.8/gems/libv8-3.11.8.11/vendor/v8/src/elements-kind.h
/home/graduate/.gem/ruby/1.8/gems/libv8-3.11.8.11/vendor/v8/src/elements.cc
/home/graduate/.gem/ruby/1.8/gems/libv8-3.11.8.11/vendor/v8/src/elements.h
/home/graduate/.gem/ruby/1.8/gems/libv8-3.11.8.11/vendor/v8/src/execution.cc
/home/graduate/.gem/ruby/1.8/gems/libv8-3.11.8.11/vendor/v8/src/execution.h
/home/graduate/.gem/ruby/1.8/gems/libv8-3.11.8.11/vendor/v8/src/extensions/externalize-string-extension.cc
/home/graduate/.gem/ruby/1.8/gems/libv8-3.11.8.11/vendor/v8/src/extensions/externalize-string-extension.h
/home/graduate/.gem/ruby/1.8/gems/libv8-3.11.8.11/vendor/v8/src/extensions/gc-extension.cc
/home/graduate/.gem/ruby/1.8/gems/libv8-3.11.8.11/vendor/v8/src/extensions/gc-extension.h
/home/graduate/.gem/ruby/1.8/gems/libv8-3.11.8.11/vendor/v8/src/factory.cc
/home/graduate/.gem/ruby/1.8/gems/libv8-3.11.8.11/vendor/v8/src/factory.h
/home/graduate/.gem/ruby/1.8/gems/libv8-3.11.8.11/vendor/v8/src/fast-dtoa.cc
/home/graduate/.gem/ruby/1.8/gems/libv8-3.11.8.11/vendor/v8/src/fast-dtoa.h
/home/graduate/.gem/ruby/1.8/gems/libv8-3.11.8.11/vendor/v8/src/fixed-dtoa.cc
/home/graduate/.gem/ruby/1.8/gems/libv8-3.11.8.11/vendor/v8/src/fixed-dtoa.h
/home/graduate/.gem/ruby/1.8/gems/libv8-3.11.8.11/vendor/v8/src/flag-definitions.h
/home/graduate/.gem/ruby/1.8/gems/libv8-3.11.8.11/vendor/v8/src/flags.cc
/home/graduate/.gem/ruby/1.8/gems/libv8-3.11.8.11/vendor/v8/src/flags.h
/home/graduate/.gem/ruby/1.8/gems/libv8-3.11.8.11/vendor/v8/src/frames-inl.h
/home/graduate/.gem/ruby/1.8/gems/libv8-3.11.8.11/vendor/v8/src/frames.cc
/home/graduate/.gem/ruby/1.8/gems/libv8-3.11.8.11/vendor/v8/src/frames.h
/home/graduate/.gem/ruby/1.8/gems/libv8-3.11.8.11/vendor/v8/src/full-codegen.cc
/home/graduate/.gem/ruby/1.8/gems/libv8-3.11.8.11/vendor/v8/src/full-codegen.h
/home/graduate/.gem/ruby/1.8/gems/libv8-3.11.8.11/vendor/v8/src/func-name-inferrer.cc
/home/graduate/.gem/ruby/1.8/gems/libv8-3.11.8.11/vendor/v8/src/func-name-inferrer.h
/home/graduate/.gem/ruby/1.8/gems/libv8-3.11.8.11/vendor/v8/src/gdb-jit.cc
/home/graduate/.gem/ruby/1.8/gems/libv8-3.11.8.11/vendor/v8/src/gdb-jit.h
/home/graduate/.gem/ruby/1.8/gems/libv8-3.11.8.11/vendor/v8/src/global-handles.cc
/home/graduate/.gem/ruby/1.8/gems/libv8-3.11.8.11/vendor/v8/src/global-handles.h
/home/graduate/.gem/ruby/1.8/gems/libv8-3.11.8.11/vendor/v8/src/globals.h
/home/graduate/.gem/ruby/1.8/gems/libv8-3.11.8.11/vendor/v8/src/handles-inl.h
/home/graduate/.gem/ruby/1.8/gems/libv8-3.11.8.11/vendor/v8/src/handles.cc
/home/graduate/.gem/ruby/1.8/gems/libv8-3.11.8.11/vendor/v8/src/handles.h
/home/graduate/.gem/ruby/1.8/gems/libv8-3.11.8.11/vendor/v8/src/hashmap.h
/home/graduate/.gem/ruby/1.8/gems/libv8-3.11.8.11/vendor/v8/src/heap-inl.h
/home/graduate/.gem/ruby/1.8/gems/libv8-3.11.8.11/vendor/v8/src/heap-profiler.cc
/home/graduate/.gem/ruby/1.8/gems/libv8-3.11.8.11/vendor/v8/src/heap-profiler.h
/home/graduate/.gem/ruby/1.8/gems/libv8-3.11.8.11/vendor/v8/src/heap.cc
/home/graduate/.gem/ruby/1.8/gems/libv8-3.11.8.11/vendor/v8/src/heap.h
/home/graduate/.gem/ruby/1.8/gems/libv8-3.11.8.11/vendor/v8/src/hydrogen-instructions.cc
/home/graduate/.gem/ruby/1.8/gems/libv8-3.11.8.11/vendor/v8/src/hydrogen-instructions.h
/home/graduate/.gem/ruby/1.8/gems/libv8-3.11.8.11/vendor/v8/src/hydrogen.cc
/home/graduate/.gem/ruby/1.8/gems/libv8-3.11.8.11/vendor/v8/src/hydrogen.h
/home/graduate/.gem/ruby/1.8/gems/libv8-3.11.8.11/vendor/v8/src/ia32/assembler-ia32-inl.h
/home/graduate/.gem/ruby/1.8/gems/libv8-3.11.8.11/vendor/v8/src/ia32/assembler-ia32.cc
/home/graduate/.gem/ruby/1.8/gems/libv8-3.11.8.11/vendor/v8/src/ia32/assembler-ia32.h
/home/graduate/.gem/ruby/1.8/gems/libv8-3.11.8.11/vendor/v8/src/ia32/builtins-ia32.cc
/home/graduate/.gem/ruby/1.8/gems/libv8-3.11.8.11/vendor/v8/src/ia32/code-stubs-ia32.cc
/home/graduate/.gem/ruby/1.8/gems/libv8-3.11.8.11/vendor/v8/src/ia32/code-stubs-ia32.h
/home/graduate/.gem/ruby/1.8/gems/libv8-3.11.8.11/vendor/v8/src/ia32/codegen-ia32.cc
/home/graduate/.gem/ruby/1.8/gems/libv8-3.11.8.11/vendor/v8/src/ia32/codegen-ia32.h
/home/graduate/.gem/ruby/1.8/gems/libv8-3.11.8.11/vendor/v8/src/ia32/cpu-ia32.cc
/home/graduate/.gem/ruby/1.8/gems/libv8-3.11.8.11/vendor/v8/src/ia32/debug-ia32.cc
/home/graduate/.gem/ruby/1.8/gems/libv8-3.11.8.11/vendor/v8/src/ia32/deoptimizer-ia32.cc
/home/graduate/.gem/ruby/1.8/gems/libv8-3.11.8.11/vendor/v8/src/ia32/disasm-ia32.cc
/home/graduate/.gem/ruby/1.8/gems/libv8-3.11.8.11/vendor/v8/src/ia32/frames-ia32.cc
/home/graduate/.gem/ruby/1.8/gems/libv8-3.11.8.11/vendor/v8/src/ia32/frames-ia32.h
/home/graduate/.gem/ruby/1.8/gems/libv8-3.11.8.11/vendor/v8/src/ia32/full-codegen-ia32.cc
/home/graduate/.gem/ruby/1.8/gems/libv8-3.11.8.11/vendor/v8/src/ia32/ic-ia32.cc
/home/graduate/.gem/ruby/1.8/gems/libv8-3.11.8.11/vendor/v8/src/ia32/lithium-codegen-ia32.cc
/home/graduate/.gem/ruby/1.8/gems/libv8-3.11.8.11/vendor/v8/src/ia32/lithium-codegen-ia32.h
/home/graduate/.gem/ruby/1.8/gems/libv8-3.11.8.11/vendor/v8/src/ia32/lithium-gap-resolver-ia32.cc
/home/graduate/.gem/ruby/1.8/gems/libv8-3.11.8.11/vendor/v8/src/ia32/lithium-gap-resolver-ia32.h
/home/graduate/.gem/ruby/1.8/gems/libv8-3.11.8.11/vendor/v8/src/ia32/lithium-ia32.cc
/home/graduate/.gem/ruby/1.8/gems/libv8-3.11.8.11/vendor/v8/src/ia32/lithium-ia32.h
/home/graduate/.gem/ruby/1.8/gems/libv8-3.11.8.11/vendor/v8/src/ia32/macro-assembler-ia32.cc
/home/graduate/.gem/ruby/1.8/gems/libv8-3.11.8.11/vendor/v8/src/ia32/macro-assembler-ia32.h
/home/graduate/.gem/ruby/1.8/gems/libv8-3.11.8.11/vendor/v8/src/ia32/regexp-macro-assembler-ia32.cc
/home/graduate/.gem/ruby/1.8/gems/libv8-3.11.8.11/vendor/v8/src/ia32/regexp-macro-assembler-ia32.h
/home/graduate/.gem/ruby/1.8/gems/libv8-3.11.8.11/vendor/v8/src/ia32/simulator-ia32.cc
/home/graduate/.gem/ruby/1.8/gems/libv8-3.11.8.11/vendor/v8/src/ia32/simulator-ia32.h
/home/graduate/.gem/ruby/1.8/gems/libv8-3.11.8.11/vendor/v8/src/ia32/stub-cache-ia32.cc
/home/graduate/.gem/ruby/1.8/gems/libv8-3.11.8.11/vendor/v8/src/ic-inl.h
/home/graduate/.gem/ruby/1.8/gems/libv8-3.11.8.11/vendor/v8/src/ic.cc
/home/graduate/.gem/ruby/1.8/gems/libv8-3.11.8.11/vendor/v8/src/ic.h
/home/graduate/.gem/ruby/1.8/gems/libv8-3.11.8.11/vendor/v8/src/incremental-marking-inl.h
/home/graduate/.gem/ruby/1.8/gems/libv8-3.11.8.11/vendor/v8/src/incremental-marking.cc
/home/graduate/.gem/ruby/1.8/gems/libv8-3.11.8.11/vendor/v8/src/incremental-marking.h
/home/graduate/.gem/ruby/1.8/gems/libv8-3.11.8.11/vendor/v8/src/inspector.cc
/home/graduate/.gem/ruby/1.8/gems/libv8-3.11.8.11/vendor/v8/src/inspector.h
/home/graduate/.gem/ruby/1.8/gems/libv8-3.11.8.11/vendor/v8/src/interface.cc
/home/graduate/.gem/ruby/1.8/gems/libv8-3.11.8.11/vendor/v8/src/interface.h
/home/graduate/.gem/ruby/1.8/gems/libv8-3.11.8.11/vendor/v8/src/interpreter-irregexp.cc
/home/graduate/.gem/ruby/1.8/gems/libv8-3.11.8.11/vendor/v8/src/interpreter-irregexp.h
/home/graduate/.gem/ruby/1.8/gems/libv8-3.11.8.11/vendor/v8/src/isolate-inl.h
/home/graduate/.gem/ruby/1.8/gems/libv8-3.11.8.11/vendor/v8/src/isolate.cc
/home/graduate/.gem/ruby/1.8/gems/libv8-3.11.8.11/vendor/v8/src/isolate.h
/home/graduate/.gem/ruby/1.8/gems/libv8-3.11.8.11/vendor/v8/src/json-parser.h
/home/graduate/.gem/ruby/1.8/gems/libv8-3.11.8.11/vendor/v8/src/json.js
/home/graduate/.gem/ruby/1.8/gems/libv8-3.11.8.11/vendor/v8/src/jsregexp.cc
/home/graduate/.gem/ruby/1.8/gems/libv8-3.11.8.11/vendor/v8/src/jsregexp.h
/home/graduate/.gem/ruby/1.8/gems/libv8-3.11.8.11/vendor/v8/src/lazy-instance.h
/home/graduate/.gem/ruby/1.8/gems/libv8-3.11.8.11/vendor/v8/src/list-inl.h
/home/graduate/.gem/ruby/1.8/gems/libv8-3.11.8.11/vendor/v8/src/list.h
/home/graduate/.gem/ruby/1.8/gems/libv8-3.11.8.11/vendor/v8/src/lithium-allocator-inl.h
/home/graduate/.gem/ruby/1.8/gems/libv8-3.11.8.11/vendor/v8/src/lithium-allocator.cc
/home/graduate/.gem/ruby/1.8/gems/libv8-3.11.8.11/vendor/v8/src/lithium-allocator.h
/home/graduate/.gem/ruby/1.8/gems/libv8-3.11.8.11/vendor/v8/src/lithium.cc
/home/graduate/.gem/ruby/1.8/gems/libv8-3.11.8.11/vendor/v8/src/lithium.h
/home/graduate/.gem/ruby/1.8/gems/libv8-3.11.8.11/vendor/v8/src/liveedit-debugger.js
/home/graduate/.gem/ruby/1.8/gems/libv8-3.11.8.11/vendor/v8/src/liveedit.cc
/home/graduate/.gem/ruby/1.8/gems/libv8-3.11.8.11/vendor/v8/src/liveedit.h
/home/graduate/.gem/ruby/1.8/gems/libv8-3.11.8.11/vendor/v8/src/liveobjectlist-inl.h
/home/graduate/.gem/ruby/1.8/gems/libv8-3.11.8.11/vendor/v8/src/liveobjectlist.cc
/home/graduate/.gem/ruby/1.8/gems/libv8-3.11.8.11/vendor/v8/src/liveobjectlist.h
/home/graduate/.gem/ruby/1.8/gems/libv8-3.11.8.11/vendor/v8/src/log-inl.h
/home/graduate/.gem/ruby/1.8/gems/libv8-3.11.8.11/vendor/v8/src/log-utils.cc
/home/graduate/.gem/ruby/1.8/gems/libv8-3.11.8.11/vendor/v8/src/log-utils.h
/home/graduate/.gem/ruby/1.8/gems/libv8-3.11.8.11/vendor/v8/src/log.cc
/home/graduate/.gem/ruby/1.8/gems/libv8-3.11.8.11/vendor/v8/src/log.h
/home/graduate/.gem/ruby/1.8/gems/libv8-3.11.8.11/vendor/v8/src/macro-assembler.h
/home/graduate/.gem/ruby/1.8/gems/libv8-3.11.8.11/vendor/v8/src/macros.py
/home/graduate/.gem/ruby/1.8/gems/libv8-3.11.8.11/vendor/v8/src/mark-compact-inl.h
/home/graduate/.gem/ruby/1.8/gems/libv8-3.11.8.11/vendor/v8/src/mark-compact.cc
/home/graduate/.gem/ruby/1.8/gems/libv8-3.11.8.11/vendor/v8/src/mark-compact.h
/home/graduate/.gem/ruby/1.8/gems/libv8-3.11.8.11/vendor/v8/src/math.js
/home/graduate/.gem/ruby/1.8/gems/libv8-3.11.8.11/vendor/v8/src/messages.cc
/home/graduate/.gem/ruby/1.8/gems/libv8-3.11.8.11/vendor/v8/src/messages.h
/home/graduate/.gem/ruby/1.8/gems/libv8-3.11.8.11/vendor/v8/src/messages.js
/home/graduate/.gem/ruby/1.8/gems/libv8-3.11.8.11/vendor/v8/src/mips/assembler-mips-inl.h
/home/graduate/.gem/ruby/1.8/gems/libv8-3.11.8.11/vendor/v8/src/mips/assembler-mips.cc
/home/graduate/.gem/ruby/1.8/gems/libv8-3.11.8.11/vendor/v8/src/mips/assembler-mips.h
/home/graduate/.gem/ruby/1.8/gems/libv8-3.11.8.11/vendor/v8/src/mips/builtins-mips.cc
/home/graduate/.gem/ruby/1.8/gems/libv8-3.11.8.11/vendor/v8/src/mips/code-stubs-mips.cc
/home/graduate/.gem/ruby/1.8/gems/libv8-3.11.8.11/vendor/v8/src/mips/code-stubs-mips.h
/home/graduate/.gem/ruby/1.8/gems/libv8-3.11.8.11/vendor/v8/src/mips/codegen-mips.cc
/home/graduate/.gem/ruby/1.8/gems/libv8-3.11.8.11/vendor/v8/src/mips/codegen-mips.h
/home/graduate/.gem/ruby/1.8/gems/libv8-3.11.8.11/vendor/v8/src/mips/constants-mips.cc
/home/graduate/.gem/ruby/1.8/gems/libv8-3.11.8.11/vendor/v8/src/mips/constants-mips.h
/home/graduate/.gem/ruby/1.8/gems/libv8-3.11.8.11/vendor/v8/src/mips/cpu-mips.cc
/home/graduate/.gem/ruby/1.8/gems/libv8-3.11.8.11/vendor/v8/src/mips/debug-mips.cc
/home/graduate/.gem/ruby/1.8/gems/libv8-3.11.8.11/vendor/v8/src/mips/deoptimizer-mips.cc
/home/graduate/.gem/ruby/1.8/gems/libv8-3.11.8.11/vendor/v8/src/mips/disasm-mips.cc
/home/graduate/.gem/ruby/1.8/gems/libv8-3.11.8.11/vendor/v8/src/mips/frames-mips.cc
/home/graduate/.gem/ruby/1.8/gems/libv8-3.11.8.11/vendor/v8/src/mips/frames-mips.h
/home/graduate/.gem/ruby/1.8/gems/libv8-3.11.8.11/vendor/v8/src/mips/full-codegen-mips.cc
/home/graduate/.gem/ruby/1.8/gems/libv8-3.11.8.11/vendor/v8/src/mips/ic-mips.cc
/home/graduate/.gem/ruby/1.8/gems/libv8-3.11.8.11/vendor/v8/src/mips/lithium-codegen-mips.cc
/home/graduate/.gem/ruby/1.8/gems/libv8-3.11.8.11/vendor/v8/src/mips/lithium-codegen-mips.h
/home/graduate/.gem/ruby/1.8/gems/libv8-3.11.8.11/vendor/v8/src/mips/lithium-gap-resolver-mips.cc
/home/graduate/.gem/ruby/1.8/gems/libv8-3.11.8.11/vendor/v8/src/mips/lithium-gap-resolver-mips.h
/home/graduate/.gem/ruby/1.8/gems/libv8-3.11.8.11/vendor/v8/src/mips/lithium-mips.cc
/home/graduate/.gem/ruby/1.8/gems/libv8-3.11.8.11/vendor/v8/src/mips/lithium-mips.h
/home/graduate/.gem/ruby/1.8/gems/libv8-3.11.8.11/vendor/v8/src/mips/macro-assembler-mips.cc
/home/graduate/.gem/ruby/1.8/gems/libv8-3.11.8.11/vendor/v8/src/mips/macro-assembler-mips.h
/home/graduate/.gem/ruby/1.8/gems/libv8-3.11.8.11/vendor/v8/src/mips/regexp-macro-assembler-mips.cc
/home/graduate/.gem/ruby/1.8/gems/libv8-3.11.8.11/vendor/v8/src/mips/regexp-macro-assembler-mips.h
/home/graduate/.gem/ruby/1.8/gems/libv8-3.11.8.11/vendor/v8/src/mips/simulator-mips.cc
/home/graduate/.gem/ruby/1.8/gems/libv8-3.11.8.11/vendor/v8/src/mips/simulator-mips.h
/home/graduate/.gem/ruby/1.8/gems/libv8-3.11.8.11/vendor/v8/src/mips/stub-cache-mips.cc
/home/graduate/.gem/ruby/1.8/gems/libv8-3.11.8.11/vendor/v8/src/mirror-debugger.js
/home/graduate/.gem/ruby/1.8/gems/libv8-3.11.8.11/vendor/v8/src/misc-intrinsics.h
/home/graduate/.gem/ruby/1.8/gems/libv8-3.11.8.11/vendor/v8/src/mksnapshot.cc
/home/graduate/.gem/ruby/1.8/gems/libv8-3.11.8.11/vendor/v8/src/natives.h
/home/graduate/.gem/ruby/1.8/gems/libv8-3.11.8.11/vendor/v8/src/objects-debug.cc
/home/graduate/.gem/ruby/1.8/gems/libv8-3.11.8.11/vendor/v8/src/objects-inl.h
/home/graduate/.gem/ruby/1.8/gems/libv8-3.11.8.11/vendor/v8/src/objects-printer.cc
/home/graduate/.gem/ruby/1.8/gems/libv8-3.11.8.11/vendor/v8/src/objects-visiting-inl.h
/home/graduate/.gem/ruby/1.8/gems/libv8-3.11.8.11/vendor/v8/src/objects-visiting.cc
/home/graduate/.gem/ruby/1.8/gems/libv8-3.11.8.11/vendor/v8/src/objects-visiting.h
/home/graduate/.gem/ruby/1.8/gems/libv8-3.11.8.11/vendor/v8/src/objects.cc
/home/graduate/.gem/ruby/1.8/gems/libv8-3.11.8.11/vendor/v8/src/objects.h
/home/graduate/.gem/ruby/1.8/gems/libv8-3.11.8.11/vendor/v8/src/once.cc
/home/graduate/.gem/ruby/1.8/gems/libv8-3.11.8.11/vendor/v8/src/once.h
/home/graduate/.gem/ruby/1.8/gems/libv8-3.11.8.11/vendor/v8/src/parser.cc
/home/graduate/.gem/ruby/1.8/gems/libv8-3.11.8.11/vendor/v8/src/parser.h
/home/graduate/.gem/ruby/1.8/gems/libv8-3.11.8.11/vendor/v8/src/platform-cygwin.cc
/home/graduate/.gem/ruby/1.8/gems/libv8-3.11.8.11/vendor/v8/src/platform-freebsd.cc
/home/graduate/.gem/ruby/1.8/gems/libv8-3.11.8.11/vendor/v8/src/platform-linux.cc
/home/graduate/.gem/ruby/1.8/gems/libv8-3.11.8.11/vendor/v8/src/platform-macos.cc
/home/graduate/.gem/ruby/1.8/gems/libv8-3.11.8.11/vendor/v8/src/platform-nullos.cc
/home/graduate/.gem/ruby/1.8/gems/libv8-3.11.8.11/vendor/v8/src/platform-openbsd.cc
/home/graduate/.gem/ruby/1.8/gems/libv8-3.11.8.11/vendor/v8/src/platform-posix.cc
/home/graduate/.gem/ruby/1.8/gems/libv8-3.11.8.11/vendor/v8/src/platform-posix.h
/home/graduate/.gem/ruby/1.8/gems/libv8-3.11.8.11/vendor/v8/src/platform-solaris.cc
/home/graduate/.gem/ruby/1.8/gems/libv8-3.11.8.11/vendor/v8/src/platform-tls-mac.h
/home/graduate/.gem/ruby/1.8/gems/libv8-3.11.8.11/vendor/v8/src/platform-tls-win32.h
/home/graduate/.gem/ruby/1.8/gems/libv8-3.11.8.11/vendor/v8/src/platform-tls.h
/home/graduate/.gem/ruby/1.8/gems/libv8-3.11.8.11/vendor/v8/src/platform-win32.cc
/home/graduate/.gem/ruby/1.8/gems/libv8-3.11.8.11/vendor/v8/src/platform.h
/home/graduate/.gem/ruby/1.8/gems/libv8-3.11.8.11/vendor/v8/src/preparse-data-format.h
/home/graduate/.gem/ruby/1.8/gems/libv8-3.11.8.11/vendor/v8/src/preparse-data.cc
/home/graduate/.gem/ruby/1.8/gems/libv8-3.11.8.11/vendor/v8/src/preparse-data.h
/home/graduate/.gem/ruby/1.8/gems/libv8-3.11.8.11/vendor/v8/src/preparser-api.cc
/home/graduate/.gem/ruby/1.8/gems/libv8-3.11.8.11/vendor/v8/src/preparser.cc
/home/graduate/.gem/ruby/1.8/gems/libv8-3.11.8.11/vendor/v8/src/preparser.h
/home/graduate/.gem/ruby/1.8/gems/libv8-3.11.8.11/vendor/v8/src/prettyprinter.cc
/home/graduate/.gem/ruby/1.8/gems/libv8-3.11.8.11/vendor/v8/src/prettyprinter.h
/home/graduate/.gem/ruby/1.8/gems/libv8-3.11.8.11/vendor/v8/src/profile-generator-inl.h
/home/graduate/.gem/ruby/1.8/gems/libv8-3.11.8.11/vendor/v8/src/profile-generator.cc
/home/graduate/.gem/ruby/1.8/gems/libv8-3.11.8.11/vendor/v8/src/profile-generator.h
/home/graduate/.gem/ruby/1.8/gems/libv8-3.11.8.11/vendor/v8/src/property-details.h
/home/graduate/.gem/ruby/1.8/gems/libv8-3.11.8.11/vendor/v8/src/property.cc
/home/graduate/.gem/ruby/1.8/gems/libv8-3.11.8.11/vendor/v8/src/property.h
/home/graduate/.gem/ruby/1.8/gems/libv8-3.11.8.11/vendor/v8/src/proxy.js
/home/graduate/.gem/ruby/1.8/gems/libv8-3.11.8.11/vendor/v8/src/regexp-macro-assembler-irregexp-inl.h
/home/graduate/.gem/ruby/1.8/gems/libv8-3.11.8.11/vendor/v8/src/regexp-macro-assembler-irregexp.cc
/home/graduate/.gem/ruby/1.8/gems/libv8-3.11.8.11/vendor/v8/src/regexp-macro-assembler-irregexp.h
/home/graduate/.gem/ruby/1.8/gems/libv8-3.11.8.11/vendor/v8/src/regexp-macro-assembler-tracer.cc
/home/graduate/.gem/ruby/1.8/gems/libv8-3.11.8.11/vendor/v8/src/regexp-macro-assembler-tracer.h
/home/graduate/.gem/ruby/1.8/gems/libv8-3.11.8.11/vendor/v8/src/regexp-macro-assembler.cc
/home/graduate/.gem/ruby/1.8/gems/libv8-3.11.8.11/vendor/v8/src/regexp-macro-assembler.h
/home/graduate/.gem/ruby/1.8/gems/libv8-3.11.8.11/vendor/v8/src/regexp-stack.cc
/home/graduate/.gem/ruby/1.8/gems/libv8-3.11.8.11/vendor/v8/src/regexp-stack.h
/home/graduate/.gem/ruby/1.8/gems/libv8-3.11.8.11/vendor/v8/src/regexp.js
/home/graduate/.gem/ruby/1.8/gems/libv8-3.11.8.11/vendor/v8/src/rewriter.cc
/home/graduate/.gem/ruby/1.8/gems/libv8-3.11.8.11/vendor/v8/src/rewriter.h
/home/graduate/.gem/ruby/1.8/gems/libv8-3.11.8.11/vendor/v8/src/runtime-profiler.cc
/home/graduate/.gem/ruby/1.8/gems/libv8-3.11.8.11/vendor/v8/src/runtime-profiler.h
/home/graduate/.gem/ruby/1.8/gems/libv8-3.11.8.11/vendor/v8/src/runtime.cc
/home/graduate/.gem/ruby/1.8/gems/libv8-3.11.8.11/vendor/v8/src/runtime.h
/home/graduate/.gem/ruby/1.8/gems/libv8-3.11.8.11/vendor/v8/src/runtime.js
/home/graduate/.gem/ruby/1.8/gems/libv8-3.11.8.11/vendor/v8/src/safepoint-table.cc
/home/graduate/.gem/ruby/1.8/gems/libv8-3.11.8.11/vendor/v8/src/safepoint-table.h
/home/graduate/.gem/ruby/1.8/gems/libv8-3.11.8.11/vendor/v8/src/scanner-character-streams.cc
/home/graduate/.gem/ruby/1.8/gems/libv8-3.11.8.11/vendor/v8/src/scanner-character-streams.h
/home/graduate/.gem/ruby/1.8/gems/libv8-3.11.8.11/vendor/v8/src/scanner.cc
/home/graduate/.gem/ruby/1.8/gems/libv8-3.11.8.11/vendor/v8/src/scanner.h
/home/graduate/.gem/ruby/1.8/gems/libv8-3.11.8.11/vendor/v8/src/scopeinfo.cc
/home/graduate/.gem/ruby/1.8/gems/libv8-3.11.8.11/vendor/v8/src/scopeinfo.h
/home/graduate/.gem/ruby/1.8/gems/libv8-3.11.8.11/vendor/v8/src/scopes.cc
/home/graduate/.gem/ruby/1.8/gems/libv8-3.11.8.11/vendor/v8/src/scopes.h
/home/graduate/.gem/ruby/1.8/gems/libv8-3.11.8.11/vendor/v8/src/serialize.cc
/home/graduate/.gem/ruby/1.8/gems/libv8-3.11.8.11/vendor/v8/src/serialize.h
/home/graduate/.gem/ruby/1.8/gems/libv8-3.11.8.11/vendor/v8/src/simulator.h
/home/graduate/.gem/ruby/1.8/gems/libv8-3.11.8.11/vendor/v8/src/small-pointer-list.h
/home/graduate/.gem/ruby/1.8/gems/libv8-3.11.8.11/vendor/v8/src/smart-array-pointer.h
/home/graduate/.gem/ruby/1.8/gems/libv8-3.11.8.11/vendor/v8/src/snapshot-common.cc
/home/graduate/.gem/ruby/1.8/gems/libv8-3.11.8.11/vendor/v8/src/snapshot-empty.cc
/home/graduate/.gem/ruby/1.8/gems/libv8-3.11.8.11/vendor/v8/src/snapshot.h
/home/graduate/.gem/ruby/1.8/gems/libv8-3.11.8.11/vendor/v8/src/spaces-inl.h
/home/graduate/.gem/ruby/1.8/gems/libv8-3.11.8.11/vendor/v8/src/spaces.cc
/home/graduate/.gem/ruby/1.8/gems/libv8-3.11.8.11/vendor/v8/src/spaces.h
/home/graduate/.gem/ruby/1.8/gems/libv8-3.11.8.11/vendor/v8/src/splay-tree-inl.h
/home/graduate/.gem/ruby/1.8/gems/libv8-3.11.8.11/vendor/v8/src/splay-tree.h
/home/graduate/.gem/ruby/1.8/gems/libv8-3.11.8.11/vendor/v8/src/store-buffer-inl.h
/home/graduate/.gem/ruby/1.8/gems/libv8-3.11.8.11/vendor/v8/src/store-buffer.cc
/home/graduate/.gem/ruby/1.8/gems/libv8-3.11.8.11/vendor/v8/src/store-buffer.h
/home/graduate/.gem/ruby/1.8/gems/libv8-3.11.8.11/vendor/v8/src/string-search.cc
/home/graduate/.gem/ruby/1.8/gems/libv8-3.11.8.11/vendor/v8/src/string-search.h
/home/graduate/.gem/ruby/1.8/gems/libv8-3.11.8.11/vendor/v8/src/string-stream.cc
/home/graduate/.gem/ruby/1.8/gems/libv8-3.11.8.11/vendor/v8/src/string-stream.h
/home/graduate/.gem/ruby/1.8/gems/libv8-3.11.8.11/vendor/v8/src/string.js
/home/graduate/.gem/ruby/1.8/gems/libv8-3.11.8.11/vendor/v8/src/strtod.cc
/home/graduate/.gem/ruby/1.8/gems/libv8-3.11.8.11/vendor/v8/src/strtod.h
/home/graduate/.gem/ruby/1.8/gems/libv8-3.11.8.11/vendor/v8/src/stub-cache.cc
/home/graduate/.gem/ruby/1.8/gems/libv8-3.11.8.11/vendor/v8/src/stub-cache.h
/home/graduate/.gem/ruby/1.8/gems/libv8-3.11.8.11/vendor/v8/src/third_party/valgrind/valgrind.h
/home/graduate/.gem/ruby/1.8/gems/libv8-3.11.8.11/vendor/v8/src/token.cc
/home/graduate/.gem/ruby/1.8/gems/libv8-3.11.8.11/vendor/v8/src/token.h
/home/graduate/.gem/ruby/1.8/gems/libv8-3.11.8.11/vendor/v8/src/type-info.cc
/home/graduate/.gem/ruby/1.8/gems/libv8-3.11.8.11/vendor/v8/src/type-info.h
/home/graduate/.gem/ruby/1.8/gems/libv8-3.11.8.11/vendor/v8/src/unbound-queue-inl.h
/home/graduate/.gem/ruby/1.8/gems/libv8-3.11.8.11/vendor/v8/src/unbound-queue.h
/home/graduate/.gem/ruby/1.8/gems/libv8-3.11.8.11/vendor/v8/src/unicode-inl.h
/home/graduate/.gem/ruby/1.8/gems/libv8-3.11.8.11/vendor/v8/src/unicode.cc
/home/graduate/.gem/ruby/1.8/gems/libv8-3.11.8.11/vendor/v8/src/unicode.h
/home/graduate/.gem/ruby/1.8/gems/libv8-3.11.8.11/vendor/v8/src/uri.js
/home/graduate/.gem/ruby/1.8/gems/libv8-3.11.8.11/vendor/v8/src/utils-inl.h
/home/graduate/.gem/ruby/1.8/gems/libv8-3.11.8.11/vendor/v8/src/utils.cc
/home/graduate/.gem/ruby/1.8/gems/libv8-3.11.8.11/vendor/v8/src/utils.h
/home/graduate/.gem/ruby/1.8/gems/libv8-3.11.8.11/vendor/v8/src/v8-counters.cc
/home/graduate/.gem/ruby/1.8/gems/libv8-3.11.8.11/vendor/v8/src/v8-counters.h
/home/graduate/.gem/ruby/1.8/gems/libv8-3.11.8.11/vendor/v8/src/v8.cc
/home/graduate/.gem/ruby/1.8/gems/libv8-3.11.8.11/vendor/v8/src/v8.h
/home/graduate/.gem/ruby/1.8/gems/libv8-3.11.8.11/vendor/v8/src/v8checks.h
/home/graduate/.gem/ruby/1.8/gems/libv8-3.11.8.11/vendor/v8/src/v8conversions.cc
/home/graduate/.gem/ruby/1.8/gems/libv8-3.11.8.11/vendor/v8/src/v8conversions.h
/home/graduate/.gem/ruby/1.8/gems/libv8-3.11.8.11/vendor/v8/src/v8dll-main.cc
/home/graduate/.gem/ruby/1.8/gems/libv8-3.11.8.11/vendor/v8/src/v8globals.h
/home/graduate/.gem/ruby/1.8/gems/libv8-3.11.8.11/vendor/v8/src/v8memory.h
/home/graduate/.gem/ruby/1.8/gems/libv8-3.11.8.11/vendor/v8/src/v8natives.js
/home/graduate/.gem/ruby/1.8/gems/libv8-3.11.8.11/vendor/v8/src/v8preparserdll-main.cc
/home/graduate/.gem/ruby/1.8/gems/libv8-3.11.8.11/vendor/v8/src/v8threads.cc
/home/graduate/.gem/ruby/1.8/gems/libv8-3.11.8.11/vendor/v8/src/v8threads.h
/home/graduate/.gem/ruby/1.8/gems/libv8-3.11.8.11/vendor/v8/src/v8utils.cc
/home/graduate/.gem/ruby/1.8/gems/libv8-3.11.8.11/vendor/v8/src/v8utils.h
/home/graduate/.gem/ruby/1.8/gems/libv8-3.11.8.11/vendor/v8/src/variables.cc
/home/graduate/.gem/ruby/1.8/gems/libv8-3.11.8.11/vendor/v8/src/variables.h
/home/graduate/.gem/ruby/1.8/gems/libv8-3.11.8.11/vendor/v8/src/version.cc
/home/graduate/.gem/ruby/1.8/gems/libv8-3.11.8.11/vendor/v8/src/version.h
/home/graduate/.gem/ruby/1.8/gems/libv8-3.11.8.11/vendor/v8/src/vm-state-inl.h
/home/graduate/.gem/ruby/1.8/gems/libv8-3.11.8.11/vendor/v8/src/vm-state.h
/home/graduate/.gem/ruby/1.8/gems/libv8-3.11.8.11/vendor/v8/src/win32-headers.h
/home/graduate/.gem/ruby/1.8/gems/libv8-3.11.8.11/vendor/v8/src/win32-math.cc
/home/graduate/.gem/ruby/1.8/gems/libv8-3.11.8.11/vendor/v8/src/win32-math.h
/home/graduate/.gem/ruby/1.8/gems/libv8-3.11.8.11/vendor/v8/src/x64/assembler-x64-inl.h
/home/graduate/.gem/ruby/1.8/gems/libv8-3.11.8.11/vendor/v8/src/x64/assembler-x64.cc
/home/graduate/.gem/ruby/1.8/gems/libv8-3.11.8.11/vendor/v8/src/x64/assembler-x64.h
/home/graduate/.gem/ruby/1.8/gems/libv8-3.11.8.11/vendor/v8/src/x64/builtins-x64.cc
/home/graduate/.gem/ruby/1.8/gems/libv8-3.11.8.11/vendor/v8/src/x64/code-stubs-x64.cc
/home/graduate/.gem/ruby/1.8/gems/libv8-3.11.8.11/vendor/v8/src/x64/code-stubs-x64.h
/home/graduate/.gem/ruby/1.8/gems/libv8-3.11.8.11/vendor/v8/src/x64/codegen-x64.cc
/home/graduate/.gem/ruby/1.8/gems/libv8-3.11.8.11/vendor/v8/src/x64/codegen-x64.h
/home/graduate/.gem/ruby/1.8/gems/libv8-3.11.8.11/vendor/v8/src/x64/cpu-x64.cc
/home/graduate/.gem/ruby/1.8/gems/libv8-3.11.8.11/vendor/v8/src/x64/debug-x64.cc
/home/graduate/.gem/ruby/1.8/gems/libv8-3.11.8.11/vendor/v8/src/x64/deoptimizer-x64.cc
/home/graduate/.gem/ruby/1.8/gems/libv8-3.11.8.11/vendor/v8/src/x64/disasm-x64.cc
/home/graduate/.gem/ruby/1.8/gems/libv8-3.11.8.11/vendor/v8/src/x64/frames-x64.cc
/home/graduate/.gem/ruby/1.8/gems/libv8-3.11.8.11/vendor/v8/src/x64/frames-x64.h
/home/graduate/.gem/ruby/1.8/gems/libv8-3.11.8.11/vendor/v8/src/x64/full-codegen-x64.cc
/home/graduate/.gem/ruby/1.8/gems/libv8-3.11.8.11/vendor/v8/src/x64/ic-x64.cc
/home/graduate/.gem/ruby/1.8/gems/libv8-3.11.8.11/vendor/v8/src/x64/lithium-codegen-x64.cc
/home/graduate/.gem/ruby/1.8/gems/libv8-3.11.8.11/vendor/v8/src/x64/lithium-codegen-x64.h
/home/graduate/.gem/ruby/1.8/gems/libv8-3.11.8.11/vendor/v8/src/x64/lithium-gap-resolver-x64.cc
/home/graduate/.gem/ruby/1.8/gems/libv8-3.11.8.11/vendor/v8/src/x64/lithium-gap-resolver-x64.h
/home/graduate/.gem/ruby/1.8/gems/libv8-3.11.8.11/vendor/v8/src/x64/lithium-x64.cc
/home/graduate/.gem/ruby/1.8/gems/libv8-3.11.8.11/vendor/v8/src/x64/lithium-x64.h
/home/graduate/.gem/ruby/1.8/gems/libv8-3.11.8.11/vendor/v8/src/x64/macro-assembler-x64.cc
/home/graduate/.gem/ruby/1.8/gems/libv8-3.11.8.11/vendor/v8/src/x64/macro-assembler-x64.h
/home/graduate/.gem/ruby/1.8/gems/libv8-3.11.8.11/vendor/v8/src/x64/regexp-macro-assembler-x64.cc
/home/graduate/.gem/ruby/1.8/gems/libv8-3.11.8.11/vendor/v8/src/x64/regexp-macro-assembler-x64.h
/home/graduate/.gem/ruby/1.8/gems/libv8-3.11.8.11/vendor/v8/src/x64/simulator-x64.cc
/home/graduate/.gem/ruby/1.8/gems/libv8-3.11.8.11/vendor/v8/src/x64/simulator-x64.h
/home/graduate/.gem/ruby/1.8/gems/libv8-3.11.8.11/vendor/v8/src/x64/stub-cache-x64.cc
/home/graduate/.gem/ruby/1.8/gems/libv8-3.11.8.11/vendor/v8/src/zone-inl.h
/home/graduate/.gem/ruby/1.8/gems/libv8-3.11.8.11/vendor/v8/src/zone.cc
/home/graduate/.gem/ruby/1.8/gems/libv8-3.11.8.11/vendor/v8/src/zone.h
/home/graduate/.gem/ruby/1.8/gems/libv8-3.11.8.11/vendor/v8/test/benchmarks/testcfg.py
/home/graduate/.gem/ruby/1.8/gems/libv8-3.11.8.11/vendor/v8/test/cctest/SConscript
/home/graduate/.gem/ruby/1.8/gems/libv8-3.11.8.11/vendor/v8/test/cctest/cctest.cc
/home/graduate/.gem/ruby/1.8/gems/libv8-3.11.8.11/vendor/v8/test/cctest/cctest.gyp
/home/graduate/.gem/ruby/1.8/gems/libv8-3.11.8.11/vendor/v8/test/cctest/cctest.h
/home/graduate/.gem/ruby/1.8/gems/libv8-3.11.8.11/vendor/v8/test/cctest/cctest.status
/home/graduate/.gem/ruby/1.8/gems/libv8-3.11.8.11/vendor/v8/test/cctest/gay-fixed.cc
/home/graduate/.gem/ruby/1.8/gems/libv8-3.11.8.11/vendor/v8/test/cctest/gay-fixed.h
/home/graduate/.gem/ruby/1.8/gems/libv8-3.11.8.11/vendor/v8/test/cctest/gay-precision.cc
/home/graduate/.gem/ruby/1.8/gems/libv8-3.11.8.11/vendor/v8/test/cctest/gay-precision.h
/home/graduate/.gem/ruby/1.8/gems/libv8-3.11.8.11/vendor/v8/test/cctest/gay-shortest.cc
/home/graduate/.gem/ruby/1.8/gems/libv8-3.11.8.11/vendor/v8/test/cctest/gay-shortest.h
/home/graduate/.gem/ruby/1.8/gems/libv8-3.11.8.11/vendor/v8/test/cctest/log-eq-of-logging-and-traversal.js
/home/graduate/.gem/ruby/1.8/gems/libv8-3.11.8.11/vendor/v8/test/cctest/test-accessors.cc
/home/graduate/.gem/ruby/1.8/gems/libv8-3.11.8.11/vendor/v8/test/cctest/test-alloc.cc
/home/graduate/.gem/ruby/1.8/gems/libv8-3.11.8.11/vendor/v8/test/cctest/test-api.cc
/home/graduate/.gem/ruby/1.8/gems/libv8-3.11.8.11/vendor/v8/test/cctest/test-assembler-arm.cc
/home/graduate/.gem/ruby/1.8/gems/libv8-3.11.8.11/vendor/v8/test/cctest/test-assembler-ia32.cc
/home/graduate/.gem/ruby/1.8/gems/libv8-3.11.8.11/vendor/v8/test/cctest/test-assembler-mips.cc
/home/graduate/.gem/ruby/1.8/gems/libv8-3.11.8.11/vendor/v8/test/cctest/test-assembler-x64.cc
/home/graduate/.gem/ruby/1.8/gems/libv8-3.11.8.11/vendor/v8/test/cctest/test-ast.cc
/home/graduate/.gem/ruby/1.8/gems/libv8-3.11.8.11/vendor/v8/test/cctest/test-bignum-dtoa.cc
/home/graduate/.gem/ruby/1.8/gems/libv8-3.11.8.11/vendor/v8/test/cctest/test-bignum.cc
/home/graduate/.gem/ruby/1.8/gems/libv8-3.11.8.11/vendor/v8/test/cctest/test-circular-queue.cc
/home/graduate/.gem/ruby/1.8/gems/libv8-3.11.8.11/vendor/v8/test/cctest/test-compiler.cc
/home/graduate/.gem/ruby/1.8/gems/libv8-3.11.8.11/vendor/v8/test/cctest/test-conversions.cc
/home/graduate/.gem/ruby/1.8/gems/libv8-3.11.8.11/vendor/v8/test/cctest/test-cpu-profiler.cc
/home/graduate/.gem/ruby/1.8/gems/libv8-3.11.8.11/vendor/v8/test/cctest/test-dataflow.cc
/home/graduate/.gem/ruby/1.8/gems/libv8-3.11.8.11/vendor/v8/test/cctest/test-date.cc
/home/graduate/.gem/ruby/1.8/gems/libv8-3.11.8.11/vendor/v8/test/cctest/test-debug.cc
/home/graduate/.gem/ruby/1.8/gems/libv8-3.11.8.11/vendor/v8/test/cctest/test-decls.cc
/home/graduate/.gem/ruby/1.8/gems/libv8-3.11.8.11/vendor/v8/test/cctest/test-deoptimization.cc
/home/graduate/.gem/ruby/1.8/gems/libv8-3.11.8.11/vendor/v8/test/cctest/test-dictionary.cc
/home/graduate/.gem/ruby/1.8/gems/libv8-3.11.8.11/vendor/v8/test/cctest/test-disasm-arm.cc
/home/graduate/.gem/ruby/1.8/gems/libv8-3.11.8.11/vendor/v8/test/cctest/test-disasm-ia32.cc
/home/graduate/.gem/ruby/1.8/gems/libv8-3.11.8.11/vendor/v8/test/cctest/test-disasm-mips.cc
/home/graduate/.gem/ruby/1.8/gems/libv8-3.11.8.11/vendor/v8/test/cctest/test-disasm-x64.cc
/home/graduate/.gem/ruby/1.8/gems/libv8-3.11.8.11/vendor/v8/test/cctest/test-diy-fp.cc
/home/graduate/.gem/ruby/1.8/gems/libv8-3.11.8.11/vendor/v8/test/cctest/test-double.cc
/home/graduate/.gem/ruby/1.8/gems/libv8-3.11.8.11/vendor/v8/test/cctest/test-dtoa.cc
/home/graduate/.gem/ruby/1.8/gems/libv8-3.11.8.11/vendor/v8/test/cctest/test-fast-dtoa.cc
/home/graduate/.gem/ruby/1.8/gems/libv8-3.11.8.11/vendor/v8/test/cctest/test-fixed-dtoa.cc
/home/graduate/.gem/ruby/1.8/gems/libv8-3.11.8.11/vendor/v8/test/cctest/test-flags.cc
/home/graduate/.gem/ruby/1.8/gems/libv8-3.11.8.11/vendor/v8/test/cctest/test-func-name-inference.cc
/home/graduate/.gem/ruby/1.8/gems/libv8-3.11.8.11/vendor/v8/test/cctest/test-hashing.cc
/home/graduate/.gem/ruby/1.8/gems/libv8-3.11.8.11/vendor/v8/test/cctest/test-hashmap.cc
/home/graduate/.gem/ruby/1.8/gems/libv8-3.11.8.11/vendor/v8/test/cctest/test-heap-profiler.cc
/home/graduate/.gem/ruby/1.8/gems/libv8-3.11.8.11/vendor/v8/test/cctest/test-heap.cc
/home/graduate/.gem/ruby/1.8/gems/libv8-3.11.8.11/vendor/v8/test/cctest/test-list.cc
/home/graduate/.gem/ruby/1.8/gems/libv8-3.11.8.11/vendor/v8/test/cctest/test-liveedit.cc
/home/graduate/.gem/ruby/1.8/gems/libv8-3.11.8.11/vendor/v8/test/cctest/test-lock.cc
/home/graduate/.gem/ruby/1.8/gems/libv8-3.11.8.11/vendor/v8/test/cctest/test-lockers.cc
/home/graduate/.gem/ruby/1.8/gems/libv8-3.11.8.11/vendor/v8/test/cctest/test-log-stack-tracer.cc
/home/graduate/.gem/ruby/1.8/gems/libv8-3.11.8.11/vendor/v8/test/cctest/test-log.cc
/home/graduate/.gem/ruby/1.8/gems/libv8-3.11.8.11/vendor/v8/test/cctest/test-macro-assembler-x64.cc
/home/graduate/.gem/ruby/1.8/gems/libv8-3.11.8.11/vendor/v8/test/cctest/test-mark-compact.cc
/home/graduate/.gem/ruby/1.8/gems/libv8-3.11.8.11/vendor/v8/test/cctest/test-parsing.cc
/home/graduate/.gem/ruby/1.8/gems/libv8-3.11.8.11/vendor/v8/test/cctest/test-platform-linux.cc
/home/graduate/.gem/ruby/1.8/gems/libv8-3.11.8.11/vendor/v8/test/cctest/test-platform-macos.cc
/home/graduate/.gem/ruby/1.8/gems/libv8-3.11.8.11/vendor/v8/test/cctest/test-platform-nullos.cc
/home/graduate/.gem/ruby/1.8/gems/libv8-3.11.8.11/vendor/v8/test/cctest/test-platform-tls.cc
/home/graduate/.gem/ruby/1.8/gems/libv8-3.11.8.11/vendor/v8/test/cctest/test-platform-win32.cc
/home/graduate/.gem/ruby/1.8/gems/libv8-3.11.8.11/vendor/v8/test/cctest/test-profile-generator.cc
/home/graduate/.gem/ruby/1.8/gems/libv8-3.11.8.11/vendor/v8/test/cctest/test-random.cc
/home/graduate/.gem/ruby/1.8/gems/libv8-3.11.8.11/vendor/v8/test/cctest/test-regexp.cc
/home/graduate/.gem/ruby/1.8/gems/libv8-3.11.8.11/vendor/v8/test/cctest/test-reloc-info.cc
/home/graduate/.gem/ruby/1.8/gems/libv8-3.11.8.11/vendor/v8/test/cctest/test-serialize.cc
/home/graduate/.gem/ruby/1.8/gems/libv8-3.11.8.11/vendor/v8/test/cctest/test-sockets.cc
/home/graduate/.gem/ruby/1.8/gems/libv8-3.11.8.11/vendor/v8/test/cctest/test-spaces.cc
/home/graduate/.gem/ruby/1.8/gems/libv8-3.11.8.11/vendor/v8/test/cctest/test-strings.cc
/home/graduate/.gem/ruby/1.8/gems/libv8-3.11.8.11/vendor/v8/test/cctest/test-strtod.cc
/home/graduate/.gem/ruby/1.8/gems/libv8-3.11.8.11/vendor/v8/test/cctest/test-thread-termination.cc
/home/graduate/.gem/ruby/1.8/gems/libv8-3.11.8.11/vendor/v8/test/cctest/test-threads.cc
/home/graduate/.gem/ruby/1.8/gems/libv8-3.11.8.11/vendor/v8/test/cctest/test-unbound-queue.cc
/home/graduate/.gem/ruby/1.8/gems/libv8-3.11.8.11/vendor/v8/test/cctest/test-utils.cc
/home/graduate/.gem/ruby/1.8/gems/libv8-3.11.8.11/vendor/v8/test/cctest/test-version.cc
/home/graduate/.gem/ruby/1.8/gems/libv8-3.11.8.11/vendor/v8/test/cctest/test-weakmaps.cc
/home/graduate/.gem/ruby/1.8/gems/libv8-3.11.8.11/vendor/v8/test/cctest/testcfg.py
/home/graduate/.gem/ruby/1.8/gems/libv8-3.11.8.11/vendor/v8/test/es5conform/README
/home/graduate/.gem/ruby/1.8/gems/libv8-3.11.8.11/vendor/v8/test/es5conform/es5conform.status
/home/graduate/.gem/ruby/1.8/gems/libv8-3.11.8.11/vendor/v8/test/es5conform/harness-adapt.js
/home/graduate/.gem/ruby/1.8/gems/libv8-3.11.8.11/vendor/v8/test/es5conform/testcfg.py
/home/graduate/.gem/ruby/1.8/gems/libv8-3.11.8.11/vendor/v8/test/message/message.status
/home/graduate/.gem/ruby/1.8/gems/libv8-3.11.8.11/vendor/v8/test/message/overwritten-builtins.js
/home/graduate/.gem/ruby/1.8/gems/libv8-3.11.8.11/vendor/v8/test/message/overwritten-builtins.out
/home/graduate/.gem/ruby/1.8/gems/libv8-3.11.8.11/vendor/v8/test/message/regress/regress-1527.js
/home/graduate/.gem/ruby/1.8/gems/libv8-3.11.8.11/vendor/v8/test/message/regress/regress-1527.out
/home/graduate/.gem/ruby/1.8/gems/libv8-3.11.8.11/vendor/v8/test/message/regress/regress-73.js
/home/graduate/.gem/ruby/1.8/gems/libv8-3.11.8.11/vendor/v8/test/message/regress/regress-73.out
/home/graduate/.gem/ruby/1.8/gems/libv8-3.11.8.11/vendor/v8/test/message/regress/regress-75.js
/home/graduate/.gem/ruby/1.8/gems/libv8-3.11.8.11/vendor/v8/test/message/regress/regress-75.out
/home/graduate/.gem/ruby/1.8/gems/libv8-3.11.8.11/vendor/v8/test/message/replacement-marker-as-argument.js
/home/graduate/.gem/ruby/1.8/gems/libv8-3.11.8.11/vendor/v8/test/message/replacement-marker-as-argument.out
/home/graduate/.gem/ruby/1.8/gems/libv8-3.11.8.11/vendor/v8/test/message/simple-throw.js
/home/graduate/.gem/ruby/1.8/gems/libv8-3.11.8.11/vendor/v8/test/message/simple-throw.out
/home/graduate/.gem/ruby/1.8/gems/libv8-3.11.8.11/vendor/v8/test/message/testcfg.py
/home/graduate/.gem/ruby/1.8/gems/libv8-3.11.8.11/vendor/v8/test/message/try-catch-finally-no-message.js
/home/graduate/.gem/ruby/1.8/gems/libv8-3.11.8.11/vendor/v8/test/message/try-catch-finally-no-message.out
/home/graduate/.gem/ruby/1.8/gems/libv8-3.11.8.11/vendor/v8/test/message/try-catch-finally-return-in-finally.js
/home/graduate/.gem/ruby/1.8/gems/libv8-3.11.8.11/vendor/v8/test/message/try-catch-finally-return-in-finally.out
/home/graduate/.gem/ruby/1.8/gems/libv8-3.11.8.11/vendor/v8/test/message/try-catch-finally-throw-in-catch-and-finally.js
/home/graduate/.gem/ruby/1.8/gems/libv8-3.11.8.11/vendor/v8/test/message/try-catch-finally-throw-in-catch-and-finally.out
/home/graduate/.gem/ruby/1.8/gems/libv8-3.11.8.11/vendor/v8/test/message/try-catch-finally-throw-in-catch.js
/home/graduate/.gem/ruby/1.8/gems/libv8-3.11.8.11/vendor/v8/test/message/try-catch-finally-throw-in-catch.out
/home/graduate/.gem/ruby/1.8/gems/libv8-3.11.8.11/vendor/v8/test/message/try-catch-finally-throw-in-finally.js
/home/graduate/.gem/ruby/1.8/gems/libv8-3.11.8.11/vendor/v8/test/message/try-catch-finally-throw-in-finally.out
/home/graduate/.gem/ruby/1.8/gems/libv8-3.11.8.11/vendor/v8/test/message/try-finally-return-in-finally.js
/home/graduate/.gem/ruby/1.8/gems/libv8-3.11.8.11/vendor/v8/test/message/try-finally-return-in-finally.out
/home/graduate/.gem/ruby/1.8/gems/libv8-3.11.8.11/vendor/v8/test/message/try-finally-throw-in-finally.js
/home/graduate/.gem/ruby/1.8/gems/libv8-3.11.8.11/vendor/v8/test/message/try-finally-throw-in-finally.out
/home/graduate/.gem/ruby/1.8/gems/libv8-3.11.8.11/vendor/v8/test/message/try-finally-throw-in-try-and-finally.js
/home/graduate/.gem/ruby/1.8/gems/libv8-3.11.8.11/vendor/v8/test/message/try-finally-throw-in-try-and-finally.out
/home/graduate/.gem/ruby/1.8/gems/libv8-3.11.8.11/vendor/v8/test/message/try-finally-throw-in-try.js
/home/graduate/.gem/ruby/1.8/gems/libv8-3.11.8.11/vendor/v8/test/message/try-finally-throw-in-try.out
/home/graduate/.gem/ruby/1.8/gems/libv8-3.11.8.11/vendor/v8/test/mjsunit/accessor-map-sharing.js
/home/graduate/.gem/ruby/1.8/gems/libv8-3.11.8.11/vendor/v8/test/mjsunit/accessors-on-global-object.js
/home/graduate/.gem/ruby/1.8/gems/libv8-3.11.8.11/vendor/v8/test/mjsunit/api-call-after-bypassed-exception.js
/home/graduate/.gem/ruby/1.8/gems/libv8-3.11.8.11/vendor/v8/test/mjsunit/apply-arguments-gc-safepoint.js
/home/graduate/.gem/ruby/1.8/gems/libv8-3.11.8.11/vendor/v8/test/mjsunit/apply.js
/home/graduate/.gem/ruby/1.8/gems/libv8-3.11.8.11/vendor/v8/test/mjsunit/argument-assigned.js
/home/graduate/.gem/ruby/1.8/gems/libv8-3.11.8.11/vendor/v8/test/mjsunit/argument-named-arguments.js
/home/graduate/.gem/ruby/1.8/gems/libv8-3.11.8.11/vendor/v8/test/mjsunit/arguments-apply.js
/home/graduate/.gem/ruby/1.8/gems/libv8-3.11.8.11/vendor/v8/test/mjsunit/arguments-call-apply.js
/home/graduate/.gem/ruby/1.8/gems/libv8-3.11.8.11/vendor/v8/test/mjsunit/arguments-enum.js
/home/graduate/.gem/ruby/1.8/gems/libv8-3.11.8.11/vendor/v8/test/mjsunit/arguments-escape.js
/home/graduate/.gem/ruby/1.8/gems/libv8-3.11.8.11/vendor/v8/test/mjsunit/arguments-indirect.js
/home/graduate/.gem/ruby/1.8/gems/libv8-3.11.8.11/vendor/v8/test/mjsunit/arguments-lazy.js
/home/graduate/.gem/ruby/1.8/gems/libv8-3.11.8.11/vendor/v8/test/mjsunit/arguments-load-across-eval.js
/home/graduate/.gem/ruby/1.8/gems/libv8-3.11.8.11/vendor/v8/test/mjsunit/arguments-opt.js
/home/graduate/.gem/ruby/1.8/gems/libv8-3.11.8.11/vendor/v8/test/mjsunit/arguments-read-and-assignment.js
/home/graduate/.gem/ruby/1.8/gems/libv8-3.11.8.11/vendor/v8/test/mjsunit/arguments.js
/home/graduate/.gem/ruby/1.8/gems/libv8-3.11.8.11/vendor/v8/test/mjsunit/array-bounds-check-removal.js
/home/graduate/.gem/ruby/1.8/gems/libv8-3.11.8.11/vendor/v8/test/mjsunit/array-concat.js
/home/graduate/.gem/ruby/1.8/gems/libv8-3.11.8.11/vendor/v8/test/mjsunit/array-construct-transition.js
/home/graduate/.gem/ruby/1.8/gems/libv8-3.11.8.11/vendor/v8/test/mjsunit/array-constructor.js
/home/graduate/.gem/ruby/1.8/gems/libv8-3.11.8.11/vendor/v8/test/mjsunit/array-elements-from-array-prototype-chain.js
/home/graduate/.gem/ruby/1.8/gems/libv8-3.11.8.11/vendor/v8/test/mjsunit/array-elements-from-array-prototype.js
/home/graduate/.gem/ruby/1.8/gems/libv8-3.11.8.11/vendor/v8/test/mjsunit/array-elements-from-object-prototype.js
/home/graduate/.gem/ruby/1.8/gems/libv8-3.11.8.11/vendor/v8/test/mjsunit/array-functions-prototype-misc.js
/home/graduate/.gem/ruby/1.8/gems/libv8-3.11.8.11/vendor/v8/test/mjsunit/array-functions-prototype.js
/home/graduate/.gem/ruby/1.8/gems/libv8-3.11.8.11/vendor/v8/test/mjsunit/array-indexing.js
/home/graduate/.gem/ruby/1.8/gems/libv8-3.11.8.11/vendor/v8/test/mjsunit/array-iteration.js
/home/graduate/.gem/ruby/1.8/gems/libv8-3.11.8.11/vendor/v8/test/mjsunit/array-join.js
/home/graduate/.gem/ruby/1.8/gems/libv8-3.11.8.11/vendor/v8/test/mjsunit/array-length-number-conversion.js
/home/graduate/.gem/ruby/1.8/gems/libv8-3.11.8.11/vendor/v8/test/mjsunit/array-length.js
/home/graduate/.gem/ruby/1.8/gems/libv8-3.11.8.11/vendor/v8/test/mjsunit/array-literal-transitions.js
/home/graduate/.gem/ruby/1.8/gems/libv8-3.11.8.11/vendor/v8/test/mjsunit/array-pop.js
/home/graduate/.gem/ruby/1.8/gems/libv8-3.11.8.11/vendor/v8/test/mjsunit/array-push.js
/home/graduate/.gem/ruby/1.8/gems/libv8-3.11.8.11/vendor/v8/test/mjsunit/array-reduce.js
/home/graduate/.gem/ruby/1.8/gems/libv8-3.11.8.11/vendor/v8/test/mjsunit/array-shift.js
/home/graduate/.gem/ruby/1.8/gems/libv8-3.11.8.11/vendor/v8/test/mjsunit/array-slice.js
/home/graduate/.gem/ruby/1.8/gems/libv8-3.11.8.11/vendor/v8/test/mjsunit/array-sort.js
/home/graduate/.gem/ruby/1.8/gems/libv8-3.11.8.11/vendor/v8/test/mjsunit/array-splice.js
/home/graduate/.gem/ruby/1.8/gems/libv8-3.11.8.11/vendor/v8/test/mjsunit/array-store-and-grow.js
/home/graduate/.gem/ruby/1.8/gems/libv8-3.11.8.11/vendor/v8/test/mjsunit/array-tostring.js
/home/graduate/.gem/ruby/1.8/gems/libv8-3.11.8.11/vendor/v8/test/mjsunit/array-unshift.js
/home/graduate/.gem/ruby/1.8/gems/libv8-3.11.8.11/vendor/v8/test/mjsunit/ascii-regexp-subject.js
/home/graduate/.gem/ruby/1.8/gems/libv8-3.11.8.11/vendor/v8/test/mjsunit/assert-opt-and-deopt.js
/home/graduate/.gem/ruby/1.8/gems/libv8-3.11.8.11/vendor/v8/test/mjsunit/big-array-literal.js
/home/graduate/.gem/ruby/1.8/gems/libv8-3.11.8.11/vendor/v8/test/mjsunit/big-object-literal.js
/home/graduate/.gem/ruby/1.8/gems/libv8-3.11.8.11/vendor/v8/test/mjsunit/binary-op-newspace.js
/home/graduate/.gem/ruby/1.8/gems/libv8-3.11.8.11/vendor/v8/test/mjsunit/binary-operation-overwrite.js
/home/graduate/.gem/ruby/1.8/gems/libv8-3.11.8.11/vendor/v8/test/mjsunit/bit-not.js
/home/graduate/.gem/ruby/1.8/gems/libv8-3.11.8.11/vendor/v8/test/mjsunit/bitops-info.js
/home/graduate/.gem/ruby/1.8/gems/libv8-3.11.8.11/vendor/v8/test/mjsunit/bitwise-operations-undefined.js
/home/graduate/.gem/ruby/1.8/gems/libv8-3.11.8.11/vendor/v8/test/mjsunit/body-not-visible.js
/home/graduate/.gem/ruby/1.8/gems/libv8-3.11.8.11/vendor/v8/test/mjsunit/boolean.js
/home/graduate/.gem/ruby/1.8/gems/libv8-3.11.8.11/vendor/v8/test/mjsunit/break.js
/home/graduate/.gem/ruby/1.8/gems/libv8-3.11.8.11/vendor/v8/test/mjsunit/bugs/618.js
/home/graduate/.gem/ruby/1.8/gems/libv8-3.11.8.11/vendor/v8/test/mjsunit/bugs/bug-1344252.js
/home/graduate/.gem/ruby/1.8/gems/libv8-3.11.8.11/vendor/v8/test/mjsunit/bugs/bug-222.js
/home/graduate/.gem/ruby/1.8/gems/libv8-3.11.8.11/vendor/v8/test/mjsunit/bugs/bug-617.js
/home/graduate/.gem/ruby/1.8/gems/libv8-3.11.8.11/vendor/v8/test/mjsunit/bugs/bug-618.js
/home/graduate/.gem/ruby/1.8/gems/libv8-3.11.8.11/vendor/v8/test/mjsunit/bugs/bug-941049.js
/home/graduate/.gem/ruby/1.8/gems/libv8-3.11.8.11/vendor/v8/test/mjsunit/bugs/harmony/debug-blockscopes.js
/home/graduate/.gem/ruby/1.8/gems/libv8-3.11.8.11/vendor/v8/test/mjsunit/builtins.js
/home/graduate/.gem/ruby/1.8/gems/libv8-3.11.8.11/vendor/v8/test/mjsunit/call-non-function-call.js
/home/graduate/.gem/ruby/1.8/gems/libv8-3.11.8.11/vendor/v8/test/mjsunit/call-non-function.js
/home/graduate/.gem/ruby/1.8/gems/libv8-3.11.8.11/vendor/v8/test/mjsunit/call-stub.js
/home/graduate/.gem/ruby/1.8/gems/libv8-3.11.8.11/vendor/v8/test/mjsunit/call.js
/home/graduate/.gem/ruby/1.8/gems/libv8-3.11.8.11/vendor/v8/test/mjsunit/char-escape.js
/home/graduate/.gem/ruby/1.8/gems/libv8-3.11.8.11/vendor/v8/test/mjsunit/class-of-builtins.js
/home/graduate/.gem/ruby/1.8/gems/libv8-3.11.8.11/vendor/v8/test/mjsunit/closure.js
/home/graduate/.gem/ruby/1.8/gems/libv8-3.11.8.11/vendor/v8/test/mjsunit/closures.js
/home/graduate/.gem/ruby/1.8/gems/libv8-3.11.8.11/vendor/v8/test/mjsunit/codegen-coverage.js
/home/graduate/.gem/ruby/1.8/gems/libv8-3.11.8.11/vendor/v8/test/mjsunit/compare-character.js
/home/graduate/.gem/ruby/1.8/gems/libv8-3.11.8.11/vendor/v8/test/mjsunit/compare-nan.js
/home/graduate/.gem/ruby/1.8/gems/libv8-3.11.8.11/vendor/v8/test/mjsunit/comparison-ops-and-undefined.js
/home/graduate/.gem/ruby/1.8/gems/libv8-3.11.8.11/vendor/v8/test/mjsunit/compiler/alloc-number.js
/home/graduate/.gem/ruby/1.8/gems/libv8-3.11.8.11/vendor/v8/test/mjsunit/compiler/alloc-object-huge.js
/home/graduate/.gem/ruby/1.8/gems/libv8-3.11.8.11/vendor/v8/test/mjsunit/compiler/alloc-object.js
/home/graduate/.gem/ruby/1.8/gems/libv8-3.11.8.11/vendor/v8/test/mjsunit/compiler/array-access.js
/home/graduate/.gem/ruby/1.8/gems/libv8-3.11.8.11/vendor/v8/test/mjsunit/compiler/array-length.js
/home/graduate/.gem/ruby/1.8/gems/libv8-3.11.8.11/vendor/v8/test/mjsunit/compiler/assignment-deopt.js
/home/graduate/.gem/ruby/1.8/gems/libv8-3.11.8.11/vendor/v8/test/mjsunit/compiler/assignment.js
/home/graduate/.gem/ruby/1.8/gems/libv8-3.11.8.11/vendor/v8/test/mjsunit/compiler/binary-ops.js
/home/graduate/.gem/ruby/1.8/gems/libv8-3.11.8.11/vendor/v8/test/mjsunit/compiler/call-keyed.js
/home/graduate/.gem/ruby/1.8/gems/libv8-3.11.8.11/vendor/v8/test/mjsunit/compiler/compare.js
/home/graduate/.gem/ruby/1.8/gems/libv8-3.11.8.11/vendor/v8/test/mjsunit/compiler/complex-for-in.js
/home/graduate/.gem/ruby/1.8/gems/libv8-3.11.8.11/vendor/v8/test/mjsunit/compiler/control-flow-0.js
/home/graduate/.gem/ruby/1.8/gems/libv8-3.11.8.11/vendor/v8/test/mjsunit/compiler/control-flow-1.js
/home/graduate/.gem/ruby/1.8/gems/libv8-3.11.8.11/vendor/v8/test/mjsunit/compiler/control-flow-2.js
/home/graduate/.gem/ruby/1.8/gems/libv8-3.11.8.11/vendor/v8/test/mjsunit/compiler/count-deopt.js
/home/graduate/.gem/ruby/1.8/gems/libv8-3.11.8.11/vendor/v8/test/mjsunit/compiler/countoperation.js
/home/graduate/.gem/ruby/1.8/gems/libv8-3.11.8.11/vendor/v8/test/mjsunit/compiler/delete.js
/home/graduate/.gem/ruby/1.8/gems/libv8-3.11.8.11/vendor/v8/test/mjsunit/compiler/deopt-args.js
/home/graduate/.gem/ruby/1.8/gems/libv8-3.11.8.11/vendor/v8/test/mjsunit/compiler/deopt-inlined-smi.js
/home/graduate/.gem/ruby/1.8/gems/libv8-3.11.8.11/vendor/v8/test/mjsunit/compiler/eval-introduced-closure.js
/home/graduate/.gem/ruby/1.8/gems/libv8-3.11.8.11/vendor/v8/test/mjsunit/compiler/expression-trees.js
/home/graduate/.gem/ruby/1.8/gems/libv8-3.11.8.11/vendor/v8/test/mjsunit/compiler/for-stmt.js
/home/graduate/.gem/ruby/1.8/gems/libv8-3.11.8.11/vendor/v8/test/mjsunit/compiler/function-call.js
/home/graduate/.gem/ruby/1.8/gems/libv8-3.11.8.11/vendor/v8/test/mjsunit/compiler/global-accessors.js
/home/graduate/.gem/ruby/1.8/gems/libv8-3.11.8.11/vendor/v8/test/mjsunit/compiler/globals.js
/home/graduate/.gem/ruby/1.8/gems/libv8-3.11.8.11/vendor/v8/test/mjsunit/compiler/inline-arguments.js
/home/graduate/.gem/ruby/1.8/gems/libv8-3.11.8.11/vendor/v8/test/mjsunit/compiler/inline-arity-mismatch.js
/home/graduate/.gem/ruby/1.8/gems/libv8-3.11.8.11/vendor/v8/test/mjsunit/compiler/inline-compare.js
/home/graduate/.gem/ruby/1.8/gems/libv8-3.11.8.11/vendor/v8/test/mjsunit/compiler/inline-conditional.js
/home/graduate/.gem/ruby/1.8/gems/libv8-3.11.8.11/vendor/v8/test/mjsunit/compiler/inline-construct.js
/home/graduate/.gem/ruby/1.8/gems/libv8-3.11.8.11/vendor/v8/test/mjsunit/compiler/inline-context-slots.js
/home/graduate/.gem/ruby/1.8/gems/libv8-3.11.8.11/vendor/v8/test/mjsunit/compiler/inline-global-access.js
/home/graduate/.gem/ruby/1.8/gems/libv8-3.11.8.11/vendor/v8/test/mjsunit/compiler/inline-literals.js
/home/graduate/.gem/ruby/1.8/gems/libv8-3.11.8.11/vendor/v8/test/mjsunit/compiler/inline-param.js
/home/graduate/.gem/ruby/1.8/gems/libv8-3.11.8.11/vendor/v8/test/mjsunit/compiler/inline-throw.js
/home/graduate/.gem/ruby/1.8/gems/libv8-3.11.8.11/vendor/v8/test/mjsunit/compiler/inline-two.js
/home/graduate/.gem/ruby/1.8/gems/libv8-3.11.8.11/vendor/v8/test/mjsunit/compiler/jsnatives.js
/home/graduate/.gem/ruby/1.8/gems/libv8-3.11.8.11/vendor/v8/test/mjsunit/compiler/lazy-const-lookup.js
/home/graduate/.gem/ruby/1.8/gems/libv8-3.11.8.11/vendor/v8/test/mjsunit/compiler/literals-assignment.js
/home/graduate/.gem/ruby/1.8/gems/libv8-3.11.8.11/vendor/v8/test/mjsunit/compiler/literals-optimized.js
/home/graduate/.gem/ruby/1.8/gems/libv8-3.11.8.11/vendor/v8/test/mjsunit/compiler/literals.js
/home/graduate/.gem/ruby/1.8/gems/libv8-3.11.8.11/vendor/v8/test/mjsunit/compiler/logical-and.js
/home/graduate/.gem/ruby/1.8/gems/libv8-3.11.8.11/vendor/v8/test/mjsunit/compiler/logical-or.js
/home/graduate/.gem/ruby/1.8/gems/libv8-3.11.8.11/vendor/v8/test/mjsunit/compiler/loopcount.js
/home/graduate/.gem/ruby/1.8/gems/libv8-3.11.8.11/vendor/v8/test/mjsunit/compiler/loops.js
/home/graduate/.gem/ruby/1.8/gems/libv8-3.11.8.11/vendor/v8/test/mjsunit/compiler/math-floor-global.js
/home/graduate/.gem/ruby/1.8/gems/libv8-3.11.8.11/vendor/v8/test/mjsunit/compiler/math-floor-local.js
/home/graduate/.gem/ruby/1.8/gems/libv8-3.11.8.11/vendor/v8/test/mjsunit/compiler/null-compare.js
/home/graduate/.gem/ruby/1.8/gems/libv8-3.11.8.11/vendor/v8/test/mjsunit/compiler/objectliterals.js
/home/graduate/.gem/ruby/1.8/gems/libv8-3.11.8.11/vendor/v8/test/mjsunit/compiler/optimize-bitnot.js
/home/graduate/.gem/ruby/1.8/gems/libv8-3.11.8.11/vendor/v8/test/mjsunit/compiler/optimized-for-in.js
/home/graduate/.gem/ruby/1.8/gems/libv8-3.11.8.11/vendor/v8/test/mjsunit/compiler/optimized-function-calls.js
/home/graduate/.gem/ruby/1.8/gems/libv8-3.11.8.11/vendor/v8/test/mjsunit/compiler/pic.js
/home/graduate/.gem/ruby/1.8/gems/libv8-3.11.8.11/vendor/v8/test/mjsunit/compiler/property-calls.js
/home/graduate/.gem/ruby/1.8/gems/libv8-3.11.8.11/vendor/v8/test/mjsunit/compiler/property-refs.js
/home/graduate/.gem/ruby/1.8/gems/libv8-3.11.8.11/vendor/v8/test/mjsunit/compiler/property-simple.js
/home/graduate/.gem/ruby/1.8/gems/libv8-3.11.8.11/vendor/v8/test/mjsunit/compiler/property-stores.js
/home/graduate/.gem/ruby/1.8/gems/libv8-3.11.8.11/vendor/v8/test/mjsunit/compiler/recursive-deopt.js
/home/graduate/.gem/ruby/1.8/gems/libv8-3.11.8.11/vendor/v8/test/mjsunit/compiler/regress-0.js
/home/graduate/.gem/ruby/1.8/gems/libv8-3.11.8.11/vendor/v8/test/mjsunit/compiler/regress-1.js
/home/graduate/.gem/ruby/1.8/gems/libv8-3.11.8.11/vendor/v8/test/mjsunit/compiler/regress-106351.js
/home/graduate/.gem/ruby/1.8/gems/libv8-3.11.8.11/vendor/v8/test/mjsunit/compiler/regress-1085.js
/home/graduate/.gem/ruby/1.8/gems/libv8-3.11.8.11/vendor/v8/test/mjsunit/compiler/regress-1394.js
/home/graduate/.gem/ruby/1.8/gems/libv8-3.11.8.11/vendor/v8/test/mjsunit/compiler/regress-2.js
/home/graduate/.gem/ruby/1.8/gems/libv8-3.11.8.11/vendor/v8/test/mjsunit/compiler/regress-3.js
/home/graduate/.gem/ruby/1.8/gems/libv8-3.11.8.11/vendor/v8/test/mjsunit/compiler/regress-3136962.js
/home/graduate/.gem/ruby/1.8/gems/libv8-3.11.8.11/vendor/v8/test/mjsunit/compiler/regress-3185901.js
/home/graduate/.gem/ruby/1.8/gems/libv8-3.11.8.11/vendor/v8/test/mjsunit/compiler/regress-3218915.js
/home/graduate/.gem/ruby/1.8/gems/libv8-3.11.8.11/vendor/v8/test/mjsunit/compiler/regress-3249650.js
/home/graduate/.gem/ruby/1.8/gems/libv8-3.11.8.11/vendor/v8/test/mjsunit/compiler/regress-3260426.js
/home/graduate/.gem/ruby/1.8/gems/libv8-3.11.8.11/vendor/v8/test/mjsunit/compiler/regress-4.js
/home/graduate/.gem/ruby/1.8/gems/libv8-3.11.8.11/vendor/v8/test/mjsunit/compiler/regress-5.js
/home/graduate/.gem/ruby/1.8/gems/libv8-3.11.8.11/vendor/v8/test/mjsunit/compiler/regress-6.js
/home/graduate/.gem/ruby/1.8/gems/libv8-3.11.8.11/vendor/v8/test/mjsunit/compiler/regress-7.js
/home/graduate/.gem/ruby/1.8/gems/libv8-3.11.8.11/vendor/v8/test/mjsunit/compiler/regress-8.js
/home/graduate/.gem/ruby/1.8/gems/libv8-3.11.8.11/vendor/v8/test/mjsunit/compiler/regress-96989.js
/home/graduate/.gem/ruby/1.8/gems/libv8-3.11.8.11/vendor/v8/test/mjsunit/compiler/regress-arguments.js
/home/graduate/.gem/ruby/1.8/gems/libv8-3.11.8.11/vendor/v8/test/mjsunit/compiler/regress-arrayliteral.js
/home/graduate/.gem/ruby/1.8/gems/libv8-3.11.8.11/vendor/v8/test/mjsunit/compiler/regress-closures-with-eval.js
/home/graduate/.gem/ruby/1.8/gems/libv8-3.11.8.11/vendor/v8/test/mjsunit/compiler/regress-const.js
/home/graduate/.gem/ruby/1.8/gems/libv8-3.11.8.11/vendor/v8/test/mjsunit/compiler/regress-deopt-call-as-function.js
/home/graduate/.gem/ruby/1.8/gems/libv8-3.11.8.11/vendor/v8/test/mjsunit/compiler/regress-funarguments.js
/home/graduate/.gem/ruby/1.8/gems/libv8-3.11.8.11/vendor/v8/test/mjsunit/compiler/regress-funcaller.js
/home/graduate/.gem/ruby/1.8/gems/libv8-3.11.8.11/vendor/v8/test/mjsunit/compiler/regress-gap.js
/home/graduate/.gem/ruby/1.8/gems/libv8-3.11.8.11/vendor/v8/test/mjsunit/compiler/regress-gvn.js
/home/graduate/.gem/ruby/1.8/gems/libv8-3.11.8.11/vendor/v8/test/mjsunit/compiler/regress-inline-callfunctionstub.js
/home/graduate/.gem/ruby/1.8/gems/libv8-3.11.8.11/vendor/v8/test/mjsunit/compiler/regress-intoverflow.js
/home/graduate/.gem/ruby/1.8/gems/libv8-3.11.8.11/vendor/v8/test/mjsunit/compiler/regress-lazy-deopt.js
/home/graduate/.gem/ruby/1.8/gems/libv8-3.11.8.11/vendor/v8/test/mjsunit/compiler/regress-lbranch-double.js
/home/graduate/.gem/ruby/1.8/gems/libv8-3.11.8.11/vendor/v8/test/mjsunit/compiler/regress-loadfield.js
/home/graduate/.gem/ruby/1.8/gems/libv8-3.11.8.11/vendor/v8/test/mjsunit/compiler/regress-loop-deopt.js
/home/graduate/.gem/ruby/1.8/gems/libv8-3.11.8.11/vendor/v8/test/mjsunit/compiler/regress-max-locals-for-osr.js
/home/graduate/.gem/ruby/1.8/gems/libv8-3.11.8.11/vendor/v8/test/mjsunit/compiler/regress-max.js
/home/graduate/.gem/ruby/1.8/gems/libv8-3.11.8.11/vendor/v8/test/mjsunit/compiler/regress-or.js
/home/graduate/.gem/ruby/1.8/gems/libv8-3.11.8.11/vendor/v8/test/mjsunit/compiler/regress-rep-change.js
/home/graduate/.gem/ruby/1.8/gems/libv8-3.11.8.11/vendor/v8/test/mjsunit/compiler/regress-serialized-slots.js
/home/graduate/.gem/ruby/1.8/gems/libv8-3.11.8.11/vendor/v8/test/mjsunit/compiler/regress-stacktrace-methods.js
/home/graduate/.gem/ruby/1.8/gems/libv8-3.11.8.11/vendor/v8/test/mjsunit/compiler/regress-stacktrace.js
/home/graduate/.gem/ruby/1.8/gems/libv8-3.11.8.11/vendor/v8/test/mjsunit/compiler/regress-toint32.js
/home/graduate/.gem/ruby/1.8/gems/libv8-3.11.8.11/vendor/v8/test/mjsunit/compiler/regress-valueof.js
/home/graduate/.gem/ruby/1.8/gems/libv8-3.11.8.11/vendor/v8/test/mjsunit/compiler/safepoint.js
/home/graduate/.gem/ruby/1.8/gems/libv8-3.11.8.11/vendor/v8/test/mjsunit/compiler/short-circuit.js
/home/graduate/.gem/ruby/1.8/gems/libv8-3.11.8.11/vendor/v8/test/mjsunit/compiler/simple-bailouts.js
/home/graduate/.gem/ruby/1.8/gems/libv8-3.11.8.11/vendor/v8/test/mjsunit/compiler/simple-binary-op.js
/home/graduate/.gem/ruby/1.8/gems/libv8-3.11.8.11/vendor/v8/test/mjsunit/compiler/simple-deopt.js
/home/graduate/.gem/ruby/1.8/gems/libv8-3.11.8.11/vendor/v8/test/mjsunit/compiler/simple-global-access.js
/home/graduate/.gem/ruby/1.8/gems/libv8-3.11.8.11/vendor/v8/test/mjsunit/compiler/simple-inlining.js
/home/graduate/.gem/ruby/1.8/gems/libv8-3.11.8.11/vendor/v8/test/mjsunit/compiler/simple-osr.js
/home/graduate/.gem/ruby/1.8/gems/libv8-3.11.8.11/vendor/v8/test/mjsunit/compiler/strict-recompile.js
/home/graduate/.gem/ruby/1.8/gems/libv8-3.11.8.11/vendor/v8/test/mjsunit/compiler/switch-bailout.js
/home/graduate/.gem/ruby/1.8/gems/libv8-3.11.8.11/vendor/v8/test/mjsunit/compiler/this-property-refs.js
/home/graduate/.gem/ruby/1.8/gems/libv8-3.11.8.11/vendor/v8/test/mjsunit/compiler/thisfunction.js
/home/graduate/.gem/ruby/1.8/gems/libv8-3.11.8.11/vendor/v8/test/mjsunit/compiler/unary-add.js
/home/graduate/.gem/ruby/1.8/gems/libv8-3.11.8.11/vendor/v8/test/mjsunit/compiler/variables.js
/home/graduate/.gem/ruby/1.8/gems/libv8-3.11.8.11/vendor/v8/test/mjsunit/const-declaration.js
/home/graduate/.gem/ruby/1.8/gems/libv8-3.11.8.11/vendor/v8/test/mjsunit/const-eval-init.js
/home/graduate/.gem/ruby/1.8/gems/libv8-3.11.8.11/vendor/v8/test/mjsunit/const-redecl.js
/home/graduate/.gem/ruby/1.8/gems/libv8-3.11.8.11/vendor/v8/test/mjsunit/const.js
/home/graduate/.gem/ruby/1.8/gems/libv8-3.11.8.11/vendor/v8/test/mjsunit/constant-folding.js
/home/graduate/.gem/ruby/1.8/gems/libv8-3.11.8.11/vendor/v8/test/mjsunit/context-variable-assignments.js
/home/graduate/.gem/ruby/1.8/gems/libv8-3.11.8.11/vendor/v8/test/mjsunit/copy-on-write-assert.js
/home/graduate/.gem/ruby/1.8/gems/libv8-3.11.8.11/vendor/v8/test/mjsunit/count-based-osr.js
/home/graduate/.gem/ruby/1.8/gems/libv8-3.11.8.11/vendor/v8/test/mjsunit/cyclic-array-to-string.js
/home/graduate/.gem/ruby/1.8/gems/libv8-3.11.8.11/vendor/v8/test/mjsunit/cyrillic.js
/home/graduate/.gem/ruby/1.8/gems/libv8-3.11.8.11/vendor/v8/test/mjsunit/d8-os.js
/home/graduate/.gem/ruby/1.8/gems/libv8-3.11.8.11/vendor/v8/test/mjsunit/date-parse.js
/home/graduate/.gem/ruby/1.8/gems/libv8-3.11.8.11/vendor/v8/test/mjsunit/date.js
/home/graduate/.gem/ruby/1.8/gems/libv8-3.11.8.11/vendor/v8/test/mjsunit/debug-backtrace-text.js
/home/graduate/.gem/ruby/1.8/gems/libv8-3.11.8.11/vendor/v8/test/mjsunit/debug-backtrace.js
/home/graduate/.gem/ruby/1.8/gems/libv8-3.11.8.11/vendor/v8/test/mjsunit/debug-break-inline.js
/home/graduate/.gem/ruby/1.8/gems/libv8-3.11.8.11/vendor/v8/test/mjsunit/debug-breakpoints.js
/home/graduate/.gem/ruby/1.8/gems/libv8-3.11.8.11/vendor/v8/test/mjsunit/debug-changebreakpoint.js
/home/graduate/.gem/ruby/1.8/gems/libv8-3.11.8.11/vendor/v8/test/mjsunit/debug-clearbreakpoint.js
/home/graduate/.gem/ruby/1.8/gems/libv8-3.11.8.11/vendor/v8/test/mjsunit/debug-clearbreakpointgroup.js
/home/graduate/.gem/ruby/1.8/gems/libv8-3.11.8.11/vendor/v8/test/mjsunit/debug-compile-event-newfunction.js
/home/graduate/.gem/ruby/1.8/gems/libv8-3.11.8.11/vendor/v8/test/mjsunit/debug-compile-event.js
/home/graduate/.gem/ruby/1.8/gems/libv8-3.11.8.11/vendor/v8/test/mjsunit/debug-conditional-breakpoints.js
/home/graduate/.gem/ruby/1.8/gems/libv8-3.11.8.11/vendor/v8/test/mjsunit/debug-constructed-by.js
/home/graduate/.gem/ruby/1.8/gems/libv8-3.11.8.11/vendor/v8/test/mjsunit/debug-constructor.js
/home/graduate/.gem/ruby/1.8/gems/libv8-3.11.8.11/vendor/v8/test/mjsunit/debug-continue.js
/home/graduate/.gem/ruby/1.8/gems/libv8-3.11.8.11/vendor/v8/test/mjsunit/debug-enable-disable-breakpoints.js
/home/graduate/.gem/ruby/1.8/gems/libv8-3.11.8.11/vendor/v8/test/mjsunit/debug-evaluate-arguments.js
/home/graduate/.gem/ruby/1.8/gems/libv8-3.11.8.11/vendor/v8/test/mjsunit/debug-evaluate-bool-constructor.js
/home/graduate/.gem/ruby/1.8/gems/libv8-3.11.8.11/vendor/v8/test/mjsunit/debug-evaluate-locals-optimized-double.js
/home/graduate/.gem/ruby/1.8/gems/libv8-3.11.8.11/vendor/v8/test/mjsunit/debug-evaluate-locals-optimized.js
/home/graduate/.gem/ruby/1.8/gems/libv8-3.11.8.11/vendor/v8/test/mjsunit/debug-evaluate-locals.js
/home/graduate/.gem/ruby/1.8/gems/libv8-3.11.8.11/vendor/v8/test/mjsunit/debug-evaluate-recursive.js
/home/graduate/.gem/ruby/1.8/gems/libv8-3.11.8.11/vendor/v8/test/mjsunit/debug-evaluate-with-context.js
/home/graduate/.gem/ruby/1.8/gems/libv8-3.11.8.11/vendor/v8/test/mjsunit/debug-evaluate-with.js
/home/graduate/.gem/ruby/1.8/gems/libv8-3.11.8.11/vendor/v8/test/mjsunit/debug-evaluate.js
/home/graduate/.gem/ruby/1.8/gems/libv8-3.11.8.11/vendor/v8/test/mjsunit/debug-event-listener.js
/home/graduate/.gem/ruby/1.8/gems/libv8-3.11.8.11/vendor/v8/test/mjsunit/debug-function-scopes.js
/home/graduate/.gem/ruby/1.8/gems/libv8-3.11.8.11/vendor/v8/test/mjsunit/debug-handle.js
/home/graduate/.gem/ruby/1.8/gems/libv8-3.11.8.11/vendor/v8/test/mjsunit/debug-ignore-breakpoints.js
/home/graduate/.gem/ruby/1.8/gems/libv8-3.11.8.11/vendor/v8/test/mjsunit/debug-listbreakpoints.js
/home/graduate/.gem/ruby/1.8/gems/libv8-3.11.8.11/vendor/v8/test/mjsunit/debug-liveedit-1.js
/home/graduate/.gem/ruby/1.8/gems/libv8-3.11.8.11/vendor/v8/test/mjsunit/debug-liveedit-2.js
/home/graduate/.gem/ruby/1.8/gems/libv8-3.11.8.11/vendor/v8/test/mjsunit/debug-liveedit-3.js
/home/graduate/.gem/ruby/1.8/gems/libv8-3.11.8.11/vendor/v8/test/mjsunit/debug-liveedit-breakpoints.js
/home/graduate/.gem/ruby/1.8/gems/libv8-3.11.8.11/vendor/v8/test/mjsunit/debug-liveedit-check-stack.js
/home/graduate/.gem/ruby/1.8/gems/libv8-3.11.8.11/vendor/v8/test/mjsunit/debug-liveedit-diff.js
/home/graduate/.gem/ruby/1.8/gems/libv8-3.11.8.11/vendor/v8/test/mjsunit/debug-liveedit-newsource.js
/home/graduate/.gem/ruby/1.8/gems/libv8-3.11.8.11/vendor/v8/test/mjsunit/debug-liveedit-patch-positions-replace.js
/home/graduate/.gem/ruby/1.8/gems/libv8-3.11.8.11/vendor/v8/test/mjsunit/debug-liveedit-patch-positions.js
/home/graduate/.gem/ruby/1.8/gems/libv8-3.11.8.11/vendor/v8/test/mjsunit/debug-liveedit-stack-padding.js
/home/graduate/.gem/ruby/1.8/gems/libv8-3.11.8.11/vendor/v8/test/mjsunit/debug-liveedit-utils.js
/home/graduate/.gem/ruby/1.8/gems/libv8-3.11.8.11/vendor/v8/test/mjsunit/debug-mirror-cache.js
/home/graduate/.gem/ruby/1.8/gems/libv8-3.11.8.11/vendor/v8/test/mjsunit/debug-multiple-breakpoints.js
/home/graduate/.gem/ruby/1.8/gems/libv8-3.11.8.11/vendor/v8/test/mjsunit/debug-receiver.js
/home/graduate/.gem/ruby/1.8/gems/libv8-3.11.8.11/vendor/v8/test/mjsunit/debug-referenced-by.js
/home/graduate/.gem/ruby/1.8/gems/libv8-3.11.8.11/vendor/v8/test/mjsunit/debug-references.js
/home/graduate/.gem/ruby/1.8/gems/libv8-3.11.8.11/vendor/v8/test/mjsunit/debug-return-value.js
/home/graduate/.gem/ruby/1.8/gems/libv8-3.11.8.11/vendor/v8/test/mjsunit/debug-scopes.js
/home/graduate/.gem/ruby/1.8/gems/libv8-3.11.8.11/vendor/v8/test/mjsunit/debug-script-breakpoints.js
/home/graduate/.gem/ruby/1.8/gems/libv8-3.11.8.11/vendor/v8/test/mjsunit/debug-script.js
/home/graduate/.gem/ruby/1.8/gems/libv8-3.11.8.11/vendor/v8/test/mjsunit/debug-scripts-request.js
/home/graduate/.gem/ruby/1.8/gems/libv8-3.11.8.11/vendor/v8/test/mjsunit/debug-set-script-source.js
/home/graduate/.gem/ruby/1.8/gems/libv8-3.11.8.11/vendor/v8/test/mjsunit/debug-setbreakpoint.js
/home/graduate/.gem/ruby/1.8/gems/libv8-3.11.8.11/vendor/v8/test/mjsunit/debug-setexceptionbreak.js
/home/graduate/.gem/ruby/1.8/gems/libv8-3.11.8.11/vendor/v8/test/mjsunit/debug-sourceinfo.js
/home/graduate/.gem/ruby/1.8/gems/libv8-3.11.8.11/vendor/v8/test/mjsunit/debug-sourceslice.js
/home/graduate/.gem/ruby/1.8/gems/libv8-3.11.8.11/vendor/v8/test/mjsunit/debug-step-2.js
/home/graduate/.gem/ruby/1.8/gems/libv8-3.11.8.11/vendor/v8/test/mjsunit/debug-step-3.js
/home/graduate/.gem/ruby/1.8/gems/libv8-3.11.8.11/vendor/v8/test/mjsunit/debug-step-stub-callfunction.js
/home/graduate/.gem/ruby/1.8/gems/libv8-3.11.8.11/vendor/v8/test/mjsunit/debug-step.js
/home/graduate/.gem/ruby/1.8/gems/libv8-3.11.8.11/vendor/v8/test/mjsunit/debug-stepin-accessor.js
/home/graduate/.gem/ruby/1.8/gems/libv8-3.11.8.11/vendor/v8/test/mjsunit/debug-stepin-builtin-callback.js
/home/graduate/.gem/ruby/1.8/gems/libv8-3.11.8.11/vendor/v8/test/mjsunit/debug-stepin-builtin.js
/home/graduate/.gem/ruby/1.8/gems/libv8-3.11.8.11/vendor/v8/test/mjsunit/debug-stepin-call-function-stub.js
/home/graduate/.gem/ruby/1.8/gems/libv8-3.11.8.11/vendor/v8/test/mjsunit/debug-stepin-constructor.js
/home/graduate/.gem/ruby/1.8/gems/libv8-3.11.8.11/vendor/v8/test/mjsunit/debug-stepin-function-call.js
/home/graduate/.gem/ruby/1.8/gems/libv8-3.11.8.11/vendor/v8/test/mjsunit/debug-stepnext-do-while.js
/home/graduate/.gem/ruby/1.8/gems/libv8-3.11.8.11/vendor/v8/test/mjsunit/debug-stepout-recursive-function.js
/home/graduate/.gem/ruby/1.8/gems/libv8-3.11.8.11/vendor/v8/test/mjsunit/debug-stepout-scope.js
/home/graduate/.gem/ruby/1.8/gems/libv8-3.11.8.11/vendor/v8/test/mjsunit/debug-stepout-to-builtin.js
/home/graduate/.gem/ruby/1.8/gems/libv8-3.11.8.11/vendor/v8/test/mjsunit/debug-suspend.js
/home/graduate/.gem/ruby/1.8/gems/libv8-3.11.8.11/vendor/v8/test/mjsunit/debug-version.js
/home/graduate/.gem/ruby/1.8/gems/libv8-3.11.8.11/vendor/v8/test/mjsunit/declare-locally.js
/home/graduate/.gem/ruby/1.8/gems/libv8-3.11.8.11/vendor/v8/test/mjsunit/deep-recursion.js
/home/graduate/.gem/ruby/1.8/gems/libv8-3.11.8.11/vendor/v8/test/mjsunit/define-property-gc.js
/home/graduate/.gem/ruby/1.8/gems/libv8-3.11.8.11/vendor/v8/test/mjsunit/delay-syntax-error.js
/home/graduate/.gem/ruby/1.8/gems/libv8-3.11.8.11/vendor/v8/test/mjsunit/delete-global-properties.js
/home/graduate/.gem/ruby/1.8/gems/libv8-3.11.8.11/vendor/v8/test/mjsunit/delete-in-eval.js
/home/graduate/.gem/ruby/1.8/gems/libv8-3.11.8.11/vendor/v8/test/mjsunit/delete-in-with.js
/home/graduate/.gem/ruby/1.8/gems/libv8-3.11.8.11/vendor/v8/test/mjsunit/delete-vars-from-eval.js
/home/graduate/.gem/ruby/1.8/gems/libv8-3.11.8.11/vendor/v8/test/mjsunit/delete.js
/home/graduate/.gem/ruby/1.8/gems/libv8-3.11.8.11/vendor/v8/test/mjsunit/div-mod.js
/home/graduate/.gem/ruby/1.8/gems/libv8-3.11.8.11/vendor/v8/test/mjsunit/do-not-strip-fc.js
/home/graduate/.gem/ruby/1.8/gems/libv8-3.11.8.11/vendor/v8/test/mjsunit/dont-enum-array-holes.js
/home/graduate/.gem/ruby/1.8/gems/libv8-3.11.8.11/vendor/v8/test/mjsunit/dont-reinit-global-var.js
/home/graduate/.gem/ruby/1.8/gems/libv8-3.11.8.11/vendor/v8/test/mjsunit/double-equals.js
/home/graduate/.gem/ruby/1.8/gems/libv8-3.11.8.11/vendor/v8/test/mjsunit/dtoa.js
/home/graduate/.gem/ruby/1.8/gems/libv8-3.11.8.11/vendor/v8/test/mjsunit/elements-kind-depends.js
/home/graduate/.gem/ruby/1.8/gems/libv8-3.11.8.11/vendor/v8/test/mjsunit/elements-kind.js
/home/graduate/.gem/ruby/1.8/gems/libv8-3.11.8.11/vendor/v8/test/mjsunit/elements-transition-hoisting.js
/home/graduate/.gem/ruby/1.8/gems/libv8-3.11.8.11/vendor/v8/test/mjsunit/elements-transition.js
/home/graduate/.gem/ruby/1.8/gems/libv8-3.11.8.11/vendor/v8/test/mjsunit/enumeration-order.js
/home/graduate/.gem/ruby/1.8/gems/libv8-3.11.8.11/vendor/v8/test/mjsunit/error-constructors.js
/home/graduate/.gem/ruby/1.8/gems/libv8-3.11.8.11/vendor/v8/test/mjsunit/error-tostring.js
/home/graduate/.gem/ruby/1.8/gems/libv8-3.11.8.11/vendor/v8/test/mjsunit/escape.js
/home/graduate/.gem/ruby/1.8/gems/libv8-3.11.8.11/vendor/v8/test/mjsunit/eval-enclosing-function-name.js
/home/graduate/.gem/ruby/1.8/gems/libv8-3.11.8.11/vendor/v8/test/mjsunit/eval-typeof-non-existing.js
/home/graduate/.gem/ruby/1.8/gems/libv8-3.11.8.11/vendor/v8/test/mjsunit/eval.js
/home/graduate/.gem/ruby/1.8/gems/libv8-3.11.8.11/vendor/v8/test/mjsunit/external-array.js
/home/graduate/.gem/ruby/1.8/gems/libv8-3.11.8.11/vendor/v8/test/mjsunit/extra-arguments.js
/home/graduate/.gem/ruby/1.8/gems/libv8-3.11.8.11/vendor/v8/test/mjsunit/extra-commas.js
/home/graduate/.gem/ruby/1.8/gems/libv8-3.11.8.11/vendor/v8/test/mjsunit/fast-element-smi-check.js
/home/graduate/.gem/ruby/1.8/gems/libv8-3.11.8.11/vendor/v8/test/mjsunit/for-in-delete.js
/home/graduate/.gem/ruby/1.8/gems/libv8-3.11.8.11/vendor/v8/test/mjsunit/for-in-null-or-undefined.js
/home/graduate/.gem/ruby/1.8/gems/libv8-3.11.8.11/vendor/v8/test/mjsunit/for-in-special-cases.js
/home/graduate/.gem/ruby/1.8/gems/libv8-3.11.8.11/vendor/v8/test/mjsunit/for-in.js
/home/graduate/.gem/ruby/1.8/gems/libv8-3.11.8.11/vendor/v8/test/mjsunit/for.js
/home/graduate/.gem/ruby/1.8/gems/libv8-3.11.8.11/vendor/v8/test/mjsunit/fun-as-prototype.js
/home/graduate/.gem/ruby/1.8/gems/libv8-3.11.8.11/vendor/v8/test/mjsunit/fun-name.js
/home/graduate/.gem/ruby/1.8/gems/libv8-3.11.8.11/vendor/v8/test/mjsunit/function-arguments-null.js
/home/graduate/.gem/ruby/1.8/gems/libv8-3.11.8.11/vendor/v8/test/mjsunit/function-bind.js
/home/graduate/.gem/ruby/1.8/gems/libv8-3.11.8.11/vendor/v8/test/mjsunit/function-call.js
/home/graduate/.gem/ruby/1.8/gems/libv8-3.11.8.11/vendor/v8/test/mjsunit/function-caller.js
/home/graduate/.gem/ruby/1.8/gems/libv8-3.11.8.11/vendor/v8/test/mjsunit/function-named-self-reference.js
/home/graduate/.gem/ruby/1.8/gems/libv8-3.11.8.11/vendor/v8/test/mjsunit/function-names.js
/home/graduate/.gem/ruby/1.8/gems/libv8-3.11.8.11/vendor/v8/test/mjsunit/function-property.js
/home/graduate/.gem/ruby/1.8/gems/libv8-3.11.8.11/vendor/v8/test/mjsunit/function-prototype.js
/home/graduate/.gem/ruby/1.8/gems/libv8-3.11.8.11/vendor/v8/test/mjsunit/function-source.js
/home/graduate/.gem/ruby/1.8/gems/libv8-3.11.8.11/vendor/v8/test/mjsunit/function-without-prototype.js
/home/graduate/.gem/ruby/1.8/gems/libv8-3.11.8.11/vendor/v8/test/mjsunit/function.js
/home/graduate/.gem/ruby/1.8/gems/libv8-3.11.8.11/vendor/v8/test/mjsunit/fuzz-accessors.js
/home/graduate/.gem/ruby/1.8/gems/libv8-3.11.8.11/vendor/v8/test/mjsunit/fuzz-natives.js
/home/graduate/.gem/ruby/1.8/gems/libv8-3.11.8.11/vendor/v8/test/mjsunit/get-own-property-descriptor.js
/home/graduate/.gem/ruby/1.8/gems/libv8-3.11.8.11/vendor/v8/test/mjsunit/get-prototype-of.js
/home/graduate/.gem/ruby/1.8/gems/libv8-3.11.8.11/vendor/v8/test/mjsunit/getter-in-prototype.js
/home/graduate/.gem/ruby/1.8/gems/libv8-3.11.8.11/vendor/v8/test/mjsunit/getter-in-value-prototype.js
/home/graduate/.gem/ruby/1.8/gems/libv8-3.11.8.11/vendor/v8/test/mjsunit/global-accessors.js
/home/graduate/.gem/ruby/1.8/gems/libv8-3.11.8.11/vendor/v8/test/mjsunit/global-const-var-conflicts.js
/home/graduate/.gem/ruby/1.8/gems/libv8-3.11.8.11/vendor/v8/test/mjsunit/global-deleted-property-ic.js
/home/graduate/.gem/ruby/1.8/gems/libv8-3.11.8.11/vendor/v8/test/mjsunit/global-deleted-property-keyed.js
/home/graduate/.gem/ruby/1.8/gems/libv8-3.11.8.11/vendor/v8/test/mjsunit/global-ic.js
/home/graduate/.gem/ruby/1.8/gems/libv8-3.11.8.11/vendor/v8/test/mjsunit/global-load-from-eval-in-with.js
/home/graduate/.gem/ruby/1.8/gems/libv8-3.11.8.11/vendor/v8/test/mjsunit/global-load-from-eval.js
/home/graduate/.gem/ruby/1.8/gems/libv8-3.11.8.11/vendor/v8/test/mjsunit/global-load-from-nested-eval.js
/home/graduate/.gem/ruby/1.8/gems/libv8-3.11.8.11/vendor/v8/test/mjsunit/global-vars-eval.js
/home/graduate/.gem/ruby/1.8/gems/libv8-3.11.8.11/vendor/v8/test/mjsunit/global-vars-with.js
/home/graduate/.gem/ruby/1.8/gems/libv8-3.11.8.11/vendor/v8/test/mjsunit/greedy.js
/home/graduate/.gem/ruby/1.8/gems/libv8-3.11.8.11/vendor/v8/test/mjsunit/harmony/block-conflicts.js
/home/graduate/.gem/ruby/1.8/gems/libv8-3.11.8.11/vendor/v8/test/mjsunit/harmony/block-const-assign.js
/home/graduate/.gem/ruby/1.8/gems/libv8-3.11.8.11/vendor/v8/test/mjsunit/harmony/block-early-errors.js
/home/graduate/.gem/ruby/1.8/gems/libv8-3.11.8.11/vendor/v8/test/mjsunit/harmony/block-for.js
/home/graduate/.gem/ruby/1.8/gems/libv8-3.11.8.11/vendor/v8/test/mjsunit/harmony/block-lazy-compile.js
/home/graduate/.gem/ruby/1.8/gems/libv8-3.11.8.11/vendor/v8/test/mjsunit/harmony/block-leave.js
/home/graduate/.gem/ruby/1.8/gems/libv8-3.11.8.11/vendor/v8/test/mjsunit/harmony/block-let-crankshaft.js
/home/graduate/.gem/ruby/1.8/gems/libv8-3.11.8.11/vendor/v8/test/mjsunit/harmony/block-let-declaration.js
/home/graduate/.gem/ruby/1.8/gems/libv8-3.11.8.11/vendor/v8/test/mjsunit/harmony/block-let-semantics.js
/home/graduate/.gem/ruby/1.8/gems/libv8-3.11.8.11/vendor/v8/test/mjsunit/harmony/block-scoping.js
/home/graduate/.gem/ruby/1.8/gems/libv8-3.11.8.11/vendor/v8/test/mjsunit/harmony/collections.js
/home/graduate/.gem/ruby/1.8/gems/libv8-3.11.8.11/vendor/v8/test/mjsunit/harmony/debug-blockscopes.js
/home/graduate/.gem/ruby/1.8/gems/libv8-3.11.8.11/vendor/v8/test/mjsunit/harmony/debug-evaluate-blockscopes.js
/home/graduate/.gem/ruby/1.8/gems/libv8-3.11.8.11/vendor/v8/test/mjsunit/harmony/debug-function-scopes.js
/home/graduate/.gem/ruby/1.8/gems/libv8-3.11.8.11/vendor/v8/test/mjsunit/harmony/module-linking.js
/home/graduate/.gem/ruby/1.8/gems/libv8-3.11.8.11/vendor/v8/test/mjsunit/harmony/module-parsing.js
/home/graduate/.gem/ruby/1.8/gems/libv8-3.11.8.11/vendor/v8/test/mjsunit/harmony/module-resolution.js
/home/graduate/.gem/ruby/1.8/gems/libv8-3.11.8.11/vendor/v8/test/mjsunit/harmony/proxies-example-membrane.js
/home/graduate/.gem/ruby/1.8/gems/libv8-3.11.8.11/vendor/v8/test/mjsunit/harmony/proxies-for.js
/home/graduate/.gem/ruby/1.8/gems/libv8-3.11.8.11/vendor/v8/test/mjsunit/harmony/proxies-function.js
/home/graduate/.gem/ruby/1.8/gems/libv8-3.11.8.11/vendor/v8/test/mjsunit/harmony/proxies-hash.js
/home/graduate/.gem/ruby/1.8/gems/libv8-3.11.8.11/vendor/v8/test/mjsunit/harmony/proxies.js
/home/graduate/.gem/ruby/1.8/gems/libv8-3.11.8.11/vendor/v8/test/mjsunit/harmony/typeof.js
/home/graduate/.gem/ruby/1.8/gems/libv8-3.11.8.11/vendor/v8/test/mjsunit/has-own-property.js
/home/graduate/.gem/ruby/1.8/gems/libv8-3.11.8.11/vendor/v8/test/mjsunit/hex-parsing.js
/home/graduate/.gem/ruby/1.8/gems/libv8-3.11.8.11/vendor/v8/test/mjsunit/html-comments.js
/home/graduate/.gem/ruby/1.8/gems/libv8-3.11.8.11/vendor/v8/test/mjsunit/html-string-funcs.js
/home/graduate/.gem/ruby/1.8/gems/libv8-3.11.8.11/vendor/v8/test/mjsunit/if-in-undefined.js
/home/graduate/.gem/ruby/1.8/gems/libv8-3.11.8.11/vendor/v8/test/mjsunit/in.js
/home/graduate/.gem/ruby/1.8/gems/libv8-3.11.8.11/vendor/v8/test/mjsunit/indexed-accessors.js
/home/graduate/.gem/ruby/1.8/gems/libv8-3.11.8.11/vendor/v8/test/mjsunit/indexed-value-properties.js
/home/graduate/.gem/ruby/1.8/gems/libv8-3.11.8.11/vendor/v8/test/mjsunit/instanceof-2.js
/home/graduate/.gem/ruby/1.8/gems/libv8-3.11.8.11/vendor/v8/test/mjsunit/instanceof.js
/home/graduate/.gem/ruby/1.8/gems/libv8-3.11.8.11/vendor/v8/test/mjsunit/int32-ops.js
/home/graduate/.gem/ruby/1.8/gems/libv8-3.11.8.11/vendor/v8/test/mjsunit/integer-to-string.js
/home/graduate/.gem/ruby/1.8/gems/libv8-3.11.8.11/vendor/v8/test/mjsunit/invalid-lhs.js
/home/graduate/.gem/ruby/1.8/gems/libv8-3.11.8.11/vendor/v8/test/mjsunit/invalid-source-element.js
/home/graduate/.gem/ruby/1.8/gems/libv8-3.11.8.11/vendor/v8/test/mjsunit/json.js
/home/graduate/.gem/ruby/1.8/gems/libv8-3.11.8.11/vendor/v8/test/mjsunit/keyed-call-generic.js
/home/graduate/.gem/ruby/1.8/gems/libv8-3.11.8.11/vendor/v8/test/mjsunit/keyed-call-ic.js
/home/graduate/.gem/ruby/1.8/gems/libv8-3.11.8.11/vendor/v8/test/mjsunit/keyed-ic.js
/home/graduate/.gem/ruby/1.8/gems/libv8-3.11.8.11/vendor/v8/test/mjsunit/keyed-storage-extend.js
/home/graduate/.gem/ruby/1.8/gems/libv8-3.11.8.11/vendor/v8/test/mjsunit/keywords-and-reserved_words.js
/home/graduate/.gem/ruby/1.8/gems/libv8-3.11.8.11/vendor/v8/test/mjsunit/large-object-allocation.js
/home/graduate/.gem/ruby/1.8/gems/libv8-3.11.8.11/vendor/v8/test/mjsunit/large-object-literal.js
/home/graduate/.gem/ruby/1.8/gems/libv8-3.11.8.11/vendor/v8/test/mjsunit/lazy-load.js
/home/graduate/.gem/ruby/1.8/gems/libv8-3.11.8.11/vendor/v8/test/mjsunit/leakcheck.js
/home/graduate/.gem/ruby/1.8/gems/libv8-3.11.8.11/vendor/v8/test/mjsunit/length.js
/home/graduate/.gem/ruby/1.8/gems/libv8-3.11.8.11/vendor/v8/test/mjsunit/limit-locals.js
/home/graduate/.gem/ruby/1.8/gems/libv8-3.11.8.11/vendor/v8/test/mjsunit/local-load-from-eval.js
/home/graduate/.gem/ruby/1.8/gems/libv8-3.11.8.11/vendor/v8/test/mjsunit/logical.js
/home/graduate/.gem/ruby/1.8/gems/libv8-3.11.8.11/vendor/v8/test/mjsunit/math-abs.js
/home/graduate/.gem/ruby/1.8/gems/libv8-3.11.8.11/vendor/v8/test/mjsunit/math-floor-of-div.js
/home/graduate/.gem/ruby/1.8/gems/libv8-3.11.8.11/vendor/v8/test/mjsunit/math-floor.js
/home/graduate/.gem/ruby/1.8/gems/libv8-3.11.8.11/vendor/v8/test/mjsunit/math-min-max.js
/home/graduate/.gem/ruby/1.8/gems/libv8-3.11.8.11/vendor/v8/test/mjsunit/math-pow.js
/home/graduate/.gem/ruby/1.8/gems/libv8-3.11.8.11/vendor/v8/test/mjsunit/math-round.js
/home/graduate/.gem/ruby/1.8/gems/libv8-3.11.8.11/vendor/v8/test/mjsunit/math-sqrt.js
/home/graduate/.gem/ruby/1.8/gems/libv8-3.11.8.11/vendor/v8/test/mjsunit/megamorphic-callbacks.js
/home/graduate/.gem/ruby/1.8/gems/libv8-3.11.8.11/vendor/v8/test/mjsunit/mirror-array.js
/home/graduate/.gem/ruby/1.8/gems/libv8-3.11.8.11/vendor/v8/test/mjsunit/mirror-boolean.js
/home/graduate/.gem/ruby/1.8/gems/libv8-3.11.8.11/vendor/v8/test/mjsunit/mirror-date.js
/home/graduate/.gem/ruby/1.8/gems/libv8-3.11.8.11/vendor/v8/test/mjsunit/mirror-error.js
/home/graduate/.gem/ruby/1.8/gems/libv8-3.11.8.11/vendor/v8/test/mjsunit/mirror-function.js
/home/graduate/.gem/ruby/1.8/gems/libv8-3.11.8.11/vendor/v8/test/mjsunit/mirror-null.js
/home/graduate/.gem/ruby/1.8/gems/libv8-3.11.8.11/vendor/v8/test/mjsunit/mirror-number.js
/home/graduate/.gem/ruby/1.8/gems/libv8-3.11.8.11/vendor/v8/test/mjsunit/mirror-object.js
/home/graduate/.gem/ruby/1.8/gems/libv8-3.11.8.11/vendor/v8/test/mjsunit/mirror-regexp.js
/home/graduate/.gem/ruby/1.8/gems/libv8-3.11.8.11/vendor/v8/test/mjsunit/mirror-script.js
/home/graduate/.gem/ruby/1.8/gems/libv8-3.11.8.11/vendor/v8/test/mjsunit/mirror-string.js
/home/graduate/.gem/ruby/1.8/gems/libv8-3.11.8.11/vendor/v8/test/mjsunit/mirror-undefined.js
/home/graduate/.gem/ruby/1.8/gems/libv8-3.11.8.11/vendor/v8/test/mjsunit/mirror-unresolved-function.js
/home/graduate/.gem/ruby/1.8/gems/libv8-3.11.8.11/vendor/v8/test/mjsunit/mjsunit.js
/home/graduate/.gem/ruby/1.8/gems/libv8-3.11.8.11/vendor/v8/test/mjsunit/mjsunit.status
/home/graduate/.gem/ruby/1.8/gems/libv8-3.11.8.11/vendor/v8/test/mjsunit/mod.js
/home/graduate/.gem/ruby/1.8/gems/libv8-3.11.8.11/vendor/v8/test/mjsunit/mul-exhaustive.js
/home/graduate/.gem/ruby/1.8/gems/libv8-3.11.8.11/vendor/v8/test/mjsunit/multiline.js
/home/graduate/.gem/ruby/1.8/gems/libv8-3.11.8.11/vendor/v8/test/mjsunit/multiple-return.js
/home/graduate/.gem/ruby/1.8/gems/libv8-3.11.8.11/vendor/v8/test/mjsunit/negate-zero.js
/home/graduate/.gem/ruby/1.8/gems/libv8-3.11.8.11/vendor/v8/test/mjsunit/negate.js
/home/graduate/.gem/ruby/1.8/gems/libv8-3.11.8.11/vendor/v8/test/mjsunit/new.js
/home/graduate/.gem/ruby/1.8/gems/libv8-3.11.8.11/vendor/v8/test/mjsunit/newline-in-string.js
/home/graduate/.gem/ruby/1.8/gems/libv8-3.11.8.11/vendor/v8/test/mjsunit/no-branch-elimination.js
/home/graduate/.gem/ruby/1.8/gems/libv8-3.11.8.11/vendor/v8/test/mjsunit/no-octal-constants-above-256.js
/home/graduate/.gem/ruby/1.8/gems/libv8-3.11.8.11/vendor/v8/test/mjsunit/no-semicolon.js
/home/graduate/.gem/ruby/1.8/gems/libv8-3.11.8.11/vendor/v8/test/mjsunit/non-ascii-replace.js
/home/graduate/.gem/ruby/1.8/gems/libv8-3.11.8.11/vendor/v8/test/mjsunit/not.js
/home/graduate/.gem/ruby/1.8/gems/libv8-3.11.8.11/vendor/v8/test/mjsunit/nul-characters.js
/home/graduate/.gem/ruby/1.8/gems/libv8-3.11.8.11/vendor/v8/test/mjsunit/number-is.js
/home/graduate/.gem/ruby/1.8/gems/libv8-3.11.8.11/vendor/v8/test/mjsunit/number-limits.js
/home/graduate/.gem/ruby/1.8/gems/libv8-3.11.8.11/vendor/v8/test/mjsunit/number-string-index-call.js
/home/graduate/.gem/ruby/1.8/gems/libv8-3.11.8.11/vendor/v8/test/mjsunit/number-tostring-small.js
/home/graduate/.gem/ruby/1.8/gems/libv8-3.11.8.11/vendor/v8/test/mjsunit/number-tostring.js
/home/graduate/.gem/ruby/1.8/gems/libv8-3.11.8.11/vendor/v8/test/mjsunit/numops-fuzz.js
/home/graduate/.gem/ruby/1.8/gems/libv8-3.11.8.11/vendor/v8/test/mjsunit/obj-construct.js
/home/graduate/.gem/ruby/1.8/gems/libv8-3.11.8.11/vendor/v8/test/mjsunit/object-create.js
/home/graduate/.gem/ruby/1.8/gems/libv8-3.11.8.11/vendor/v8/test/mjsunit/object-define-properties.js
/home/graduate/.gem/ruby/1.8/gems/libv8-3.11.8.11/vendor/v8/test/mjsunit/object-define-property.js
/home/graduate/.gem/ruby/1.8/gems/libv8-3.11.8.11/vendor/v8/test/mjsunit/object-freeze.js
/home/graduate/.gem/ruby/1.8/gems/libv8-3.11.8.11/vendor/v8/test/mjsunit/object-get-own-property-names.js
/home/graduate/.gem/ruby/1.8/gems/libv8-3.11.8.11/vendor/v8/test/mjsunit/object-is.js
/home/graduate/.gem/ruby/1.8/gems/libv8-3.11.8.11/vendor/v8/test/mjsunit/object-literal-conversions.js
/home/graduate/.gem/ruby/1.8/gems/libv8-3.11.8.11/vendor/v8/test/mjsunit/object-literal-gc.js
/home/graduate/.gem/ruby/1.8/gems/libv8-3.11.8.11/vendor/v8/test/mjsunit/object-literal-overwrite.js
/home/graduate/.gem/ruby/1.8/gems/libv8-3.11.8.11/vendor/v8/test/mjsunit/object-literal.js
/home/graduate/.gem/ruby/1.8/gems/libv8-3.11.8.11/vendor/v8/test/mjsunit/object-prevent-extensions.js
/home/graduate/.gem/ruby/1.8/gems/libv8-3.11.8.11/vendor/v8/test/mjsunit/object-seal.js
/home/graduate/.gem/ruby/1.8/gems/libv8-3.11.8.11/vendor/v8/test/mjsunit/object-toprimitive.js
/home/graduate/.gem/ruby/1.8/gems/libv8-3.11.8.11/vendor/v8/test/mjsunit/optimized-typeof.js
/home/graduate/.gem/ruby/1.8/gems/libv8-3.11.8.11/vendor/v8/test/mjsunit/override-read-only-property.js
/home/graduate/.gem/ruby/1.8/gems/libv8-3.11.8.11/vendor/v8/test/mjsunit/packed-elements.js
/home/graduate/.gem/ruby/1.8/gems/libv8-3.11.8.11/vendor/v8/test/mjsunit/parse-int-float.js
/home/graduate/.gem/ruby/1.8/gems/libv8-3.11.8.11/vendor/v8/test/mjsunit/pixel-array-rounding.js
/home/graduate/.gem/ruby/1.8/gems/libv8-3.11.8.11/vendor/v8/test/mjsunit/polymorph-arrays.js
/home/graduate/.gem/ruby/1.8/gems/libv8-3.11.8.11/vendor/v8/test/mjsunit/property-load-across-eval.js
/home/graduate/.gem/ruby/1.8/gems/libv8-3.11.8.11/vendor/v8/test/mjsunit/property-object-key.js
/home/graduate/.gem/ruby/1.8/gems/libv8-3.11.8.11/vendor/v8/test/mjsunit/proto.js
/home/graduate/.gem/ruby/1.8/gems/libv8-3.11.8.11/vendor/v8/test/mjsunit/prototype.js
/home/graduate/.gem/ruby/1.8/gems/libv8-3.11.8.11/vendor/v8/test/mjsunit/receiver-in-with-calls.js
/home/graduate/.gem/ruby/1.8/gems/libv8-3.11.8.11/vendor/v8/test/mjsunit/regexp-UC16.js
/home/graduate/.gem/ruby/1.8/gems/libv8-3.11.8.11/vendor/v8/test/mjsunit/regexp-cache-replace.js
/home/graduate/.gem/ruby/1.8/gems/libv8-3.11.8.11/vendor/v8/test/mjsunit/regexp-call-as-function.js
/home/graduate/.gem/ruby/1.8/gems/libv8-3.11.8.11/vendor/v8/test/mjsunit/regexp-capture-3.js
/home/graduate/.gem/ruby/1.8/gems/libv8-3.11.8.11/vendor/v8/test/mjsunit/regexp-capture.js
/home/graduate/.gem/ruby/1.8/gems/libv8-3.11.8.11/vendor/v8/test/mjsunit/regexp-captures.js
/home/graduate/.gem/ruby/1.8/gems/libv8-3.11.8.11/vendor/v8/test/mjsunit/regexp-compile.js
/home/graduate/.gem/ruby/1.8/gems/libv8-3.11.8.11/vendor/v8/test/mjsunit/regexp-global.js
/home/graduate/.gem/ruby/1.8/gems/libv8-3.11.8.11/vendor/v8/test/mjsunit/regexp-indexof.js
/home/graduate/.gem/ruby/1.8/gems/libv8-3.11.8.11/vendor/v8/test/mjsunit/regexp-lookahead.js
/home/graduate/.gem/ruby/1.8/gems/libv8-3.11.8.11/vendor/v8/test/mjsunit/regexp-loop-capture.js
/home/graduate/.gem/ruby/1.8/gems/libv8-3.11.8.11/vendor/v8/test/mjsunit/regexp-multiline-stack-trace.js
/home/graduate/.gem/ruby/1.8/gems/libv8-3.11.8.11/vendor/v8/test/mjsunit/regexp-multiline.js
/home/graduate/.gem/ruby/1.8/gems/libv8-3.11.8.11/vendor/v8/test/mjsunit/regexp-standalones.js
/home/graduate/.gem/ruby/1.8/gems/libv8-3.11.8.11/vendor/v8/test/mjsunit/regexp-static.js
/home/graduate/.gem/ruby/1.8/gems/libv8-3.11.8.11/vendor/v8/test/mjsunit/regexp-string-methods.js
/home/graduate/.gem/ruby/1.8/gems/libv8-3.11.8.11/vendor/v8/test/mjsunit/regexp.js
/home/graduate/.gem/ruby/1.8/gems/libv8-3.11.8.11/vendor/v8/test/mjsunit/regress/bitops-register-alias.js
/home/graduate/.gem/ruby/1.8/gems/libv8-3.11.8.11/vendor/v8/test/mjsunit/regress/regress-100409.js
/home/graduate/.gem/ruby/1.8/gems/libv8-3.11.8.11/vendor/v8/test/mjsunit/regress/regress-100702.js
/home/graduate/.gem/ruby/1.8/gems/libv8-3.11.8.11/vendor/v8/test/mjsunit/regress/regress-1015.js
/home/graduate/.gem/ruby/1.8/gems/libv8-3.11.8.11/vendor/v8/test/mjsunit/regress/regress-1017.js
/home/graduate/.gem/ruby/1.8/gems/libv8-3.11.8.11/vendor/v8/test/mjsunit/regress/regress-1020.js
/home/graduate/.gem/ruby/1.8/gems/libv8-3.11.8.11/vendor/v8/test/mjsunit/regress/regress-102153.js
/home/graduate/.gem/ruby/1.8/gems/libv8-3.11.8.11/vendor/v8/test/mjsunit/regress/regress-1030466.js
/home/graduate/.gem/ruby/1.8/gems/libv8-3.11.8.11/vendor/v8/test/mjsunit/regress/regress-103259.js
/home/graduate/.gem/ruby/1.8/gems/libv8-3.11.8.11/vendor/v8/test/mjsunit/regress/regress-1036894.js
/home/graduate/.gem/ruby/1.8/gems/libv8-3.11.8.11/vendor/v8/test/mjsunit/regress/regress-1039610.js
/home/graduate/.gem/ruby/1.8/gems/libv8-3.11.8.11/vendor/v8/test/mjsunit/regress/regress-1050043.js
/home/graduate/.gem/ruby/1.8/gems/libv8-3.11.8.11/vendor/v8/test/mjsunit/regress/regress-1060.js
/home/graduate/.gem/ruby/1.8/gems/libv8-3.11.8.11/vendor/v8/test/mjsunit/regress/regress-1062422.js
/home/graduate/.gem/ruby/1.8/gems/libv8-3.11.8.11/vendor/v8/test/mjsunit/regress/regress-1066899.js
/home/graduate/.gem/ruby/1.8/gems/libv8-3.11.8.11/vendor/v8/test/mjsunit/regress/regress-1079.js
/home/graduate/.gem/ruby/1.8/gems/libv8-3.11.8.11/vendor/v8/test/mjsunit/regress/regress-1081309.js
/home/graduate/.gem/ruby/1.8/gems/libv8-3.11.8.11/vendor/v8/test/mjsunit/regress/regress-108296.js
/home/graduate/.gem/ruby/1.8/gems/libv8-3.11.8.11/vendor/v8/test/mjsunit/regress/regress-1083.js
/home/graduate/.gem/ruby/1.8/gems/libv8-3.11.8.11/vendor/v8/test/mjsunit/regress/regress-109195.js
/home/graduate/.gem/ruby/1.8/gems/libv8-3.11.8.11/vendor/v8/test/mjsunit/regress/regress-1092.js
/home/graduate/.gem/ruby/1.8/gems/libv8-3.11.8.11/vendor/v8/test/mjsunit/regress/regress-1099.js
/home/graduate/.gem/ruby/1.8/gems/libv8-3.11.8.11/vendor/v8/test/mjsunit/regress/regress-1102760.js
/home/graduate/.gem/ruby/1.8/gems/libv8-3.11.8.11/vendor/v8/test/mjsunit/regress/regress-1103.js
/home/graduate/.gem/ruby/1.8/gems/libv8-3.11.8.11/vendor/v8/test/mjsunit/regress/regress-1104.js
/home/graduate/.gem/ruby/1.8/gems/libv8-3.11.8.11/vendor/v8/test/mjsunit/regress/regress-110509.js
/home/graduate/.gem/ruby/1.8/gems/libv8-3.11.8.11/vendor/v8/test/mjsunit/regress/regress-1106.js
/home/graduate/.gem/ruby/1.8/gems/libv8-3.11.8.11/vendor/v8/test/mjsunit/regress/regress-1107.js
/home/graduate/.gem/ruby/1.8/gems/libv8-3.11.8.11/vendor/v8/test/mjsunit/regress/regress-1110.js
/home/graduate/.gem/ruby/1.8/gems/libv8-3.11.8.11/vendor/v8/test/mjsunit/regress/regress-1110164.js
/home/graduate/.gem/ruby/1.8/gems/libv8-3.11.8.11/vendor/v8/test/mjsunit/regress/regress-1112.js
/home/graduate/.gem/ruby/1.8/gems/libv8-3.11.8.11/vendor/v8/test/mjsunit/regress/regress-1112051.js
/home/graduate/.gem/ruby/1.8/gems/libv8-3.11.8.11/vendor/v8/test/mjsunit/regress/regress-1114040.js
/home/graduate/.gem/ruby/1.8/gems/libv8-3.11.8.11/vendor/v8/test/mjsunit/regress/regress-1117.js
/home/graduate/.gem/ruby/1.8/gems/libv8-3.11.8.11/vendor/v8/test/mjsunit/regress/regress-1118.js
/home/graduate/.gem/ruby/1.8/gems/libv8-3.11.8.11/vendor/v8/test/mjsunit/regress/regress-1119.js
/home/graduate/.gem/ruby/1.8/gems/libv8-3.11.8.11/vendor/v8/test/mjsunit/regress/regress-1120.js
/home/graduate/.gem/ruby/1.8/gems/libv8-3.11.8.11/vendor/v8/test/mjsunit/regress/regress-1121.js
/home/graduate/.gem/ruby/1.8/gems/libv8-3.11.8.11/vendor/v8/test/mjsunit/regress/regress-1122.js
/home/graduate/.gem/ruby/1.8/gems/libv8-3.11.8.11/vendor/v8/test/mjsunit/regress/regress-1125.js
/home/graduate/.gem/ruby/1.8/gems/libv8-3.11.8.11/vendor/v8/test/mjsunit/regress/regress-1126.js
/home/graduate/.gem/ruby/1.8/gems/libv8-3.11.8.11/vendor/v8/test/mjsunit/regress/regress-1129.js
/home/graduate/.gem/ruby/1.8/gems/libv8-3.11.8.11/vendor/v8/test/mjsunit/regress/regress-1130.js
/home/graduate/.gem/ruby/1.8/gems/libv8-3.11.8.11/vendor/v8/test/mjsunit/regress/regress-1131.js
/home/graduate/.gem/ruby/1.8/gems/libv8-3.11.8.11/vendor/v8/test/mjsunit/regress/regress-1132.js
/home/graduate/.gem/ruby/1.8/gems/libv8-3.11.8.11/vendor/v8/test/mjsunit/regress/regress-1134697.js
/home/graduate/.gem/ruby/1.8/gems/libv8-3.11.8.11/vendor/v8/test/mjsunit/regress/regress-113924.js
/home/graduate/.gem/ruby/1.8/gems/libv8-3.11.8.11/vendor/v8/test/mjsunit/regress/regress-114.js
/home/graduate/.gem/ruby/1.8/gems/libv8-3.11.8.11/vendor/v8/test/mjsunit/regress/regress-1145.js
/home/graduate/.gem/ruby/1.8/gems/libv8-3.11.8.11/vendor/v8/test/mjsunit/regress/regress-1146.js
/home/graduate/.gem/ruby/1.8/gems/libv8-3.11.8.11/vendor/v8/test/mjsunit/regress/regress-1149.js
/home/graduate/.gem/ruby/1.8/gems/libv8-3.11.8.11/vendor/v8/test/mjsunit/regress/regress-1150.js
/home/graduate/.gem/ruby/1.8/gems/libv8-3.11.8.11/vendor/v8/test/mjsunit/regress/regress-1151.js
/home/graduate/.gem/ruby/1.8/gems/libv8-3.11.8.11/vendor/v8/test/mjsunit/regress/regress-115452.js
/home/graduate/.gem/ruby/1.8/gems/libv8-3.11.8.11/vendor/v8/test/mjsunit/regress/regress-1156.js
/home/graduate/.gem/ruby/1.8/gems/libv8-3.11.8.11/vendor/v8/test/mjsunit/regress/regress-116.js
/home/graduate/.gem/ruby/1.8/gems/libv8-3.11.8.11/vendor/v8/test/mjsunit/regress/regress-1160.js
/home/graduate/.gem/ruby/1.8/gems/libv8-3.11.8.11/vendor/v8/test/mjsunit/regress/regress-1166.js
/home/graduate/.gem/ruby/1.8/gems/libv8-3.11.8.11/vendor/v8/test/mjsunit/regress/regress-1167.js
/home/graduate/.gem/ruby/1.8/gems/libv8-3.11.8.11/vendor/v8/test/mjsunit/regress/regress-1170.js
/home/graduate/.gem/ruby/1.8/gems/libv8-3.11.8.11/vendor/v8/test/mjsunit/regress/regress-1170187.js
/home/graduate/.gem/ruby/1.8/gems/libv8-3.11.8.11/vendor/v8/test/mjsunit/regress/regress-1172-bis.js
/home/graduate/.gem/ruby/1.8/gems/libv8-3.11.8.11/vendor/v8/test/mjsunit/regress/regress-1172.js
/home/graduate/.gem/ruby/1.8/gems/libv8-3.11.8.11/vendor/v8/test/mjsunit/regress/regress-1173979.js
/home/graduate/.gem/ruby/1.8/gems/libv8-3.11.8.11/vendor/v8/test/mjsunit/regress/regress-1174.js
/home/graduate/.gem/ruby/1.8/gems/libv8-3.11.8.11/vendor/v8/test/mjsunit/regress/regress-117409.js
/home/graduate/.gem/ruby/1.8/gems/libv8-3.11.8.11/vendor/v8/test/mjsunit/regress/regress-1175390.js
/home/graduate/.gem/ruby/1.8/gems/libv8-3.11.8.11/vendor/v8/test/mjsunit/regress/regress-1176.js
/home/graduate/.gem/ruby/1.8/gems/libv8-3.11.8.11/vendor/v8/test/mjsunit/regress/regress-1177518.js
/home/graduate/.gem/ruby/1.8/gems/libv8-3.11.8.11/vendor/v8/test/mjsunit/regress/regress-1177809.js
/home/graduate/.gem/ruby/1.8/gems/libv8-3.11.8.11/vendor/v8/test/mjsunit/regress/regress-117794.js
/home/graduate/.gem/ruby/1.8/gems/libv8-3.11.8.11/vendor/v8/test/mjsunit/regress/regress-1178598.js
/home/graduate/.gem/ruby/1.8/gems/libv8-3.11.8.11/vendor/v8/test/mjsunit/regress/regress-1181.js
/home/graduate/.gem/ruby/1.8/gems/libv8-3.11.8.11/vendor/v8/test/mjsunit/regress/regress-1182832.js
/home/graduate/.gem/ruby/1.8/gems/libv8-3.11.8.11/vendor/v8/test/mjsunit/regress/regress-1184.js
/home/graduate/.gem/ruby/1.8/gems/libv8-3.11.8.11/vendor/v8/test/mjsunit/regress/regress-1187524.js
/home/graduate/.gem/ruby/1.8/gems/libv8-3.11.8.11/vendor/v8/test/mjsunit/regress/regress-119429.js
/home/graduate/.gem/ruby/1.8/gems/libv8-3.11.8.11/vendor/v8/test/mjsunit/regress/regress-119609.js
/home/graduate/.gem/ruby/1.8/gems/libv8-3.11.8.11/vendor/v8/test/mjsunit/regress/regress-119925.js
/home/graduate/.gem/ruby/1.8/gems/libv8-3.11.8.11/vendor/v8/test/mjsunit/regress/regress-1199401.js
/home/graduate/.gem/ruby/1.8/gems/libv8-3.11.8.11/vendor/v8/test/mjsunit/regress/regress-1199637.js
/home/graduate/.gem/ruby/1.8/gems/libv8-3.11.8.11/vendor/v8/test/mjsunit/regress/regress-1200351.js
/home/graduate/.gem/ruby/1.8/gems/libv8-3.11.8.11/vendor/v8/test/mjsunit/regress/regress-120099.js
/home/graduate/.gem/ruby/1.8/gems/libv8-3.11.8.11/vendor/v8/test/mjsunit/regress/regress-1201933.js
/home/graduate/.gem/ruby/1.8/gems/libv8-3.11.8.11/vendor/v8/test/mjsunit/regress/regress-1203459.js
/home/graduate/.gem/ruby/1.8/gems/libv8-3.11.8.11/vendor/v8/test/mjsunit/regress/regress-1207.js
/home/graduate/.gem/ruby/1.8/gems/libv8-3.11.8.11/vendor/v8/test/mjsunit/regress/regress-1207276.js
/home/graduate/.gem/ruby/1.8/gems/libv8-3.11.8.11/vendor/v8/test/mjsunit/regress/regress-1209.js
/home/graduate/.gem/ruby/1.8/gems/libv8-3.11.8.11/vendor/v8/test/mjsunit/regress/regress-1210.js
/home/graduate/.gem/ruby/1.8/gems/libv8-3.11.8.11/vendor/v8/test/mjsunit/regress/regress-1213.js
/home/graduate/.gem/ruby/1.8/gems/libv8-3.11.8.11/vendor/v8/test/mjsunit/regress/regress-1213516.js
/home/graduate/.gem/ruby/1.8/gems/libv8-3.11.8.11/vendor/v8/test/mjsunit/regress/regress-1213575.js
/home/graduate/.gem/ruby/1.8/gems/libv8-3.11.8.11/vendor/v8/test/mjsunit/regress/regress-121407.js
/home/graduate/.gem/ruby/1.8/gems/libv8-3.11.8.11/vendor/v8/test/mjsunit/regress/regress-1215.js
/home/graduate/.gem/ruby/1.8/gems/libv8-3.11.8.11/vendor/v8/test/mjsunit/regress/regress-1215653.js
/home/graduate/.gem/ruby/1.8/gems/libv8-3.11.8.11/vendor/v8/test/mjsunit/regress/regress-1217.js
/home/graduate/.gem/ruby/1.8/gems/libv8-3.11.8.11/vendor/v8/test/mjsunit/regress/regress-1218.js
/home/graduate/.gem/ruby/1.8/gems/libv8-3.11.8.11/vendor/v8/test/mjsunit/regress/regress-1229.js
/home/graduate/.gem/ruby/1.8/gems/libv8-3.11.8.11/vendor/v8/test/mjsunit/regress/regress-1233.js
/home/graduate/.gem/ruby/1.8/gems/libv8-3.11.8.11/vendor/v8/test/mjsunit/regress/regress-123512.js
/home/graduate/.gem/ruby/1.8/gems/libv8-3.11.8.11/vendor/v8/test/mjsunit/regress/regress-1236.js
/home/graduate/.gem/ruby/1.8/gems/libv8-3.11.8.11/vendor/v8/test/mjsunit/regress/regress-1237.js
/home/graduate/.gem/ruby/1.8/gems/libv8-3.11.8.11/vendor/v8/test/mjsunit/regress/regress-123919.js
/home/graduate/.gem/ruby/1.8/gems/libv8-3.11.8.11/vendor/v8/test/mjsunit/regress/regress-124.js
/home/graduate/.gem/ruby/1.8/gems/libv8-3.11.8.11/vendor/v8/test/mjsunit/regress/regress-1240.js
/home/graduate/.gem/ruby/1.8/gems/libv8-3.11.8.11/vendor/v8/test/mjsunit/regress/regress-124594.js
/home/graduate/.gem/ruby/1.8/gems/libv8-3.11.8.11/vendor/v8/test/mjsunit/regress/regress-1246.js
/home/graduate/.gem/ruby/1.8/gems/libv8-3.11.8.11/vendor/v8/test/mjsunit/regress/regress-1254366.js
/home/graduate/.gem/ruby/1.8/gems/libv8-3.11.8.11/vendor/v8/test/mjsunit/regress/regress-125515.js
/home/graduate/.gem/ruby/1.8/gems/libv8-3.11.8.11/vendor/v8/test/mjsunit/regress/regress-1257.js
/home/graduate/.gem/ruby/1.8/gems/libv8-3.11.8.11/vendor/v8/test/mjsunit/regress/regress-126412.js
/home/graduate/.gem/ruby/1.8/gems/libv8-3.11.8.11/vendor/v8/test/mjsunit/regress/regress-1278.js
/home/graduate/.gem/ruby/1.8/gems/libv8-3.11.8.11/vendor/v8/test/mjsunit/regress/regress-128018.js
/home/graduate/.gem/ruby/1.8/gems/libv8-3.11.8.11/vendor/v8/test/mjsunit/regress/regress-128146.js
/home/graduate/.gem/ruby/1.8/gems/libv8-3.11.8.11/vendor/v8/test/mjsunit/regress/regress-1309.js
/home/graduate/.gem/ruby/1.8/gems/libv8-3.11.8.11/vendor/v8/test/mjsunit/regress/regress-1323.js
/home/graduate/.gem/ruby/1.8/gems/libv8-3.11.8.11/vendor/v8/test/mjsunit/regress/regress-1327557.js
/home/graduate/.gem/ruby/1.8/gems/libv8-3.11.8.11/vendor/v8/test/mjsunit/regress/regress-1337.js
/home/graduate/.gem/ruby/1.8/gems/libv8-3.11.8.11/vendor/v8/test/mjsunit/regress/regress-1346700.js
/home/graduate/.gem/ruby/1.8/gems/libv8-3.11.8.11/vendor/v8/test/mjsunit/regress/regress-1351.js
/home/graduate/.gem/ruby/1.8/gems/libv8-3.11.8.11/vendor/v8/test/mjsunit/regress/regress-1355.js
/home/graduate/.gem/ruby/1.8/gems/libv8-3.11.8.11/vendor/v8/test/mjsunit/regress/regress-1360.js
/home/graduate/.gem/ruby/1.8/gems/libv8-3.11.8.11/vendor/v8/test/mjsunit/regress/regress-1365.js
/home/graduate/.gem/ruby/1.8/gems/libv8-3.11.8.11/vendor/v8/test/mjsunit/regress/regress-1369.js
/home/graduate/.gem/ruby/1.8/gems/libv8-3.11.8.11/vendor/v8/test/mjsunit/regress/regress-137.js
/home/graduate/.gem/ruby/1.8/gems/libv8-3.11.8.11/vendor/v8/test/mjsunit/regress/regress-1383.js
/home/graduate/.gem/ruby/1.8/gems/libv8-3.11.8.11/vendor/v8/test/mjsunit/regress/regress-1387.js
/home/graduate/.gem/ruby/1.8/gems/libv8-3.11.8.11/vendor/v8/test/mjsunit/regress/regress-1389.js
/home/graduate/.gem/ruby/1.8/gems/libv8-3.11.8.11/vendor/v8/test/mjsunit/regress/regress-1401.js
/home/graduate/.gem/ruby/1.8/gems/libv8-3.11.8.11/vendor/v8/test/mjsunit/regress/regress-1403.js
/home/graduate/.gem/ruby/1.8/gems/libv8-3.11.8.11/vendor/v8/test/mjsunit/regress/regress-1412.js
/home/graduate/.gem/ruby/1.8/gems/libv8-3.11.8.11/vendor/v8/test/mjsunit/regress/regress-1415.js
/home/graduate/.gem/ruby/1.8/gems/libv8-3.11.8.11/vendor/v8/test/mjsunit/regress/regress-1419.js
/home/graduate/.gem/ruby/1.8/gems/libv8-3.11.8.11/vendor/v8/test/mjsunit/regress/regress-1423.js
/home/graduate/.gem/ruby/1.8/gems/libv8-3.11.8.11/vendor/v8/test/mjsunit/regress/regress-1434.js
/home/graduate/.gem/ruby/1.8/gems/libv8-3.11.8.11/vendor/v8/test/mjsunit/regress/regress-1436.js
/home/graduate/.gem/ruby/1.8/gems/libv8-3.11.8.11/vendor/v8/test/mjsunit/regress/regress-1439135.js
/home/graduate/.gem/ruby/1.8/gems/libv8-3.11.8.11/vendor/v8/test/mjsunit/regress/regress-1447.js
/home/graduate/.gem/ruby/1.8/gems/libv8-3.11.8.11/vendor/v8/test/mjsunit/regress/regress-1472.js
/home/graduate/.gem/ruby/1.8/gems/libv8-3.11.8.11/vendor/v8/test/mjsunit/regress/regress-1476.js
/home/graduate/.gem/ruby/1.8/gems/libv8-3.11.8.11/vendor/v8/test/mjsunit/regress/regress-149.js
/home/graduate/.gem/ruby/1.8/gems/libv8-3.11.8.11/vendor/v8/test/mjsunit/regress/regress-1491.js
/home/graduate/.gem/ruby/1.8/gems/libv8-3.11.8.11/vendor/v8/test/mjsunit/regress/regress-1493017.js
/home/graduate/.gem/ruby/1.8/gems/libv8-3.11.8.11/vendor/v8/test/mjsunit/regress/regress-1513.js
/home/graduate/.gem/ruby/1.8/gems/libv8-3.11.8.11/vendor/v8/test/mjsunit/regress/regress-1521.js
/home/graduate/.gem/ruby/1.8/gems/libv8-3.11.8.11/vendor/v8/test/mjsunit/regress/regress-1523.js
/home/graduate/.gem/ruby/1.8/gems/libv8-3.11.8.11/vendor/v8/test/mjsunit/regress/regress-1528.js
/home/graduate/.gem/ruby/1.8/gems/libv8-3.11.8.11/vendor/v8/test/mjsunit/regress/regress-1529.js
/home/graduate/.gem/ruby/1.8/gems/libv8-3.11.8.11/vendor/v8/test/mjsunit/regress/regress-1530.js
/home/graduate/.gem/ruby/1.8/gems/libv8-3.11.8.11/vendor/v8/test/mjsunit/regress/regress-1531.js
/home/graduate/.gem/ruby/1.8/gems/libv8-3.11.8.11/vendor/v8/test/mjsunit/regress/regress-1546.js
/home/graduate/.gem/ruby/1.8/gems/libv8-3.11.8.11/vendor/v8/test/mjsunit/regress/regress-1548.js
/home/graduate/.gem/ruby/1.8/gems/libv8-3.11.8.11/vendor/v8/test/mjsunit/regress/regress-155924.js
/home/graduate/.gem/ruby/1.8/gems/libv8-3.11.8.11/vendor/v8/test/mjsunit/regress/regress-1560.js
/home/graduate/.gem/ruby/1.8/gems/libv8-3.11.8.11/vendor/v8/test/mjsunit/regress/regress-1563.js
/home/graduate/.gem/ruby/1.8/gems/libv8-3.11.8.11/vendor/v8/test/mjsunit/regress/regress-1582.js
/home/graduate/.gem/ruby/1.8/gems/libv8-3.11.8.11/vendor/v8/test/mjsunit/regress/regress-1583.js
/home/graduate/.gem/ruby/1.8/gems/libv8-3.11.8.11/vendor/v8/test/mjsunit/regress/regress-1586.js
/home/graduate/.gem/ruby/1.8/gems/libv8-3.11.8.11/vendor/v8/test/mjsunit/regress/regress-1592.js
/home/graduate/.gem/ruby/1.8/gems/libv8-3.11.8.11/vendor/v8/test/mjsunit/regress/regress-1620.js
/home/graduate/.gem/ruby/1.8/gems/libv8-3.11.8.11/vendor/v8/test/mjsunit/regress/regress-1624-strict.js
/home/graduate/.gem/ruby/1.8/gems/libv8-3.11.8.11/vendor/v8/test/mjsunit/regress/regress-1624.js
/home/graduate/.gem/ruby/1.8/gems/libv8-3.11.8.11/vendor/v8/test/mjsunit/regress/regress-1625.js
/home/graduate/.gem/ruby/1.8/gems/libv8-3.11.8.11/vendor/v8/test/mjsunit/regress/regress-1639-2.js
/home/graduate/.gem/ruby/1.8/gems/libv8-3.11.8.11/vendor/v8/test/mjsunit/regress/regress-1639.js
/home/graduate/.gem/ruby/1.8/gems/libv8-3.11.8.11/vendor/v8/test/mjsunit/regress/regress-1647.js
/home/graduate/.gem/ruby/1.8/gems/libv8-3.11.8.11/vendor/v8/test/mjsunit/regress/regress-1650.js
/home/graduate/.gem/ruby/1.8/gems/libv8-3.11.8.11/vendor/v8/test/mjsunit/regress/regress-1692.js
/home/graduate/.gem/ruby/1.8/gems/libv8-3.11.8.11/vendor/v8/test/mjsunit/regress/regress-1708.js
/home/graduate/.gem/ruby/1.8/gems/libv8-3.11.8.11/vendor/v8/test/mjsunit/regress/regress-171.js
/home/graduate/.gem/ruby/1.8/gems/libv8-3.11.8.11/vendor/v8/test/mjsunit/regress/regress-1711.js
/home/graduate/.gem/ruby/1.8/gems/libv8-3.11.8.11/vendor/v8/test/mjsunit/regress/regress-1713.js
/home/graduate/.gem/ruby/1.8/gems/libv8-3.11.8.11/vendor/v8/test/mjsunit/regress/regress-1748.js
/home/graduate/.gem/ruby/1.8/gems/libv8-3.11.8.11/vendor/v8/test/mjsunit/regress/regress-1757.js
/home/graduate/.gem/ruby/1.8/gems/libv8-3.11.8.11/vendor/v8/test/mjsunit/regress/regress-176.js
/home/graduate/.gem/ruby/1.8/gems/libv8-3.11.8.11/vendor/v8/test/mjsunit/regress/regress-1790.js
/home/graduate/.gem/ruby/1.8/gems/libv8-3.11.8.11/vendor/v8/test/mjsunit/regress/regress-1849.js
/home/graduate/.gem/ruby/1.8/gems/libv8-3.11.8.11/vendor/v8/test/mjsunit/regress/regress-1853.js
/home/graduate/.gem/ruby/1.8/gems/libv8-3.11.8.11/vendor/v8/test/mjsunit/regress/regress-186.js
/home/graduate/.gem/ruby/1.8/gems/libv8-3.11.8.11/vendor/v8/test/mjsunit/regress/regress-187.js
/home/graduate/.gem/ruby/1.8/gems/libv8-3.11.8.11/vendor/v8/test/mjsunit/regress/regress-1878.js
/home/graduate/.gem/ruby/1.8/gems/libv8-3.11.8.11/vendor/v8/test/mjsunit/regress/regress-189.js
/home/graduate/.gem/ruby/1.8/gems/libv8-3.11.8.11/vendor/v8/test/mjsunit/regress/regress-1898.js
/home/graduate/.gem/ruby/1.8/gems/libv8-3.11.8.11/vendor/v8/test/mjsunit/regress/regress-191.js
/home/graduate/.gem/ruby/1.8/gems/libv8-3.11.8.11/vendor/v8/test/mjsunit/regress/regress-1919169.js
/home/graduate/.gem/ruby/1.8/gems/libv8-3.11.8.11/vendor/v8/test/mjsunit/regress/regress-192.js
/home/graduate/.gem/ruby/1.8/gems/libv8-3.11.8.11/vendor/v8/test/mjsunit/regress/regress-1924.js
/home/graduate/.gem/ruby/1.8/gems/libv8-3.11.8.11/vendor/v8/test/mjsunit/regress/regress-193.js
/home/graduate/.gem/ruby/1.8/gems/libv8-3.11.8.11/vendor/v8/test/mjsunit/regress/regress-1945.js
/home/graduate/.gem/ruby/1.8/gems/libv8-3.11.8.11/vendor/v8/test/mjsunit/regress/regress-1969.js
/home/graduate/.gem/ruby/1.8/gems/libv8-3.11.8.11/vendor/v8/test/mjsunit/regress/regress-1973.js
/home/graduate/.gem/ruby/1.8/gems/libv8-3.11.8.11/vendor/v8/test/mjsunit/regress/regress-1980.js
/home/graduate/.gem/ruby/1.8/gems/libv8-3.11.8.11/vendor/v8/test/mjsunit/regress/regress-20070207.js
/home/graduate/.gem/ruby/1.8/gems/libv8-3.11.8.11/vendor/v8/test/mjsunit/regress/regress-201.js
/home/graduate/.gem/ruby/1.8/gems/libv8-3.11.8.11/vendor/v8/test/mjsunit/regress/regress-2027.js
/home/graduate/.gem/ruby/1.8/gems/libv8-3.11.8.11/vendor/v8/test/mjsunit/regress/regress-2030.js
/home/graduate/.gem/ruby/1.8/gems/libv8-3.11.8.11/vendor/v8/test/mjsunit/regress/regress-2032.js
/home/graduate/.gem/ruby/1.8/gems/libv8-3.11.8.11/vendor/v8/test/mjsunit/regress/regress-2034.js
/home/graduate/.gem/ruby/1.8/gems/libv8-3.11.8.11/vendor/v8/test/mjsunit/regress/regress-2045.js
/home/graduate/.gem/ruby/1.8/gems/libv8-3.11.8.11/vendor/v8/test/mjsunit/regress/regress-2054.js
/home/graduate/.gem/ruby/1.8/gems/libv8-3.11.8.11/vendor/v8/test/mjsunit/regress/regress-2055.js
/home/graduate/.gem/ruby/1.8/gems/libv8-3.11.8.11/vendor/v8/test/mjsunit/regress/regress-2056.js
/home/graduate/.gem/ruby/1.8/gems/libv8-3.11.8.11/vendor/v8/test/mjsunit/regress/regress-2058.js
/home/graduate/.gem/ruby/1.8/gems/libv8-3.11.8.11/vendor/v8/test/mjsunit/regress/regress-2071.js
/home/graduate/.gem/ruby/1.8/gems/libv8-3.11.8.11/vendor/v8/test/mjsunit/regress/regress-2110.js
/home/graduate/.gem/ruby/1.8/gems/libv8-3.11.8.11/vendor/v8/test/mjsunit/regress/regress-2153.js
/home/graduate/.gem/ruby/1.8/gems/libv8-3.11.8.11/vendor/v8/test/mjsunit/regress/regress-219.js
/home/graduate/.gem/ruby/1.8/gems/libv8-3.11.8.11/vendor/v8/test/mjsunit/regress/regress-220.js
/home/graduate/.gem/ruby/1.8/gems/libv8-3.11.8.11/vendor/v8/test/mjsunit/regress/regress-2249423.js
/home/graduate/.gem/ruby/1.8/gems/libv8-3.11.8.11/vendor/v8/test/mjsunit/regress/regress-225.js
/home/graduate/.gem/ruby/1.8/gems/libv8-3.11.8.11/vendor/v8/test/mjsunit/regress/regress-227.js
/home/graduate/.gem/ruby/1.8/gems/libv8-3.11.8.11/vendor/v8/test/mjsunit/regress/regress-231.js
/home/graduate/.gem/ruby/1.8/gems/libv8-3.11.8.11/vendor/v8/test/mjsunit/regress/regress-233.js
/home/graduate/.gem/ruby/1.8/gems/libv8-3.11.8.11/vendor/v8/test/mjsunit/regress/regress-244.js
/home/graduate/.gem/ruby/1.8/gems/libv8-3.11.8.11/vendor/v8/test/mjsunit/regress/regress-246.js
/home/graduate/.gem/ruby/1.8/gems/libv8-3.11.8.11/vendor/v8/test/mjsunit/regress/regress-253.js
/home/graduate/.gem/ruby/1.8/gems/libv8-3.11.8.11/vendor/v8/test/mjsunit/regress/regress-254.js
/home/graduate/.gem/ruby/1.8/gems/libv8-3.11.8.11/vendor/v8/test/mjsunit/regress/regress-259.js
/home/graduate/.gem/ruby/1.8/gems/libv8-3.11.8.11/vendor/v8/test/mjsunit/regress/regress-260.js
/home/graduate/.gem/ruby/1.8/gems/libv8-3.11.8.11/vendor/v8/test/mjsunit/regress/regress-263.js
/home/graduate/.gem/ruby/1.8/gems/libv8-3.11.8.11/vendor/v8/test/mjsunit/regress/regress-265.js
/home/graduate/.gem/ruby/1.8/gems/libv8-3.11.8.11/vendor/v8/test/mjsunit/regress/regress-267.js
/home/graduate/.gem/ruby/1.8/gems/libv8-3.11.8.11/vendor/v8/test/mjsunit/regress/regress-269.js
/home/graduate/.gem/ruby/1.8/gems/libv8-3.11.8.11/vendor/v8/test/mjsunit/regress/regress-279.js
/home/graduate/.gem/ruby/1.8/gems/libv8-3.11.8.11/vendor/v8/test/mjsunit/regress/regress-284.js
/home/graduate/.gem/ruby/1.8/gems/libv8-3.11.8.11/vendor/v8/test/mjsunit/regress/regress-286.js
/home/graduate/.gem/ruby/1.8/gems/libv8-3.11.8.11/vendor/v8/test/mjsunit/regress/regress-294.js
/home/graduate/.gem/ruby/1.8/gems/libv8-3.11.8.11/vendor/v8/test/mjsunit/regress/regress-3006390.js
/home/graduate/.gem/ruby/1.8/gems/libv8-3.11.8.11/vendor/v8/test/mjsunit/regress/regress-312.js
/home/graduate/.gem/ruby/1.8/gems/libv8-3.11.8.11/vendor/v8/test/mjsunit/regress/regress-317.js
/home/graduate/.gem/ruby/1.8/gems/libv8-3.11.8.11/vendor/v8/test/mjsunit/regress/regress-318.js
/home/graduate/.gem/ruby/1.8/gems/libv8-3.11.8.11/vendor/v8/test/mjsunit/regress/regress-3185905.js
/home/graduate/.gem/ruby/1.8/gems/libv8-3.11.8.11/vendor/v8/test/mjsunit/regress/regress-3199913.js
/home/graduate/.gem/ruby/1.8/gems/libv8-3.11.8.11/vendor/v8/test/mjsunit/regress/regress-3218530.js
/home/graduate/.gem/ruby/1.8/gems/libv8-3.11.8.11/vendor/v8/test/mjsunit/regress/regress-3218915.js
/home/graduate/.gem/ruby/1.8/gems/libv8-3.11.8.11/vendor/v8/test/mjsunit/regress/regress-3230771.js
/home/graduate/.gem/ruby/1.8/gems/libv8-3.11.8.11/vendor/v8/test/mjsunit/regress/regress-3247124.js
/home/graduate/.gem/ruby/1.8/gems/libv8-3.11.8.11/vendor/v8/test/mjsunit/regress/regress-3252443.js
/home/graduate/.gem/ruby/1.8/gems/libv8-3.11.8.11/vendor/v8/test/mjsunit/regress/regress-326.js
/home/graduate/.gem/ruby/1.8/gems/libv8-3.11.8.11/vendor/v8/test/mjsunit/regress/regress-334.js
/home/graduate/.gem/ruby/1.8/gems/libv8-3.11.8.11/vendor/v8/test/mjsunit/regress/regress-3408144.js
/home/graduate/.gem/ruby/1.8/gems/libv8-3.11.8.11/vendor/v8/test/mjsunit/regress/regress-341.js
/home/graduate/.gem/ruby/1.8/gems/libv8-3.11.8.11/vendor/v8/test/mjsunit/regress/regress-345.js
/home/graduate/.gem/ruby/1.8/gems/libv8-3.11.8.11/vendor/v8/test/mjsunit/regress/regress-349.js
/home/graduate/.gem/ruby/1.8/gems/libv8-3.11.8.11/vendor/v8/test/mjsunit/regress/regress-35.js
/home/graduate/.gem/ruby/1.8/gems/libv8-3.11.8.11/vendor/v8/test/mjsunit/regress/regress-351.js
/home/graduate/.gem/ruby/1.8/gems/libv8-3.11.8.11/vendor/v8/test/mjsunit/regress/regress-386.js
/home/graduate/.gem/ruby/1.8/gems/libv8-3.11.8.11/vendor/v8/test/mjsunit/regress/regress-392.js
/home/graduate/.gem/ruby/1.8/gems/libv8-3.11.8.11/vendor/v8/test/mjsunit/regress/regress-394.js
/home/graduate/.gem/ruby/1.8/gems/libv8-3.11.8.11/vendor/v8/test/mjsunit/regress/regress-396.js
/home/graduate/.gem/ruby/1.8/gems/libv8-3.11.8.11/vendor/v8/test/mjsunit/regress/regress-397.js
/home/graduate/.gem/ruby/1.8/gems/libv8-3.11.8.11/vendor/v8/test/mjsunit/regress/regress-399.js
/home/graduate/.gem/ruby/1.8/gems/libv8-3.11.8.11/vendor/v8/test/mjsunit/regress/regress-406.js
/home/graduate/.gem/ruby/1.8/gems/libv8-3.11.8.11/vendor/v8/test/mjsunit/regress/regress-416.js
/home/graduate/.gem/ruby/1.8/gems/libv8-3.11.8.11/vendor/v8/test/mjsunit/regress/regress-45469.js
/home/graduate/.gem/ruby/1.8/gems/libv8-3.11.8.11/vendor/v8/test/mjsunit/regress/regress-475.js
/home/graduate/.gem/ruby/1.8/gems/libv8-3.11.8.11/vendor/v8/test/mjsunit/regress/regress-483.js
/home/graduate/.gem/ruby/1.8/gems/libv8-3.11.8.11/vendor/v8/test/mjsunit/regress/regress-485.js
/home/graduate/.gem/ruby/1.8/gems/libv8-3.11.8.11/vendor/v8/test/mjsunit/regress/regress-486.js
/home/graduate/.gem/ruby/1.8/gems/libv8-3.11.8.11/vendor/v8/test/mjsunit/regress/regress-490.js
/home/graduate/.gem/ruby/1.8/gems/libv8-3.11.8.11/vendor/v8/test/mjsunit/regress/regress-491.js
/home/graduate/.gem/ruby/1.8/gems/libv8-3.11.8.11/vendor/v8/test/mjsunit/regress/regress-492.js
/home/graduate/.gem/ruby/1.8/gems/libv8-3.11.8.11/vendor/v8/test/mjsunit/regress/regress-496.js
/home/graduate/.gem/ruby/1.8/gems/libv8-3.11.8.11/vendor/v8/test/mjsunit/regress/regress-502.js
/home/graduate/.gem/ruby/1.8/gems/libv8-3.11.8.11/vendor/v8/test/mjsunit/regress/regress-503.js
/home/graduate/.gem/ruby/1.8/gems/libv8-3.11.8.11/vendor/v8/test/mjsunit/regress/regress-515.js
/home/graduate/.gem/ruby/1.8/gems/libv8-3.11.8.11/vendor/v8/test/mjsunit/regress/regress-524.js
/home/graduate/.gem/ruby/1.8/gems/libv8-3.11.8.11/vendor/v8/test/mjsunit/regress/regress-526.js
/home/graduate/.gem/ruby/1.8/gems/libv8-3.11.8.11/vendor/v8/test/mjsunit/regress/regress-52801.js
/home/graduate/.gem/ruby/1.8/gems/libv8-3.11.8.11/vendor/v8/test/mjsunit/regress/regress-540.js
/home/graduate/.gem/ruby/1.8/gems/libv8-3.11.8.11/vendor/v8/test/mjsunit/regress/regress-545.js
/home/graduate/.gem/ruby/1.8/gems/libv8-3.11.8.11/vendor/v8/test/mjsunit/regress/regress-57.js
/home/graduate/.gem/ruby/1.8/gems/libv8-3.11.8.11/vendor/v8/test/mjsunit/regress/regress-580.js
/home/graduate/.gem/ruby/1.8/gems/libv8-3.11.8.11/vendor/v8/test/mjsunit/regress/regress-58740.js
/home/graduate/.gem/ruby/1.8/gems/libv8-3.11.8.11/vendor/v8/test/mjsunit/regress/regress-588599.js
/home/graduate/.gem/ruby/1.8/gems/libv8-3.11.8.11/vendor/v8/test/mjsunit/regress/regress-6-9-regexp.js
/home/graduate/.gem/ruby/1.8/gems/libv8-3.11.8.11/vendor/v8/test/mjsunit/regress/regress-603.js
/home/graduate/.gem/ruby/1.8/gems/libv8-3.11.8.11/vendor/v8/test/mjsunit/regress/regress-612.js
/home/graduate/.gem/ruby/1.8/gems/libv8-3.11.8.11/vendor/v8/test/mjsunit/regress/regress-619.js
/home/graduate/.gem/ruby/1.8/gems/libv8-3.11.8.11/vendor/v8/test/mjsunit/regress/regress-634.js
/home/graduate/.gem/ruby/1.8/gems/libv8-3.11.8.11/vendor/v8/test/mjsunit/regress/regress-636.js
/home/graduate/.gem/ruby/1.8/gems/libv8-3.11.8.11/vendor/v8/test/mjsunit/regress/regress-641.js
/home/graduate/.gem/ruby/1.8/gems/libv8-3.11.8.11/vendor/v8/test/mjsunit/regress/regress-643.js
/home/graduate/.gem/ruby/1.8/gems/libv8-3.11.8.11/vendor/v8/test/mjsunit/regress/regress-646.js
/home/graduate/.gem/ruby/1.8/gems/libv8-3.11.8.11/vendor/v8/test/mjsunit/regress/regress-662254.js
/home/graduate/.gem/ruby/1.8/gems/libv8-3.11.8.11/vendor/v8/test/mjsunit/regress/regress-666721.js
/home/graduate/.gem/ruby/1.8/gems/libv8-3.11.8.11/vendor/v8/test/mjsunit/regress/regress-667061.js
/home/graduate/.gem/ruby/1.8/gems/libv8-3.11.8.11/vendor/v8/test/mjsunit/regress/regress-670147.js
/home/graduate/.gem/ruby/1.8/gems/libv8-3.11.8.11/vendor/v8/test/mjsunit/regress/regress-674753.js
/home/graduate/.gem/ruby/1.8/gems/libv8-3.11.8.11/vendor/v8/test/mjsunit/regress/regress-675.js
/home/graduate/.gem/ruby/1.8/gems/libv8-3.11.8.11/vendor/v8/test/mjsunit/regress/regress-676025.js
/home/graduate/.gem/ruby/1.8/gems/libv8-3.11.8.11/vendor/v8/test/mjsunit/regress/regress-678525.js
/home/graduate/.gem/ruby/1.8/gems/libv8-3.11.8.11/vendor/v8/test/mjsunit/regress/regress-681.js
/home/graduate/.gem/ruby/1.8/gems/libv8-3.11.8.11/vendor/v8/test/mjsunit/regress/regress-682649.js
/home/graduate/.gem/ruby/1.8/gems/libv8-3.11.8.11/vendor/v8/test/mjsunit/regress/regress-685.js
/home/graduate/.gem/ruby/1.8/gems/libv8-3.11.8.11/vendor/v8/test/mjsunit/regress/regress-687.js
/home/graduate/.gem/ruby/1.8/gems/libv8-3.11.8.11/vendor/v8/test/mjsunit/regress/regress-69.js
/home/graduate/.gem/ruby/1.8/gems/libv8-3.11.8.11/vendor/v8/test/mjsunit/regress/regress-696.js
/home/graduate/.gem/ruby/1.8/gems/libv8-3.11.8.11/vendor/v8/test/mjsunit/regress/regress-697.js
/home/graduate/.gem/ruby/1.8/gems/libv8-3.11.8.11/vendor/v8/test/mjsunit/regress/regress-70066.js
/home/graduate/.gem/ruby/1.8/gems/libv8-3.11.8.11/vendor/v8/test/mjsunit/regress/regress-712.js
/home/graduate/.gem/ruby/1.8/gems/libv8-3.11.8.11/vendor/v8/test/mjsunit/regress/regress-71647.js
/home/graduate/.gem/ruby/1.8/gems/libv8-3.11.8.11/vendor/v8/test/mjsunit/regress/regress-720.js
/home/graduate/.gem/ruby/1.8/gems/libv8-3.11.8.11/vendor/v8/test/mjsunit/regress/regress-728.js
/home/graduate/.gem/ruby/1.8/gems/libv8-3.11.8.11/vendor/v8/test/mjsunit/regress/regress-732.js
/home/graduate/.gem/ruby/1.8/gems/libv8-3.11.8.11/vendor/v8/test/mjsunit/regress/regress-734862.js
/home/graduate/.gem/ruby/1.8/gems/libv8-3.11.8.11/vendor/v8/test/mjsunit/regress/regress-737588.js
/home/graduate/.gem/ruby/1.8/gems/libv8-3.11.8.11/vendor/v8/test/mjsunit/regress/regress-74.js
/home/graduate/.gem/ruby/1.8/gems/libv8-3.11.8.11/vendor/v8/test/mjsunit/regress/regress-747.js
/home/graduate/.gem/ruby/1.8/gems/libv8-3.11.8.11/vendor/v8/test/mjsunit/regress/regress-752.js
/home/graduate/.gem/ruby/1.8/gems/libv8-3.11.8.11/vendor/v8/test/mjsunit/regress/regress-753.js
/home/graduate/.gem/ruby/1.8/gems/libv8-3.11.8.11/vendor/v8/test/mjsunit/regress/regress-754.js
/home/graduate/.gem/ruby/1.8/gems/libv8-3.11.8.11/vendor/v8/test/mjsunit/regress/regress-760-1.js
/home/graduate/.gem/ruby/1.8/gems/libv8-3.11.8.11/vendor/v8/test/mjsunit/regress/regress-760-2.js
/home/graduate/.gem/ruby/1.8/gems/libv8-3.11.8.11/vendor/v8/test/mjsunit/regress/regress-780423.js
/home/graduate/.gem/ruby/1.8/gems/libv8-3.11.8.11/vendor/v8/test/mjsunit/regress/regress-78270.js
/home/graduate/.gem/ruby/1.8/gems/libv8-3.11.8.11/vendor/v8/test/mjsunit/regress/regress-784.js
/home/graduate/.gem/ruby/1.8/gems/libv8-3.11.8.11/vendor/v8/test/mjsunit/regress/regress-794.js
/home/graduate/.gem/ruby/1.8/gems/libv8-3.11.8.11/vendor/v8/test/mjsunit/regress/regress-798.js
/home/graduate/.gem/ruby/1.8/gems/libv8-3.11.8.11/vendor/v8/test/mjsunit/regress/regress-799761.js
/home/graduate/.gem/ruby/1.8/gems/libv8-3.11.8.11/vendor/v8/test/mjsunit/regress/regress-806.js
/home/graduate/.gem/ruby/1.8/gems/libv8-3.11.8.11/vendor/v8/test/mjsunit/regress/regress-806473.js
/home/graduate/.gem/ruby/1.8/gems/libv8-3.11.8.11/vendor/v8/test/mjsunit/regress/regress-815.js
/home/graduate/.gem/ruby/1.8/gems/libv8-3.11.8.11/vendor/v8/test/mjsunit/regress/regress-82769.js
/home/graduate/.gem/ruby/1.8/gems/libv8-3.11.8.11/vendor/v8/test/mjsunit/regress/regress-842.js
/home/graduate/.gem/ruby/1.8/gems/libv8-3.11.8.11/vendor/v8/test/mjsunit/regress/regress-842017.js
/home/graduate/.gem/ruby/1.8/gems/libv8-3.11.8.11/vendor/v8/test/mjsunit/regress/regress-84234.js
/home/graduate/.gem/ruby/1.8/gems/libv8-3.11.8.11/vendor/v8/test/mjsunit/regress/regress-851.js
/home/graduate/.gem/ruby/1.8/gems/libv8-3.11.8.11/vendor/v8/test/mjsunit/regress/regress-85177.js
/home/graduate/.gem/ruby/1.8/gems/libv8-3.11.8.11/vendor/v8/test/mjsunit/regress/regress-857.js
/home/graduate/.gem/ruby/1.8/gems/libv8-3.11.8.11/vendor/v8/test/mjsunit/regress/regress-86.js
/home/graduate/.gem/ruby/1.8/gems/libv8-3.11.8.11/vendor/v8/test/mjsunit/regress/regress-87.js
/home/graduate/.gem/ruby/1.8/gems/libv8-3.11.8.11/vendor/v8/test/mjsunit/regress/regress-874.js
/home/graduate/.gem/ruby/1.8/gems/libv8-3.11.8.11/vendor/v8/test/mjsunit/regress/regress-874178.js
/home/graduate/.gem/ruby/1.8/gems/libv8-3.11.8.11/vendor/v8/test/mjsunit/regress/regress-875031.js
/home/graduate/.gem/ruby/1.8/gems/libv8-3.11.8.11/vendor/v8/test/mjsunit/regress/regress-877615.js
/home/graduate/.gem/ruby/1.8/gems/libv8-3.11.8.11/vendor/v8/test/mjsunit/regress/regress-88591.js
/home/graduate/.gem/ruby/1.8/gems/libv8-3.11.8.11/vendor/v8/test/mjsunit/regress/regress-88858.js
/home/graduate/.gem/ruby/1.8/gems/libv8-3.11.8.11/vendor/v8/test/mjsunit/regress/regress-892742.js
/home/graduate/.gem/ruby/1.8/gems/libv8-3.11.8.11/vendor/v8/test/mjsunit/regress/regress-900.js
/home/graduate/.gem/ruby/1.8/gems/libv8-3.11.8.11/vendor/v8/test/mjsunit/regress/regress-900055.js
/home/graduate/.gem/ruby/1.8/gems/libv8-3.11.8.11/vendor/v8/test/mjsunit/regress/regress-900966.js
/home/graduate/.gem/ruby/1.8/gems/libv8-3.11.8.11/vendor/v8/test/mjsunit/regress/regress-91.js
/home/graduate/.gem/ruby/1.8/gems/libv8-3.11.8.11/vendor/v8/test/mjsunit/regress/regress-91008.js
/home/graduate/.gem/ruby/1.8/gems/libv8-3.11.8.11/vendor/v8/test/mjsunit/regress/regress-91010.js
/home/graduate/.gem/ruby/1.8/gems/libv8-3.11.8.11/vendor/v8/test/mjsunit/regress/regress-91013.js
/home/graduate/.gem/ruby/1.8/gems/libv8-3.11.8.11/vendor/v8/test/mjsunit/regress/regress-91120.js
/home/graduate/.gem/ruby/1.8/gems/libv8-3.11.8.11/vendor/v8/test/mjsunit/regress/regress-91787.js
/home/graduate/.gem/ruby/1.8/gems/libv8-3.11.8.11/vendor/v8/test/mjsunit/regress/regress-918.js
/home/graduate/.gem/ruby/1.8/gems/libv8-3.11.8.11/vendor/v8/test/mjsunit/regress/regress-925537.js
/home/graduate/.gem/ruby/1.8/gems/libv8-3.11.8.11/vendor/v8/test/mjsunit/regress/regress-927.js
/home/graduate/.gem/ruby/1.8/gems/libv8-3.11.8.11/vendor/v8/test/mjsunit/regress/regress-931.js
/home/graduate/.gem/ruby/1.8/gems/libv8-3.11.8.11/vendor/v8/test/mjsunit/regress/regress-937896.js
/home/graduate/.gem/ruby/1.8/gems/libv8-3.11.8.11/vendor/v8/test/mjsunit/regress/regress-944.js
/home/graduate/.gem/ruby/1.8/gems/libv8-3.11.8.11/vendor/v8/test/mjsunit/regress/regress-94425.js
/home/graduate/.gem/ruby/1.8/gems/libv8-3.11.8.11/vendor/v8/test/mjsunit/regress/regress-94873.js
/home/graduate/.gem/ruby/1.8/gems/libv8-3.11.8.11/vendor/v8/test/mjsunit/regress/regress-95113.js
/home/graduate/.gem/ruby/1.8/gems/libv8-3.11.8.11/vendor/v8/test/mjsunit/regress/regress-95485.js
/home/graduate/.gem/ruby/1.8/gems/libv8-3.11.8.11/vendor/v8/test/mjsunit/regress/regress-955.js
/home/graduate/.gem/ruby/1.8/gems/libv8-3.11.8.11/vendor/v8/test/mjsunit/regress/regress-95920.js
/home/graduate/.gem/ruby/1.8/gems/libv8-3.11.8.11/vendor/v8/test/mjsunit/regress/regress-962.js
/home/graduate/.gem/ruby/1.8/gems/libv8-3.11.8.11/vendor/v8/test/mjsunit/regress/regress-96523.js
/home/graduate/.gem/ruby/1.8/gems/libv8-3.11.8.11/vendor/v8/test/mjsunit/regress/regress-969.js
/home/graduate/.gem/ruby/1.8/gems/libv8-3.11.8.11/vendor/v8/test/mjsunit/regress/regress-97116.js
/home/graduate/.gem/ruby/1.8/gems/libv8-3.11.8.11/vendor/v8/test/mjsunit/regress/regress-974.js
/home/graduate/.gem/ruby/1.8/gems/libv8-3.11.8.11/vendor/v8/test/mjsunit/regress/regress-982.js
/home/graduate/.gem/ruby/1.8/gems/libv8-3.11.8.11/vendor/v8/test/mjsunit/regress/regress-98773.js
/home/graduate/.gem/ruby/1.8/gems/libv8-3.11.8.11/vendor/v8/test/mjsunit/regress/regress-990205.js
/home/graduate/.gem/ruby/1.8/gems/libv8-3.11.8.11/vendor/v8/test/mjsunit/regress/regress-99167.js
/home/graduate/.gem/ruby/1.8/gems/libv8-3.11.8.11/vendor/v8/test/mjsunit/regress/regress-992.js
/home/graduate/.gem/ruby/1.8/gems/libv8-3.11.8.11/vendor/v8/test/mjsunit/regress/regress-992733.js
/home/graduate/.gem/ruby/1.8/gems/libv8-3.11.8.11/vendor/v8/test/mjsunit/regress/regress-995.js
/home/graduate/.gem/ruby/1.8/gems/libv8-3.11.8.11/vendor/v8/test/mjsunit/regress/regress-996542.js
/home/graduate/.gem/ruby/1.8/gems/libv8-3.11.8.11/vendor/v8/test/mjsunit/regress/regress-998565.js
/home/graduate/.gem/ruby/1.8/gems/libv8-3.11.8.11/vendor/v8/test/mjsunit/regress/regress-arguments-gc.js
/home/graduate/.gem/ruby/1.8/gems/libv8-3.11.8.11/vendor/v8/test/mjsunit/regress/regress-bind-receiver.js
/home/graduate/.gem/ruby/1.8/gems/libv8-3.11.8.11/vendor/v8/test/mjsunit/regress/regress-conditional-position.js
/home/graduate/.gem/ruby/1.8/gems/libv8-3.11.8.11/vendor/v8/test/mjsunit/regress/regress-crbug-100859.js
/home/graduate/.gem/ruby/1.8/gems/libv8-3.11.8.11/vendor/v8/test/mjsunit/regress/regress-crbug-107996.js
/home/graduate/.gem/ruby/1.8/gems/libv8-3.11.8.11/vendor/v8/test/mjsunit/regress/regress-crbug-119926.js
/home/graduate/.gem/ruby/1.8/gems/libv8-3.11.8.11/vendor/v8/test/mjsunit/regress/regress-crbug-122271.js
/home/graduate/.gem/ruby/1.8/gems/libv8-3.11.8.11/vendor/v8/test/mjsunit/regress/regress-crbug-126414.js
/home/graduate/.gem/ruby/1.8/gems/libv8-3.11.8.11/vendor/v8/test/mjsunit/regress/regress-crbug-18639.js
/home/graduate/.gem/ruby/1.8/gems/libv8-3.11.8.11/vendor/v8/test/mjsunit/regress/regress-crbug-3184.js
/home/graduate/.gem/ruby/1.8/gems/libv8-3.11.8.11/vendor/v8/test/mjsunit/regress/regress-crbug-37853.js
/home/graduate/.gem/ruby/1.8/gems/libv8-3.11.8.11/vendor/v8/test/mjsunit/regress/regress-crbug-3867.js
/home/graduate/.gem/ruby/1.8/gems/libv8-3.11.8.11/vendor/v8/test/mjsunit/regress/regress-crbug-39160.js
/home/graduate/.gem/ruby/1.8/gems/libv8-3.11.8.11/vendor/v8/test/mjsunit/regress/regress-crbug-40931.js
/home/graduate/.gem/ruby/1.8/gems/libv8-3.11.8.11/vendor/v8/test/mjsunit/regress/regress-crbug-72736.js
/home/graduate/.gem/ruby/1.8/gems/libv8-3.11.8.11/vendor/v8/test/mjsunit/regress/regress-crbug-84186.js
/home/graduate/.gem/ruby/1.8/gems/libv8-3.11.8.11/vendor/v8/test/mjsunit/regress/regress-crbug-87478.js
/home/graduate/.gem/ruby/1.8/gems/libv8-3.11.8.11/vendor/v8/test/mjsunit/regress/regress-create-exception.js
/home/graduate/.gem/ruby/1.8/gems/libv8-3.11.8.11/vendor/v8/test/mjsunit/regress/regress-debug-code-recompilation.js
/home/graduate/.gem/ruby/1.8/gems/libv8-3.11.8.11/vendor/v8/test/mjsunit/regress/regress-deopt-gc.js
/home/graduate/.gem/ruby/1.8/gems/libv8-3.11.8.11/vendor/v8/test/mjsunit/regress/regress-fast-literal-transition.js
/home/graduate/.gem/ruby/1.8/gems/libv8-3.11.8.11/vendor/v8/test/mjsunit/regress/regress-fundecl.js
/home/graduate/.gem/ruby/1.8/gems/libv8-3.11.8.11/vendor/v8/test/mjsunit/regress/regress-inlining-function-literal-context.js
/home/graduate/.gem/ruby/1.8/gems/libv8-3.11.8.11/vendor/v8/test/mjsunit/regress/regress-lazy-deopt-reloc.js
/home/graduate/.gem/ruby/1.8/gems/libv8-3.11.8.11/vendor/v8/test/mjsunit/regress/regress-push-args-twice.js
/home/graduate/.gem/ruby/1.8/gems/libv8-3.11.8.11/vendor/v8/test/mjsunit/regress/regress-r3391.js
/home/graduate/.gem/ruby/1.8/gems/libv8-3.11.8.11/vendor/v8/test/mjsunit/regress/regress-r4998.js
/home/graduate/.gem/ruby/1.8/gems/libv8-3.11.8.11/vendor/v8/test/mjsunit/regress/regress-regexp-codeflush.js
/home/graduate/.gem/ruby/1.8/gems/libv8-3.11.8.11/vendor/v8/test/mjsunit/regress/regress-smi-only-concat.js
/home/graduate/.gem/ruby/1.8/gems/libv8-3.11.8.11/vendor/v8/test/mjsunit/regress/regress-sqrt.js
/home/graduate/.gem/ruby/1.8/gems/libv8-3.11.8.11/vendor/v8/test/mjsunit/regress/regress-swapelements.js
/home/graduate/.gem/ruby/1.8/gems/libv8-3.11.8.11/vendor/v8/test/mjsunit/regress/regress-transcendental.js
/home/graduate/.gem/ruby/1.8/gems/libv8-3.11.8.11/vendor/v8/test/mjsunit/regress/short-circuit.js
/home/graduate/.gem/ruby/1.8/gems/libv8-3.11.8.11/vendor/v8/test/mjsunit/regress/splice-missing-wb.js
/home/graduate/.gem/ruby/1.8/gems/libv8-3.11.8.11/vendor/v8/test/mjsunit/samevalue.js
/home/graduate/.gem/ruby/1.8/gems/libv8-3.11.8.11/vendor/v8/test/mjsunit/scanner.js
/home/graduate/.gem/ruby/1.8/gems/libv8-3.11.8.11/vendor/v8/test/mjsunit/scope-calls-eval.js
/home/graduate/.gem/ruby/1.8/gems/libv8-3.11.8.11/vendor/v8/test/mjsunit/search-string-multiple.js
/home/graduate/.gem/ruby/1.8/gems/libv8-3.11.8.11/vendor/v8/test/mjsunit/setter-on-constructor-prototype.js
/home/graduate/.gem/ruby/1.8/gems/libv8-3.11.8.11/vendor/v8/test/mjsunit/shifts.js
/home/graduate/.gem/ruby/1.8/gems/libv8-3.11.8.11/vendor/v8/test/mjsunit/short-circuit-boolean.js
/home/graduate/.gem/ruby/1.8/gems/libv8-3.11.8.11/vendor/v8/test/mjsunit/simple-constructor.js
/home/graduate/.gem/ruby/1.8/gems/libv8-3.11.8.11/vendor/v8/test/mjsunit/sin-cos.js
/home/graduate/.gem/ruby/1.8/gems/libv8-3.11.8.11/vendor/v8/test/mjsunit/smi-negative-zero.js
/home/graduate/.gem/ruby/1.8/gems/libv8-3.11.8.11/vendor/v8/test/mjsunit/smi-ops-inlined.js
/home/graduate/.gem/ruby/1.8/gems/libv8-3.11.8.11/vendor/v8/test/mjsunit/smi-ops.js
/home/graduate/.gem/ruby/1.8/gems/libv8-3.11.8.11/vendor/v8/test/mjsunit/sparse-array-reverse.js
/home/graduate/.gem/ruby/1.8/gems/libv8-3.11.8.11/vendor/v8/test/mjsunit/sparse-array.js
/home/graduate/.gem/ruby/1.8/gems/libv8-3.11.8.11/vendor/v8/test/mjsunit/stack-traces-2.js
/home/graduate/.gem/ruby/1.8/gems/libv8-3.11.8.11/vendor/v8/test/mjsunit/stack-traces.js
/home/graduate/.gem/ruby/1.8/gems/libv8-3.11.8.11/vendor/v8/test/mjsunit/store-dictionary.js
/home/graduate/.gem/ruby/1.8/gems/libv8-3.11.8.11/vendor/v8/test/mjsunit/str-to-num.js
/home/graduate/.gem/ruby/1.8/gems/libv8-3.11.8.11/vendor/v8/test/mjsunit/stress-array-push.js
/home/graduate/.gem/ruby/1.8/gems/libv8-3.11.8.11/vendor/v8/test/mjsunit/strict-equals.js
/home/graduate/.gem/ruby/1.8/gems/libv8-3.11.8.11/vendor/v8/test/mjsunit/strict-mode-eval.js
/home/graduate/.gem/ruby/1.8/gems/libv8-3.11.8.11/vendor/v8/test/mjsunit/strict-mode-implicit-receiver.js
/home/graduate/.gem/ruby/1.8/gems/libv8-3.11.8.11/vendor/v8/test/mjsunit/strict-mode-opt.js
/home/graduate/.gem/ruby/1.8/gems/libv8-3.11.8.11/vendor/v8/test/mjsunit/strict-mode.js
/home/graduate/.gem/ruby/1.8/gems/libv8-3.11.8.11/vendor/v8/test/mjsunit/string-add.js
/home/graduate/.gem/ruby/1.8/gems/libv8-3.11.8.11/vendor/v8/test/mjsunit/string-case.js
/home/graduate/.gem/ruby/1.8/gems/libv8-3.11.8.11/vendor/v8/test/mjsunit/string-charat.js
/home/graduate/.gem/ruby/1.8/gems/libv8-3.11.8.11/vendor/v8/test/mjsunit/string-charcodeat.js
/home/graduate/.gem/ruby/1.8/gems/libv8-3.11.8.11/vendor/v8/test/mjsunit/string-compare-alignment.js
/home/graduate/.gem/ruby/1.8/gems/libv8-3.11.8.11/vendor/v8/test/mjsunit/string-external-cached.js
/home/graduate/.gem/ruby/1.8/gems/libv8-3.11.8.11/vendor/v8/test/mjsunit/string-externalize.js
/home/graduate/.gem/ruby/1.8/gems/libv8-3.11.8.11/vendor/v8/test/mjsunit/string-flatten.js
/home/graduate/.gem/ruby/1.8/gems/libv8-3.11.8.11/vendor/v8/test/mjsunit/string-fromcharcode.js
/home/graduate/.gem/ruby/1.8/gems/libv8-3.11.8.11/vendor/v8/test/mjsunit/string-index.js
/home/graduate/.gem/ruby/1.8/gems/libv8-3.11.8.11/vendor/v8/test/mjsunit/string-indexof-1.js
/home/graduate/.gem/ruby/1.8/gems/libv8-3.11.8.11/vendor/v8/test/mjsunit/string-indexof-2.js
/home/graduate/.gem/ruby/1.8/gems/libv8-3.11.8.11/vendor/v8/test/mjsunit/string-lastindexof.js
/home/graduate/.gem/ruby/1.8/gems/libv8-3.11.8.11/vendor/v8/test/mjsunit/string-localecompare.js
/home/graduate/.gem/ruby/1.8/gems/libv8-3.11.8.11/vendor/v8/test/mjsunit/string-match.js
/home/graduate/.gem/ruby/1.8/gems/libv8-3.11.8.11/vendor/v8/test/mjsunit/string-replace-gc.js
/home/graduate/.gem/ruby/1.8/gems/libv8-3.11.8.11/vendor/v8/test/mjsunit/string-replace-one-char.js
/home/graduate/.gem/ruby/1.8/gems/libv8-3.11.8.11/vendor/v8/test/mjsunit/string-replace-with-empty.js
/home/graduate/.gem/ruby/1.8/gems/libv8-3.11.8.11/vendor/v8/test/mjsunit/string-replace.js
/home/graduate/.gem/ruby/1.8/gems/libv8-3.11.8.11/vendor/v8/test/mjsunit/string-search.js
/home/graduate/.gem/ruby/1.8/gems/libv8-3.11.8.11/vendor/v8/test/mjsunit/string-slices-regexp.js
/home/graduate/.gem/ruby/1.8/gems/libv8-3.11.8.11/vendor/v8/test/mjsunit/string-slices.js
/home/graduate/.gem/ruby/1.8/gems/libv8-3.11.8.11/vendor/v8/test/mjsunit/string-split-cache.js
/home/graduate/.gem/ruby/1.8/gems/libv8-3.11.8.11/vendor/v8/test/mjsunit/string-split.js
/home/graduate/.gem/ruby/1.8/gems/libv8-3.11.8.11/vendor/v8/test/mjsunit/substr.js
/home/graduate/.gem/ruby/1.8/gems/libv8-3.11.8.11/vendor/v8/test/mjsunit/sum-0-plus-undefined-is-NaN.js
/home/graduate/.gem/ruby/1.8/gems/libv8-3.11.8.11/vendor/v8/test/mjsunit/switch.js
/home/graduate/.gem/ruby/1.8/gems/libv8-3.11.8.11/vendor/v8/test/mjsunit/testcfg.py
/home/graduate/.gem/ruby/1.8/gems/libv8-3.11.8.11/vendor/v8/test/mjsunit/third_party/array-isarray.js
/home/graduate/.gem/ruby/1.8/gems/libv8-3.11.8.11/vendor/v8/test/mjsunit/third_party/array-splice-webkit.js
/home/graduate/.gem/ruby/1.8/gems/libv8-3.11.8.11/vendor/v8/test/mjsunit/third_party/object-keys.js
/home/graduate/.gem/ruby/1.8/gems/libv8-3.11.8.11/vendor/v8/test/mjsunit/third_party/regexp-pcre.js
/home/graduate/.gem/ruby/1.8/gems/libv8-3.11.8.11/vendor/v8/test/mjsunit/third_party/string-trim.js
/home/graduate/.gem/ruby/1.8/gems/libv8-3.11.8.11/vendor/v8/test/mjsunit/this-in-callbacks.js
/home/graduate/.gem/ruby/1.8/gems/libv8-3.11.8.11/vendor/v8/test/mjsunit/this-property-assignment.js
/home/graduate/.gem/ruby/1.8/gems/libv8-3.11.8.11/vendor/v8/test/mjsunit/this.js
/home/graduate/.gem/ruby/1.8/gems/libv8-3.11.8.11/vendor/v8/test/mjsunit/throw-and-catch-function.js
/home/graduate/.gem/ruby/1.8/gems/libv8-3.11.8.11/vendor/v8/test/mjsunit/throw-exception-for-null-access.js
/home/graduate/.gem/ruby/1.8/gems/libv8-3.11.8.11/vendor/v8/test/mjsunit/to-precision.js
/home/graduate/.gem/ruby/1.8/gems/libv8-3.11.8.11/vendor/v8/test/mjsunit/to_number_order.js
/home/graduate/.gem/ruby/1.8/gems/libv8-3.11.8.11/vendor/v8/test/mjsunit/tobool.js
/home/graduate/.gem/ruby/1.8/gems/libv8-3.11.8.11/vendor/v8/test/mjsunit/toint32.js
/home/graduate/.gem/ruby/1.8/gems/libv8-3.11.8.11/vendor/v8/test/mjsunit/tools/codemap.js
/home/graduate/.gem/ruby/1.8/gems/libv8-3.11.8.11/vendor/v8/test/mjsunit/tools/consarray.js
/home/graduate/.gem/ruby/1.8/gems/libv8-3.11.8.11/vendor/v8/test/mjsunit/tools/csvparser.js
/home/graduate/.gem/ruby/1.8/gems/libv8-3.11.8.11/vendor/v8/test/mjsunit/tools/profile.js
/home/graduate/.gem/ruby/1.8/gems/libv8-3.11.8.11/vendor/v8/test/mjsunit/tools/profile_view.js
/home/graduate/.gem/ruby/1.8/gems/libv8-3.11.8.11/vendor/v8/test/mjsunit/tools/splaytree.js
/home/graduate/.gem/ruby/1.8/gems/libv8-3.11.8.11/vendor/v8/test/mjsunit/tools/tickprocessor-test-func-info.log
/home/graduate/.gem/ruby/1.8/gems/libv8-3.11.8.11/vendor/v8/test/mjsunit/tools/tickprocessor-test.default
/home/graduate/.gem/ruby/1.8/gems/libv8-3.11.8.11/vendor/v8/test/mjsunit/tools/tickprocessor-test.func-info
/home/graduate/.gem/ruby/1.8/gems/libv8-3.11.8.11/vendor/v8/test/mjsunit/tools/tickprocessor-test.gc-state
/home/graduate/.gem/ruby/1.8/gems/libv8-3.11.8.11/vendor/v8/test/mjsunit/tools/tickprocessor-test.ignore-unknown
/home/graduate/.gem/ruby/1.8/gems/libv8-3.11.8.11/vendor/v8/test/mjsunit/tools/tickprocessor-test.log
/home/graduate/.gem/ruby/1.8/gems/libv8-3.11.8.11/vendor/v8/test/mjsunit/tools/tickprocessor-test.separate-ic
/home/graduate/.gem/ruby/1.8/gems/libv8-3.11.8.11/vendor/v8/test/mjsunit/tools/tickprocessor.js
/home/graduate/.gem/ruby/1.8/gems/libv8-3.11.8.11/vendor/v8/test/mjsunit/top-level-assignments.js
/home/graduate/.gem/ruby/1.8/gems/libv8-3.11.8.11/vendor/v8/test/mjsunit/touint32.js
/home/graduate/.gem/ruby/1.8/gems/libv8-3.11.8.11/vendor/v8/test/mjsunit/transcendentals.js
/home/graduate/.gem/ruby/1.8/gems/libv8-3.11.8.11/vendor/v8/test/mjsunit/try-catch-extension-object.js
/home/graduate/.gem/ruby/1.8/gems/libv8-3.11.8.11/vendor/v8/test/mjsunit/try-catch-scopes.js
/home/graduate/.gem/ruby/1.8/gems/libv8-3.11.8.11/vendor/v8/test/mjsunit/try-finally-nested.js
/home/graduate/.gem/ruby/1.8/gems/libv8-3.11.8.11/vendor/v8/test/mjsunit/try.js
/home/graduate/.gem/ruby/1.8/gems/libv8-3.11.8.11/vendor/v8/test/mjsunit/typeof.js
/home/graduate/.gem/ruby/1.8/gems/libv8-3.11.8.11/vendor/v8/test/mjsunit/unbox-double-arrays.js
/home/graduate/.gem/ruby/1.8/gems/libv8-3.11.8.11/vendor/v8/test/mjsunit/undeletable-functions.js
/home/graduate/.gem/ruby/1.8/gems/libv8-3.11.8.11/vendor/v8/test/mjsunit/unicode-case-overoptimization.js
/home/graduate/.gem/ruby/1.8/gems/libv8-3.11.8.11/vendor/v8/test/mjsunit/unicode-string-to-number.js
/home/graduate/.gem/ruby/1.8/gems/libv8-3.11.8.11/vendor/v8/test/mjsunit/unicode-test.js
/home/graduate/.gem/ruby/1.8/gems/libv8-3.11.8.11/vendor/v8/test/mjsunit/unicodelctest-no-optimization.js
/home/graduate/.gem/ruby/1.8/gems/libv8-3.11.8.11/vendor/v8/test/mjsunit/unicodelctest.js
/home/graduate/.gem/ruby/1.8/gems/libv8-3.11.8.11/vendor/v8/test/mjsunit/unusual-constructor.js
/home/graduate/.gem/ruby/1.8/gems/libv8-3.11.8.11/vendor/v8/test/mjsunit/uri.js
/home/graduate/.gem/ruby/1.8/gems/libv8-3.11.8.11/vendor/v8/test/mjsunit/value-callic-prototype-change.js
/home/graduate/.gem/ruby/1.8/gems/libv8-3.11.8.11/vendor/v8/test/mjsunit/value-of.js
/home/graduate/.gem/ruby/1.8/gems/libv8-3.11.8.11/vendor/v8/test/mjsunit/value-wrapper.js
/home/graduate/.gem/ruby/1.8/gems/libv8-3.11.8.11/vendor/v8/test/mjsunit/var.js
/home/graduate/.gem/ruby/1.8/gems/libv8-3.11.8.11/vendor/v8/test/mjsunit/with-function-expression.js
/home/graduate/.gem/ruby/1.8/gems/libv8-3.11.8.11/vendor/v8/test/mjsunit/with-leave.js
/home/graduate/.gem/ruby/1.8/gems/libv8-3.11.8.11/vendor/v8/test/mjsunit/with-parameter-access.js
/home/graduate/.gem/ruby/1.8/gems/libv8-3.11.8.11/vendor/v8/test/mjsunit/with-prototype.js
/home/graduate/.gem/ruby/1.8/gems/libv8-3.11.8.11/vendor/v8/test/mjsunit/with-readonly.js
/home/graduate/.gem/ruby/1.8/gems/libv8-3.11.8.11/vendor/v8/test/mjsunit/with-value.js
/home/graduate/.gem/ruby/1.8/gems/libv8-3.11.8.11/vendor/v8/test/mozilla/mozilla-shell-emulation.js
/home/graduate/.gem/ruby/1.8/gems/libv8-3.11.8.11/vendor/v8/test/mozilla/mozilla.status
/home/graduate/.gem/ruby/1.8/gems/libv8-3.11.8.11/vendor/v8/test/mozilla/testcfg.py
/home/graduate/.gem/ruby/1.8/gems/libv8-3.11.8.11/vendor/v8/test/preparser/duplicate-parameter.pyt
/home/graduate/.gem/ruby/1.8/gems/libv8-3.11.8.11/vendor/v8/test/preparser/duplicate-property.pyt
/home/graduate/.gem/ruby/1.8/gems/libv8-3.11.8.11/vendor/v8/test/preparser/empty.js
/home/graduate/.gem/ruby/1.8/gems/libv8-3.11.8.11/vendor/v8/test/preparser/functions-only.js
/home/graduate/.gem/ruby/1.8/gems/libv8-3.11.8.11/vendor/v8/test/preparser/non-alphanum.js
/home/graduate/.gem/ruby/1.8/gems/libv8-3.11.8.11/vendor/v8/test/preparser/non-use-strict-hex-escape.js
/home/graduate/.gem/ruby/1.8/gems/libv8-3.11.8.11/vendor/v8/test/preparser/non-use-strict-octal-escape.js
/home/graduate/.gem/ruby/1.8/gems/libv8-3.11.8.11/vendor/v8/test/preparser/non-use-strict-uhex-escape.js
/home/graduate/.gem/ruby/1.8/gems/libv8-3.11.8.11/vendor/v8/test/preparser/nonstrict-arguments.js
/home/graduate/.gem/ruby/1.8/gems/libv8-3.11.8.11/vendor/v8/test/preparser/nonstrict-eval.js
/home/graduate/.gem/ruby/1.8/gems/libv8-3.11.8.11/vendor/v8/test/preparser/nonstrict-with.js
/home/graduate/.gem/ruby/1.8/gems/libv8-3.11.8.11/vendor/v8/test/preparser/preparser.expectation
/home/graduate/.gem/ruby/1.8/gems/libv8-3.11.8.11/vendor/v8/test/preparser/preparser.status
/home/graduate/.gem/ruby/1.8/gems/libv8-3.11.8.11/vendor/v8/test/preparser/strict-const.js
/home/graduate/.gem/ruby/1.8/gems/libv8-3.11.8.11/vendor/v8/test/preparser/strict-function-statement.pyt
/home/graduate/.gem/ruby/1.8/gems/libv8-3.11.8.11/vendor/v8/test/preparser/strict-identifiers.pyt
/home/graduate/.gem/ruby/1.8/gems/libv8-3.11.8.11/vendor/v8/test/preparser/strict-octal-indirect-regexp.js
/home/graduate/.gem/ruby/1.8/gems/libv8-3.11.8.11/vendor/v8/test/preparser/strict-octal-number.js
/home/graduate/.gem/ruby/1.8/gems/libv8-3.11.8.11/vendor/v8/test/preparser/strict-octal-regexp.js
/home/graduate/.gem/ruby/1.8/gems/libv8-3.11.8.11/vendor/v8/test/preparser/strict-octal-string.js
/home/graduate/.gem/ruby/1.8/gems/libv8-3.11.8.11/vendor/v8/test/preparser/strict-octal-use-strict-after.js
/home/graduate/.gem/ruby/1.8/gems/libv8-3.11.8.11/vendor/v8/test/preparser/strict-octal-use-strict-before.js
/home/graduate/.gem/ruby/1.8/gems/libv8-3.11.8.11/vendor/v8/test/preparser/strict-with.js
/home/graduate/.gem/ruby/1.8/gems/libv8-3.11.8.11/vendor/v8/test/preparser/symbols-only.js
/home/graduate/.gem/ruby/1.8/gems/libv8-3.11.8.11/vendor/v8/test/preparser/testcfg.py
/home/graduate/.gem/ruby/1.8/gems/libv8-3.11.8.11/vendor/v8/test/sputnik/README
/home/graduate/.gem/ruby/1.8/gems/libv8-3.11.8.11/vendor/v8/test/sputnik/sputnik.status
/home/graduate/.gem/ruby/1.8/gems/libv8-3.11.8.11/vendor/v8/test/sputnik/testcfg.py
/home/graduate/.gem/ruby/1.8/gems/libv8-3.11.8.11/vendor/v8/test/test262/README
/home/graduate/.gem/ruby/1.8/gems/libv8-3.11.8.11/vendor/v8/test/test262/harness-adapt.js
/home/graduate/.gem/ruby/1.8/gems/libv8-3.11.8.11/vendor/v8/test/test262/test262.status
/home/graduate/.gem/ruby/1.8/gems/libv8-3.11.8.11/vendor/v8/test/test262/testcfg.py
/home/graduate/.gem/ruby/1.8/gems/libv8-3.11.8.11/vendor/v8/tools/bash-completion.sh
/home/graduate/.gem/ruby/1.8/gems/libv8-3.11.8.11/vendor/v8/tools/check-static-initializers.sh
/home/graduate/.gem/ruby/1.8/gems/libv8-3.11.8.11/vendor/v8/tools/codemap.js
/home/graduate/.gem/ruby/1.8/gems/libv8-3.11.8.11/vendor/v8/tools/common-includes.sh
/home/graduate/.gem/ruby/1.8/gems/libv8-3.11.8.11/vendor/v8/tools/consarray.js
/home/graduate/.gem/ruby/1.8/gems/libv8-3.11.8.11/vendor/v8/tools/csvparser.js
/home/graduate/.gem/ruby/1.8/gems/libv8-3.11.8.11/vendor/v8/tools/disasm.py
/home/graduate/.gem/ruby/1.8/gems/libv8-3.11.8.11/vendor/v8/tools/freebsd-tick-processor
/home/graduate/.gem/ruby/1.8/gems/libv8-3.11.8.11/vendor/v8/tools/fuzz-harness.sh
/home/graduate/.gem/ruby/1.8/gems/libv8-3.11.8.11/vendor/v8/tools/gc-nvp-trace-processor.py
/home/graduate/.gem/ruby/1.8/gems/libv8-3.11.8.11/vendor/v8/tools/gcmole/Makefile
/home/graduate/.gem/ruby/1.8/gems/libv8-3.11.8.11/vendor/v8/tools/gcmole/README
/home/graduate/.gem/ruby/1.8/gems/libv8-3.11.8.11/vendor/v8/tools/gcmole/gccause.lua
/home/graduate/.gem/ruby/1.8/gems/libv8-3.11.8.11/vendor/v8/tools/gcmole/gcmole.cc
/home/graduate/.gem/ruby/1.8/gems/libv8-3.11.8.11/vendor/v8/tools/gcmole/gcmole.lua
/home/graduate/.gem/ruby/1.8/gems/libv8-3.11.8.11/vendor/v8/tools/gdb-v8-support.py
/home/graduate/.gem/ruby/1.8/gems/libv8-3.11.8.11/vendor/v8/tools/gen-postmortem-metadata.py
/home/graduate/.gem/ruby/1.8/gems/libv8-3.11.8.11/vendor/v8/tools/generate-ten-powers.scm
/home/graduate/.gem/ruby/1.8/gems/libv8-3.11.8.11/vendor/v8/tools/grokdump.py
/home/graduate/.gem/ruby/1.8/gems/libv8-3.11.8.11/vendor/v8/tools/gyp/v8.gyp
/home/graduate/.gem/ruby/1.8/gems/libv8-3.11.8.11/vendor/v8/tools/js2c.py
/home/graduate/.gem/ruby/1.8/gems/libv8-3.11.8.11/vendor/v8/tools/jsmin.py
/home/graduate/.gem/ruby/1.8/gems/libv8-3.11.8.11/vendor/v8/tools/linux-tick-processor
/home/graduate/.gem/ruby/1.8/gems/libv8-3.11.8.11/vendor/v8/tools/ll_prof.py
/home/graduate/.gem/ruby/1.8/gems/libv8-3.11.8.11/vendor/v8/tools/logreader.js
/home/graduate/.gem/ruby/1.8/gems/libv8-3.11.8.11/vendor/v8/tools/mac-nm
/home/graduate/.gem/ruby/1.8/gems/libv8-3.11.8.11/vendor/v8/tools/mac-tick-processor
/home/graduate/.gem/ruby/1.8/gems/libv8-3.11.8.11/vendor/v8/tools/merge-to-branch.sh
/home/graduate/.gem/ruby/1.8/gems/libv8-3.11.8.11/vendor/v8/tools/oom_dump/README
/home/graduate/.gem/ruby/1.8/gems/libv8-3.11.8.11/vendor/v8/tools/oom_dump/SConstruct
/home/graduate/.gem/ruby/1.8/gems/libv8-3.11.8.11/vendor/v8/tools/oom_dump/oom_dump.cc
/home/graduate/.gem/ruby/1.8/gems/libv8-3.11.8.11/vendor/v8/tools/presubmit.py
/home/graduate/.gem/ruby/1.8/gems/libv8-3.11.8.11/vendor/v8/tools/process-heap-prof.py
/home/graduate/.gem/ruby/1.8/gems/libv8-3.11.8.11/vendor/v8/tools/profile.js
/home/graduate/.gem/ruby/1.8/gems/libv8-3.11.8.11/vendor/v8/tools/profile_view.js
/home/graduate/.gem/ruby/1.8/gems/libv8-3.11.8.11/vendor/v8/tools/push-to-trunk.sh
/home/graduate/.gem/ruby/1.8/gems/libv8-3.11.8.11/vendor/v8/tools/run-valgrind.py
/home/graduate/.gem/ruby/1.8/gems/libv8-3.11.8.11/vendor/v8/tools/splaytree.js
/home/graduate/.gem/ruby/1.8/gems/libv8-3.11.8.11/vendor/v8/tools/stats-viewer.py
/home/graduate/.gem/ruby/1.8/gems/libv8-3.11.8.11/vendor/v8/tools/test-wrapper-gypbuild.py
/home/graduate/.gem/ruby/1.8/gems/libv8-3.11.8.11/vendor/v8/tools/test.py
/home/graduate/.gem/ruby/1.8/gems/libv8-3.11.8.11/vendor/v8/tools/tickprocessor-driver.js
/home/graduate/.gem/ruby/1.8/gems/libv8-3.11.8.11/vendor/v8/tools/tickprocessor.js
/home/graduate/.gem/ruby/1.8/gems/libv8-3.11.8.11/vendor/v8/tools/utils.py
/home/graduate/.gem/ruby/1.8/gems/libv8-3.11.8.11/vendor/v8/tools/v8.xcodeproj/README.txt
/home/graduate/.gem/ruby/1.8/gems/libv8-3.11.8.11/vendor/v8/tools/visual_studio/README.txt
/home/graduate/.gem/ruby/1.8/gems/libv8-3.11.8.11/vendor/v8/tools/windows-tick-processor.bat
/home/graduate/.gem/ruby/1.8/gems/libv8-3.11.8.11/vendor/v8/build/gyp/AUTHORS
/home/graduate/.gem/ruby/1.8/gems/libv8-3.11.8.11/vendor/v8/build/gyp/buildbot/buildbot_run.py
/home/graduate/.gem/ruby/1.8/gems/libv8-3.11.8.11/vendor/v8/build/gyp/codereview.settings
/home/graduate/.gem/ruby/1.8/gems/libv8-3.11.8.11/vendor/v8/build/gyp/DEPS
/home/graduate/.gem/ruby/1.8/gems/libv8-3.11.8.11/vendor/v8/build/gyp/gyp
/home/graduate/.gem/ruby/1.8/gems/libv8-3.11.8.11/vendor/v8/build/gyp/gyp.bat
/home/graduate/.gem/ruby/1.8/gems/libv8-3.11.8.11/vendor/v8/build/gyp/gyp_dummy.c
/home/graduate/.gem/ruby/1.8/gems/libv8-3.11.8.11/vendor/v8/build/gyp/gyptest.py
/home/graduate/.gem/ruby/1.8/gems/libv8-3.11.8.11/vendor/v8/build/gyp/LICENSE
/home/graduate/.gem/ruby/1.8/gems/libv8-3.11.8.11/vendor/v8/build/gyp/MANIFEST
/home/graduate/.gem/ruby/1.8/gems/libv8-3.11.8.11/vendor/v8/build/gyp/OWNERS
/home/graduate/.gem/ruby/1.8/gems/libv8-3.11.8.11/vendor/v8/build/gyp/PRESUBMIT.py
/home/graduate/.gem/ruby/1.8/gems/libv8-3.11.8.11/vendor/v8/build/gyp/pylib/gyp/__init__.py
/home/graduate/.gem/ruby/1.8/gems/libv8-3.11.8.11/vendor/v8/build/gyp/pylib/gyp/common.py
/home/graduate/.gem/ruby/1.8/gems/libv8-3.11.8.11/vendor/v8/build/gyp/pylib/gyp/easy_xml.py
/home/graduate/.gem/ruby/1.8/gems/libv8-3.11.8.11/vendor/v8/build/gyp/pylib/gyp/easy_xml_test.py
/home/graduate/.gem/ruby/1.8/gems/libv8-3.11.8.11/vendor/v8/build/gyp/pylib/gyp/generator/__init__.py
/home/graduate/.gem/ruby/1.8/gems/libv8-3.11.8.11/vendor/v8/build/gyp/pylib/gyp/generator/dump_dependency_json.py
/home/graduate/.gem/ruby/1.8/gems/libv8-3.11.8.11/vendor/v8/build/gyp/pylib/gyp/generator/gypd.py
/home/graduate/.gem/ruby/1.8/gems/libv8-3.11.8.11/vendor/v8/build/gyp/pylib/gyp/generator/gypsh.py
/home/graduate/.gem/ruby/1.8/gems/libv8-3.11.8.11/vendor/v8/build/gyp/pylib/gyp/generator/make.py
/home/graduate/.gem/ruby/1.8/gems/libv8-3.11.8.11/vendor/v8/build/gyp/pylib/gyp/generator/msvs.py
/home/graduate/.gem/ruby/1.8/gems/libv8-3.11.8.11/vendor/v8/build/gyp/pylib/gyp/generator/msvs_test.py
/home/graduate/.gem/ruby/1.8/gems/libv8-3.11.8.11/vendor/v8/build/gyp/pylib/gyp/generator/ninja.py
/home/graduate/.gem/ruby/1.8/gems/libv8-3.11.8.11/vendor/v8/build/gyp/pylib/gyp/generator/ninja_test.py
/home/graduate/.gem/ruby/1.8/gems/libv8-3.11.8.11/vendor/v8/build/gyp/pylib/gyp/generator/scons.py
/home/graduate/.gem/ruby/1.8/gems/libv8-3.11.8.11/vendor/v8/build/gyp/pylib/gyp/generator/xcode.py
/home/graduate/.gem/ruby/1.8/gems/libv8-3.11.8.11/vendor/v8/build/gyp/pylib/gyp/input.py
/home/graduate/.gem/ruby/1.8/gems/libv8-3.11.8.11/vendor/v8/build/gyp/pylib/gyp/mac_tool.py
/home/graduate/.gem/ruby/1.8/gems/libv8-3.11.8.11/vendor/v8/build/gyp/pylib/gyp/msvs_emulation.py
/home/graduate/.gem/ruby/1.8/gems/libv8-3.11.8.11/vendor/v8/build/gyp/pylib/gyp/MSVSNew.py
/home/graduate/.gem/ruby/1.8/gems/libv8-3.11.8.11/vendor/v8/build/gyp/pylib/gyp/MSVSProject.py
/home/graduate/.gem/ruby/1.8/gems/libv8-3.11.8.11/vendor/v8/build/gyp/pylib/gyp/MSVSSettings.py
/home/graduate/.gem/ruby/1.8/gems/libv8-3.11.8.11/vendor/v8/build/gyp/pylib/gyp/MSVSSettings_test.py
/home/graduate/.gem/ruby/1.8/gems/libv8-3.11.8.11/vendor/v8/build/gyp/pylib/gyp/MSVSToolFile.py
/home/graduate/.gem/ruby/1.8/gems/libv8-3.11.8.11/vendor/v8/build/gyp/pylib/gyp/MSVSUserFile.py
/home/graduate/.gem/ruby/1.8/gems/libv8-3.11.8.11/vendor/v8/build/gyp/pylib/gyp/MSVSVersion.py
/home/graduate/.gem/ruby/1.8/gems/libv8-3.11.8.11/vendor/v8/build/gyp/pylib/gyp/ninja_syntax.py
/home/graduate/.gem/ruby/1.8/gems/libv8-3.11.8.11/vendor/v8/build/gyp/pylib/gyp/SCons.py
/home/graduate/.gem/ruby/1.8/gems/libv8-3.11.8.11/vendor/v8/build/gyp/pylib/gyp/sun_tool.py
/home/graduate/.gem/ruby/1.8/gems/libv8-3.11.8.11/vendor/v8/build/gyp/pylib/gyp/system_test.py
/home/graduate/.gem/ruby/1.8/gems/libv8-3.11.8.11/vendor/v8/build/gyp/pylib/gyp/win_tool.py
/home/graduate/.gem/ruby/1.8/gems/libv8-3.11.8.11/vendor/v8/build/gyp/pylib/gyp/xcode_emulation.py
/home/graduate/.gem/ruby/1.8/gems/libv8-3.11.8.11/vendor/v8/build/gyp/pylib/gyp/xcodeproj_file.py
/home/graduate/.gem/ruby/1.8/gems/libv8-3.11.8.11/vendor/v8/build/gyp/pylib/gyp/xml_fix.py
/home/graduate/.gem/ruby/1.8/gems/libv8-3.11.8.11/vendor/v8/build/gyp/pylintrc
/home/graduate/.gem/ruby/1.8/gems/libv8-3.11.8.11/vendor/v8/build/gyp/samples/samples
/home/graduate/.gem/ruby/1.8/gems/libv8-3.11.8.11/vendor/v8/build/gyp/samples/samples.bat
/home/graduate/.gem/ruby/1.8/gems/libv8-3.11.8.11/vendor/v8/build/gyp/setup.py
/home/graduate/.gem/ruby/1.8/gems/libv8-3.11.8.11/vendor/v8/build/gyp/test/actions/gyptest-all.py
/home/graduate/.gem/ruby/1.8/gems/libv8-3.11.8.11/vendor/v8/build/gyp/test/actions/gyptest-default.py
/home/graduate/.gem/ruby/1.8/gems/libv8-3.11.8.11/vendor/v8/build/gyp/test/actions/gyptest-errors.py
/home/graduate/.gem/ruby/1.8/gems/libv8-3.11.8.11/vendor/v8/build/gyp/test/actions/src/action_missing_name.gyp
/home/graduate/.gem/ruby/1.8/gems/libv8-3.11.8.11/vendor/v8/build/gyp/test/actions/src/actions.gyp
/home/graduate/.gem/ruby/1.8/gems/libv8-3.11.8.11/vendor/v8/build/gyp/test/actions/src/confirm-dep-files.py
/home/graduate/.gem/ruby/1.8/gems/libv8-3.11.8.11/vendor/v8/build/gyp/test/actions/src/subdir1/counter.py
/home/graduate/.gem/ruby/1.8/gems/libv8-3.11.8.11/vendor/v8/build/gyp/test/actions/src/subdir1/executable.gyp
/home/graduate/.gem/ruby/1.8/gems/libv8-3.11.8.11/vendor/v8/build/gyp/test/actions/src/subdir1/make-prog1.py
/home/graduate/.gem/ruby/1.8/gems/libv8-3.11.8.11/vendor/v8/build/gyp/test/actions/src/subdir1/make-prog2.py
/home/graduate/.gem/ruby/1.8/gems/libv8-3.11.8.11/vendor/v8/build/gyp/test/actions/src/subdir1/program.c
/home/graduate/.gem/ruby/1.8/gems/libv8-3.11.8.11/vendor/v8/build/gyp/test/actions/src/subdir2/make-file.py
/home/graduate/.gem/ruby/1.8/gems/libv8-3.11.8.11/vendor/v8/build/gyp/test/actions/src/subdir2/none.gyp
/home/graduate/.gem/ruby/1.8/gems/libv8-3.11.8.11/vendor/v8/build/gyp/test/actions/src/subdir3/generate_main.py
/home/graduate/.gem/ruby/1.8/gems/libv8-3.11.8.11/vendor/v8/build/gyp/test/actions/src/subdir3/null_input.gyp
/home/graduate/.gem/ruby/1.8/gems/libv8-3.11.8.11/vendor/v8/build/gyp/test/actions-bare/gyptest-bare.py
/home/graduate/.gem/ruby/1.8/gems/libv8-3.11.8.11/vendor/v8/build/gyp/test/actions-bare/src/bare.gyp
/home/graduate/.gem/ruby/1.8/gems/libv8-3.11.8.11/vendor/v8/build/gyp/test/actions-bare/src/bare.py
/home/graduate/.gem/ruby/1.8/gems/libv8-3.11.8.11/vendor/v8/build/gyp/test/actions-multiple/gyptest-all.py
/home/graduate/.gem/ruby/1.8/gems/libv8-3.11.8.11/vendor/v8/build/gyp/test/actions-multiple/src/actions.gyp
/home/graduate/.gem/ruby/1.8/gems/libv8-3.11.8.11/vendor/v8/build/gyp/test/actions-multiple/src/copy.py
/home/graduate/.gem/ruby/1.8/gems/libv8-3.11.8.11/vendor/v8/build/gyp/test/actions-multiple/src/filter.py
/home/graduate/.gem/ruby/1.8/gems/libv8-3.11.8.11/vendor/v8/build/gyp/test/actions-multiple/src/foo.c
/home/graduate/.gem/ruby/1.8/gems/libv8-3.11.8.11/vendor/v8/build/gyp/test/actions-multiple/src/input.txt
/home/graduate/.gem/ruby/1.8/gems/libv8-3.11.8.11/vendor/v8/build/gyp/test/actions-multiple/src/main.c
/home/graduate/.gem/ruby/1.8/gems/libv8-3.11.8.11/vendor/v8/build/gyp/test/actions-subdir/gyptest-action.py
/home/graduate/.gem/ruby/1.8/gems/libv8-3.11.8.11/vendor/v8/build/gyp/test/actions-subdir/src/make-file.py
/home/graduate/.gem/ruby/1.8/gems/libv8-3.11.8.11/vendor/v8/build/gyp/test/actions-subdir/src/none.gyp
/home/graduate/.gem/ruby/1.8/gems/libv8-3.11.8.11/vendor/v8/build/gyp/test/actions-subdir/src/subdir/make-subdir-file.py
/home/graduate/.gem/ruby/1.8/gems/libv8-3.11.8.11/vendor/v8/build/gyp/test/actions-subdir/src/subdir/subdir.gyp
/home/graduate/.gem/ruby/1.8/gems/libv8-3.11.8.11/vendor/v8/build/gyp/test/additional-targets/gyptest-additional.py
/home/graduate/.gem/ruby/1.8/gems/libv8-3.11.8.11/vendor/v8/build/gyp/test/additional-targets/src/all.gyp
/home/graduate/.gem/ruby/1.8/gems/libv8-3.11.8.11/vendor/v8/build/gyp/test/additional-targets/src/dir1/actions.gyp
/home/graduate/.gem/ruby/1.8/gems/libv8-3.11.8.11/vendor/v8/build/gyp/test/additional-targets/src/dir1/emit.py
/home/graduate/.gem/ruby/1.8/gems/libv8-3.11.8.11/vendor/v8/build/gyp/test/additional-targets/src/dir1/lib1.c
/home/graduate/.gem/ruby/1.8/gems/libv8-3.11.8.11/vendor/v8/build/gyp/test/assembly/gyptest-assembly.py
/home/graduate/.gem/ruby/1.8/gems/libv8-3.11.8.11/vendor/v8/build/gyp/test/assembly/src/as.bat
/home/graduate/.gem/ruby/1.8/gems/libv8-3.11.8.11/vendor/v8/build/gyp/test/assembly/src/assembly.gyp
/home/graduate/.gem/ruby/1.8/gems/libv8-3.11.8.11/vendor/v8/build/gyp/test/assembly/src/lib1.c
/home/graduate/.gem/ruby/1.8/gems/libv8-3.11.8.11/vendor/v8/build/gyp/test/assembly/src/lib1.S
/home/graduate/.gem/ruby/1.8/gems/libv8-3.11.8.11/vendor/v8/build/gyp/test/assembly/src/program.c
/home/graduate/.gem/ruby/1.8/gems/libv8-3.11.8.11/vendor/v8/build/gyp/test/builddir/gyptest-all.py
/home/graduate/.gem/ruby/1.8/gems/libv8-3.11.8.11/vendor/v8/build/gyp/test/builddir/gyptest-default.py
/home/graduate/.gem/ruby/1.8/gems/libv8-3.11.8.11/vendor/v8/build/gyp/test/builddir/src/builddir.gypi
/home/graduate/.gem/ruby/1.8/gems/libv8-3.11.8.11/vendor/v8/build/gyp/test/builddir/src/func1.c
/home/graduate/.gem/ruby/1.8/gems/libv8-3.11.8.11/vendor/v8/build/gyp/test/builddir/src/func2.c
/home/graduate/.gem/ruby/1.8/gems/libv8-3.11.8.11/vendor/v8/build/gyp/test/builddir/src/func3.c
/home/graduate/.gem/ruby/1.8/gems/libv8-3.11.8.11/vendor/v8/build/gyp/test/builddir/src/func4.c
/home/graduate/.gem/ruby/1.8/gems/libv8-3.11.8.11/vendor/v8/build/gyp/test/builddir/src/func5.c
/home/graduate/.gem/ruby/1.8/gems/libv8-3.11.8.11/vendor/v8/build/gyp/test/builddir/src/prog1.c
/home/graduate/.gem/ruby/1.8/gems/libv8-3.11.8.11/vendor/v8/build/gyp/test/builddir/src/prog1.gyp
/home/graduate/.gem/ruby/1.8/gems/libv8-3.11.8.11/vendor/v8/build/gyp/test/builddir/src/subdir2/prog2.c
/home/graduate/.gem/ruby/1.8/gems/libv8-3.11.8.11/vendor/v8/build/gyp/test/builddir/src/subdir2/prog2.gyp
/home/graduate/.gem/ruby/1.8/gems/libv8-3.11.8.11/vendor/v8/build/gyp/test/builddir/src/subdir2/subdir3/prog3.c
/home/graduate/.gem/ruby/1.8/gems/libv8-3.11.8.11/vendor/v8/build/gyp/test/builddir/src/subdir2/subdir3/prog3.gyp
/home/graduate/.gem/ruby/1.8/gems/libv8-3.11.8.11/vendor/v8/build/gyp/test/builddir/src/subdir2/subdir3/subdir4/prog4.c
/home/graduate/.gem/ruby/1.8/gems/libv8-3.11.8.11/vendor/v8/build/gyp/test/builddir/src/subdir2/subdir3/subdir4/prog4.gyp
/home/graduate/.gem/ruby/1.8/gems/libv8-3.11.8.11/vendor/v8/build/gyp/test/builddir/src/subdir2/subdir3/subdir4/subdir5/prog5.c
/home/graduate/.gem/ruby/1.8/gems/libv8-3.11.8.11/vendor/v8/build/gyp/test/builddir/src/subdir2/subdir3/subdir4/subdir5/prog5.gyp
/home/graduate/.gem/ruby/1.8/gems/libv8-3.11.8.11/vendor/v8/build/gyp/test/cflags/cflags.c
/home/graduate/.gem/ruby/1.8/gems/libv8-3.11.8.11/vendor/v8/build/gyp/test/cflags/cflags.gyp
/home/graduate/.gem/ruby/1.8/gems/libv8-3.11.8.11/vendor/v8/build/gyp/test/cflags/gyptest-cflags.py
/home/graduate/.gem/ruby/1.8/gems/libv8-3.11.8.11/vendor/v8/build/gyp/test/compilable/gyptest-headers.py
/home/graduate/.gem/ruby/1.8/gems/libv8-3.11.8.11/vendor/v8/build/gyp/test/compilable/src/headers.gyp
/home/graduate/.gem/ruby/1.8/gems/libv8-3.11.8.11/vendor/v8/build/gyp/test/compilable/src/lib1.cpp
/home/graduate/.gem/ruby/1.8/gems/libv8-3.11.8.11/vendor/v8/build/gyp/test/compilable/src/lib1.hpp
/home/graduate/.gem/ruby/1.8/gems/libv8-3.11.8.11/vendor/v8/build/gyp/test/compilable/src/program.cpp
/home/graduate/.gem/ruby/1.8/gems/libv8-3.11.8.11/vendor/v8/build/gyp/test/configurations/basics/configurations.c
/home/graduate/.gem/ruby/1.8/gems/libv8-3.11.8.11/vendor/v8/build/gyp/test/configurations/basics/configurations.gyp
/home/graduate/.gem/ruby/1.8/gems/libv8-3.11.8.11/vendor/v8/build/gyp/test/configurations/basics/gyptest-configurations.py
/home/graduate/.gem/ruby/1.8/gems/libv8-3.11.8.11/vendor/v8/build/gyp/test/configurations/inheritance/configurations.c
/home/graduate/.gem/ruby/1.8/gems/libv8-3.11.8.11/vendor/v8/build/gyp/test/configurations/inheritance/configurations.gyp
/home/graduate/.gem/ruby/1.8/gems/libv8-3.11.8.11/vendor/v8/build/gyp/test/configurations/inheritance/gyptest-inheritance.py
/home/graduate/.gem/ruby/1.8/gems/libv8-3.11.8.11/vendor/v8/build/gyp/test/configurations/invalid/actions.gyp
/home/graduate/.gem/ruby/1.8/gems/libv8-3.11.8.11/vendor/v8/build/gyp/test/configurations/invalid/all_dependent_settings.gyp
/home/graduate/.gem/ruby/1.8/gems/libv8-3.11.8.11/vendor/v8/build/gyp/test/configurations/invalid/configurations.gyp
/home/graduate/.gem/ruby/1.8/gems/libv8-3.11.8.11/vendor/v8/build/gyp/test/configurations/invalid/dependencies.gyp
/home/graduate/.gem/ruby/1.8/gems/libv8-3.11.8.11/vendor/v8/build/gyp/test/configurations/invalid/direct_dependent_settings.gyp
/home/graduate/.gem/ruby/1.8/gems/libv8-3.11.8.11/vendor/v8/build/gyp/test/configurations/invalid/gyptest-configurations.py
/home/graduate/.gem/ruby/1.8/gems/libv8-3.11.8.11/vendor/v8/build/gyp/test/configurations/invalid/libraries.gyp
/home/graduate/.gem/ruby/1.8/gems/libv8-3.11.8.11/vendor/v8/build/gyp/test/configurations/invalid/link_settings.gyp
/home/graduate/.gem/ruby/1.8/gems/libv8-3.11.8.11/vendor/v8/build/gyp/test/configurations/invalid/sources.gyp
/home/graduate/.gem/ruby/1.8/gems/libv8-3.11.8.11/vendor/v8/build/gyp/test/configurations/invalid/target_name.gyp
/home/graduate/.gem/ruby/1.8/gems/libv8-3.11.8.11/vendor/v8/build/gyp/test/configurations/invalid/type.gyp
/home/graduate/.gem/ruby/1.8/gems/libv8-3.11.8.11/vendor/v8/build/gyp/test/configurations/target_platform/configurations.gyp
/home/graduate/.gem/ruby/1.8/gems/libv8-3.11.8.11/vendor/v8/build/gyp/test/configurations/target_platform/front.c
/home/graduate/.gem/ruby/1.8/gems/libv8-3.11.8.11/vendor/v8/build/gyp/test/configurations/target_platform/gyptest-target_platform.py
/home/graduate/.gem/ruby/1.8/gems/libv8-3.11.8.11/vendor/v8/build/gyp/test/configurations/target_platform/left.c
/home/graduate/.gem/ruby/1.8/gems/libv8-3.11.8.11/vendor/v8/build/gyp/test/configurations/target_platform/right.c
/home/graduate/.gem/ruby/1.8/gems/libv8-3.11.8.11/vendor/v8/build/gyp/test/configurations/x64/configurations.c
/home/graduate/.gem/ruby/1.8/gems/libv8-3.11.8.11/vendor/v8/build/gyp/test/configurations/x64/configurations.gyp
/home/graduate/.gem/ruby/1.8/gems/libv8-3.11.8.11/vendor/v8/build/gyp/test/configurations/x64/gyptest-x86.py
/home/graduate/.gem/ruby/1.8/gems/libv8-3.11.8.11/vendor/v8/build/gyp/test/copies/gyptest-all.py
/home/graduate/.gem/ruby/1.8/gems/libv8-3.11.8.11/vendor/v8/build/gyp/test/copies/gyptest-default.py
/home/graduate/.gem/ruby/1.8/gems/libv8-3.11.8.11/vendor/v8/build/gyp/test/copies/gyptest-slash.py
/home/graduate/.gem/ruby/1.8/gems/libv8-3.11.8.11/vendor/v8/build/gyp/test/copies/src/copies-slash.gyp
/home/graduate/.gem/ruby/1.8/gems/libv8-3.11.8.11/vendor/v8/build/gyp/test/copies/src/copies.gyp
/home/graduate/.gem/ruby/1.8/gems/libv8-3.11.8.11/vendor/v8/build/gyp/test/copies/src/directory/file3
/home/graduate/.gem/ruby/1.8/gems/libv8-3.11.8.11/vendor/v8/build/gyp/test/copies/src/directory/file4
/home/graduate/.gem/ruby/1.8/gems/libv8-3.11.8.11/vendor/v8/build/gyp/test/copies/src/directory/subdir/file5
/home/graduate/.gem/ruby/1.8/gems/libv8-3.11.8.11/vendor/v8/build/gyp/test/copies/src/file1
/home/graduate/.gem/ruby/1.8/gems/libv8-3.11.8.11/vendor/v8/build/gyp/test/copies/src/file2
/home/graduate/.gem/ruby/1.8/gems/libv8-3.11.8.11/vendor/v8/build/gyp/test/copies/src/parentdir/subdir/file6
/home/graduate/.gem/ruby/1.8/gems/libv8-3.11.8.11/vendor/v8/build/gyp/test/cxxflags/cxxflags.cc
/home/graduate/.gem/ruby/1.8/gems/libv8-3.11.8.11/vendor/v8/build/gyp/test/cxxflags/cxxflags.gyp
/home/graduate/.gem/ruby/1.8/gems/libv8-3.11.8.11/vendor/v8/build/gyp/test/cxxflags/gyptest-cxxflags.py
/home/graduate/.gem/ruby/1.8/gems/libv8-3.11.8.11/vendor/v8/build/gyp/test/defines/defines-env.gyp
/home/graduate/.gem/ruby/1.8/gems/libv8-3.11.8.11/vendor/v8/build/gyp/test/defines/defines.c
/home/graduate/.gem/ruby/1.8/gems/libv8-3.11.8.11/vendor/v8/build/gyp/test/defines/defines.gyp
/home/graduate/.gem/ruby/1.8/gems/libv8-3.11.8.11/vendor/v8/build/gyp/test/defines/gyptest-define-override.py
/home/graduate/.gem/ruby/1.8/gems/libv8-3.11.8.11/vendor/v8/build/gyp/test/defines/gyptest-defines-env-regyp.py
/home/graduate/.gem/ruby/1.8/gems/libv8-3.11.8.11/vendor/v8/build/gyp/test/defines/gyptest-defines-env.py
/home/graduate/.gem/ruby/1.8/gems/libv8-3.11.8.11/vendor/v8/build/gyp/test/defines/gyptest-defines.py
/home/graduate/.gem/ruby/1.8/gems/libv8-3.11.8.11/vendor/v8/build/gyp/test/defines-escaping/defines-escaping.c
/home/graduate/.gem/ruby/1.8/gems/libv8-3.11.8.11/vendor/v8/build/gyp/test/defines-escaping/defines-escaping.gyp
/home/graduate/.gem/ruby/1.8/gems/libv8-3.11.8.11/vendor/v8/build/gyp/test/defines-escaping/gyptest-defines-escaping.py
/home/graduate/.gem/ruby/1.8/gems/libv8-3.11.8.11/vendor/v8/build/gyp/test/dependencies/a.c
/home/graduate/.gem/ruby/1.8/gems/libv8-3.11.8.11/vendor/v8/build/gyp/test/dependencies/b/b.c
/home/graduate/.gem/ruby/1.8/gems/libv8-3.11.8.11/vendor/v8/build/gyp/test/dependencies/b/b.gyp
/home/graduate/.gem/ruby/1.8/gems/libv8-3.11.8.11/vendor/v8/build/gyp/test/dependencies/b/b3.c
/home/graduate/.gem/ruby/1.8/gems/libv8-3.11.8.11/vendor/v8/build/gyp/test/dependencies/c/c.c
/home/graduate/.gem/ruby/1.8/gems/libv8-3.11.8.11/vendor/v8/build/gyp/test/dependencies/c/c.gyp
/home/graduate/.gem/ruby/1.8/gems/libv8-3.11.8.11/vendor/v8/build/gyp/test/dependencies/c/d.c
/home/graduate/.gem/ruby/1.8/gems/libv8-3.11.8.11/vendor/v8/build/gyp/test/dependencies/extra_targets.gyp
/home/graduate/.gem/ruby/1.8/gems/libv8-3.11.8.11/vendor/v8/build/gyp/test/dependencies/gyptest-extra-targets.py
/home/graduate/.gem/ruby/1.8/gems/libv8-3.11.8.11/vendor/v8/build/gyp/test/dependencies/gyptest-lib-only.py
/home/graduate/.gem/ruby/1.8/gems/libv8-3.11.8.11/vendor/v8/build/gyp/test/dependencies/gyptest-none-traversal.py
/home/graduate/.gem/ruby/1.8/gems/libv8-3.11.8.11/vendor/v8/build/gyp/test/dependencies/lib_only.gyp
/home/graduate/.gem/ruby/1.8/gems/libv8-3.11.8.11/vendor/v8/build/gyp/test/dependencies/main.c
/home/graduate/.gem/ruby/1.8/gems/libv8-3.11.8.11/vendor/v8/build/gyp/test/dependencies/none_traversal.gyp
/home/graduate/.gem/ruby/1.8/gems/libv8-3.11.8.11/vendor/v8/build/gyp/test/dependency-copy/gyptest-copy.py
/home/graduate/.gem/ruby/1.8/gems/libv8-3.11.8.11/vendor/v8/build/gyp/test/dependency-copy/src/copies.gyp
/home/graduate/.gem/ruby/1.8/gems/libv8-3.11.8.11/vendor/v8/build/gyp/test/dependency-copy/src/file1.c
/home/graduate/.gem/ruby/1.8/gems/libv8-3.11.8.11/vendor/v8/build/gyp/test/dependency-copy/src/file2.c
/home/graduate/.gem/ruby/1.8/gems/libv8-3.11.8.11/vendor/v8/build/gyp/test/exclusion/exclusion.gyp
/home/graduate/.gem/ruby/1.8/gems/libv8-3.11.8.11/vendor/v8/build/gyp/test/exclusion/gyptest-exclusion.py
/home/graduate/.gem/ruby/1.8/gems/libv8-3.11.8.11/vendor/v8/build/gyp/test/exclusion/hello.c
/home/graduate/.gem/ruby/1.8/gems/libv8-3.11.8.11/vendor/v8/build/gyp/test/generator-output/actions/actions.gyp
/home/graduate/.gem/ruby/1.8/gems/libv8-3.11.8.11/vendor/v8/build/gyp/test/generator-output/actions/build/README.txt
/home/graduate/.gem/ruby/1.8/gems/libv8-3.11.8.11/vendor/v8/build/gyp/test/generator-output/actions/subdir1/actions-out/README.txt
/home/graduate/.gem/ruby/1.8/gems/libv8-3.11.8.11/vendor/v8/build/gyp/test/generator-output/actions/subdir1/build/README.txt
/home/graduate/.gem/ruby/1.8/gems/libv8-3.11.8.11/vendor/v8/build/gyp/test/generator-output/actions/subdir1/executable.gyp
/home/graduate/.gem/ruby/1.8/gems/libv8-3.11.8.11/vendor/v8/build/gyp/test/generator-output/actions/subdir1/make-prog1.py
/home/graduate/.gem/ruby/1.8/gems/libv8-3.11.8.11/vendor/v8/build/gyp/test/generator-output/actions/subdir1/make-prog2.py
/home/graduate/.gem/ruby/1.8/gems/libv8-3.11.8.11/vendor/v8/build/gyp/test/generator-output/actions/subdir1/program.c
/home/graduate/.gem/ruby/1.8/gems/libv8-3.11.8.11/vendor/v8/build/gyp/test/generator-output/actions/subdir2/actions-out/README.txt
/home/graduate/.gem/ruby/1.8/gems/libv8-3.11.8.11/vendor/v8/build/gyp/test/generator-output/actions/subdir2/build/README.txt
/home/graduate/.gem/ruby/1.8/gems/libv8-3.11.8.11/vendor/v8/build/gyp/test/generator-output/actions/subdir2/make-file.py
/home/graduate/.gem/ruby/1.8/gems/libv8-3.11.8.11/vendor/v8/build/gyp/test/generator-output/actions/subdir2/none.gyp
/home/graduate/.gem/ruby/1.8/gems/libv8-3.11.8.11/vendor/v8/build/gyp/test/generator-output/copies/build/README.txt
/home/graduate/.gem/ruby/1.8/gems/libv8-3.11.8.11/vendor/v8/build/gyp/test/generator-output/copies/copies-out/README.txt
/home/graduate/.gem/ruby/1.8/gems/libv8-3.11.8.11/vendor/v8/build/gyp/test/generator-output/copies/copies.gyp
/home/graduate/.gem/ruby/1.8/gems/libv8-3.11.8.11/vendor/v8/build/gyp/test/generator-output/copies/file1
/home/graduate/.gem/ruby/1.8/gems/libv8-3.11.8.11/vendor/v8/build/gyp/test/generator-output/copies/file2
/home/graduate/.gem/ruby/1.8/gems/libv8-3.11.8.11/vendor/v8/build/gyp/test/generator-output/copies/subdir/build/README.txt
/home/graduate/.gem/ruby/1.8/gems/libv8-3.11.8.11/vendor/v8/build/gyp/test/generator-output/copies/subdir/copies-out/README.txt
/home/graduate/.gem/ruby/1.8/gems/libv8-3.11.8.11/vendor/v8/build/gyp/test/generator-output/copies/subdir/file3
/home/graduate/.gem/ruby/1.8/gems/libv8-3.11.8.11/vendor/v8/build/gyp/test/generator-output/copies/subdir/file4
/home/graduate/.gem/ruby/1.8/gems/libv8-3.11.8.11/vendor/v8/build/gyp/test/generator-output/copies/subdir/subdir.gyp
/home/graduate/.gem/ruby/1.8/gems/libv8-3.11.8.11/vendor/v8/build/gyp/test/generator-output/gyptest-actions.py
/home/graduate/.gem/ruby/1.8/gems/libv8-3.11.8.11/vendor/v8/build/gyp/test/generator-output/gyptest-copies.py
/home/graduate/.gem/ruby/1.8/gems/libv8-3.11.8.11/vendor/v8/build/gyp/test/generator-output/gyptest-relocate.py
/home/graduate/.gem/ruby/1.8/gems/libv8-3.11.8.11/vendor/v8/build/gyp/test/generator-output/gyptest-rules.py
/home/graduate/.gem/ruby/1.8/gems/libv8-3.11.8.11/vendor/v8/build/gyp/test/generator-output/gyptest-subdir2-deep.py
/home/graduate/.gem/ruby/1.8/gems/libv8-3.11.8.11/vendor/v8/build/gyp/test/generator-output/gyptest-top-all.py
/home/graduate/.gem/ruby/1.8/gems/libv8-3.11.8.11/vendor/v8/build/gyp/test/generator-output/rules/build/README.txt
/home/graduate/.gem/ruby/1.8/gems/libv8-3.11.8.11/vendor/v8/build/gyp/test/generator-output/rules/copy-file.py
/home/graduate/.gem/ruby/1.8/gems/libv8-3.11.8.11/vendor/v8/build/gyp/test/generator-output/rules/rules.gyp
/home/graduate/.gem/ruby/1.8/gems/libv8-3.11.8.11/vendor/v8/build/gyp/test/generator-output/rules/subdir1/build/README.txt
/home/graduate/.gem/ruby/1.8/gems/libv8-3.11.8.11/vendor/v8/build/gyp/test/generator-output/rules/subdir1/define3.in0
/home/graduate/.gem/ruby/1.8/gems/libv8-3.11.8.11/vendor/v8/build/gyp/test/generator-output/rules/subdir1/define4.in0
/home/graduate/.gem/ruby/1.8/gems/libv8-3.11.8.11/vendor/v8/build/gyp/test/generator-output/rules/subdir1/executable.gyp
/home/graduate/.gem/ruby/1.8/gems/libv8-3.11.8.11/vendor/v8/build/gyp/test/generator-output/rules/subdir1/function1.in1
/home/graduate/.gem/ruby/1.8/gems/libv8-3.11.8.11/vendor/v8/build/gyp/test/generator-output/rules/subdir1/function2.in1
/home/graduate/.gem/ruby/1.8/gems/libv8-3.11.8.11/vendor/v8/build/gyp/test/generator-output/rules/subdir1/program.c
/home/graduate/.gem/ruby/1.8/gems/libv8-3.11.8.11/vendor/v8/build/gyp/test/generator-output/rules/subdir2/build/README.txt
/home/graduate/.gem/ruby/1.8/gems/libv8-3.11.8.11/vendor/v8/build/gyp/test/generator-output/rules/subdir2/file1.in0
/home/graduate/.gem/ruby/1.8/gems/libv8-3.11.8.11/vendor/v8/build/gyp/test/generator-output/rules/subdir2/file2.in0
/home/graduate/.gem/ruby/1.8/gems/libv8-3.11.8.11/vendor/v8/build/gyp/test/generator-output/rules/subdir2/file3.in1
/home/graduate/.gem/ruby/1.8/gems/libv8-3.11.8.11/vendor/v8/build/gyp/test/generator-output/rules/subdir2/file4.in1
/home/graduate/.gem/ruby/1.8/gems/libv8-3.11.8.11/vendor/v8/build/gyp/test/generator-output/rules/subdir2/none.gyp
/home/graduate/.gem/ruby/1.8/gems/libv8-3.11.8.11/vendor/v8/build/gyp/test/generator-output/rules/subdir2/rules-out/README.txt
/home/graduate/.gem/ruby/1.8/gems/libv8-3.11.8.11/vendor/v8/build/gyp/test/generator-output/src/build/README.txt
/home/graduate/.gem/ruby/1.8/gems/libv8-3.11.8.11/vendor/v8/build/gyp/test/generator-output/src/inc.h
/home/graduate/.gem/ruby/1.8/gems/libv8-3.11.8.11/vendor/v8/build/gyp/test/generator-output/src/inc1/include1.h
/home/graduate/.gem/ruby/1.8/gems/libv8-3.11.8.11/vendor/v8/build/gyp/test/generator-output/src/prog1.c
/home/graduate/.gem/ruby/1.8/gems/libv8-3.11.8.11/vendor/v8/build/gyp/test/generator-output/src/prog1.gyp
/home/graduate/.gem/ruby/1.8/gems/libv8-3.11.8.11/vendor/v8/build/gyp/test/generator-output/src/subdir2/build/README.txt
/home/graduate/.gem/ruby/1.8/gems/libv8-3.11.8.11/vendor/v8/build/gyp/test/generator-output/src/subdir2/deeper/build/README.txt
/home/graduate/.gem/ruby/1.8/gems/libv8-3.11.8.11/vendor/v8/build/gyp/test/generator-output/src/subdir2/deeper/deeper.c
/home/graduate/.gem/ruby/1.8/gems/libv8-3.11.8.11/vendor/v8/build/gyp/test/generator-output/src/subdir2/deeper/deeper.gyp
/home/graduate/.gem/ruby/1.8/gems/libv8-3.11.8.11/vendor/v8/build/gyp/test/generator-output/src/subdir2/deeper/deeper.h
/home/graduate/.gem/ruby/1.8/gems/libv8-3.11.8.11/vendor/v8/build/gyp/test/generator-output/src/subdir2/inc2/include2.h
/home/graduate/.gem/ruby/1.8/gems/libv8-3.11.8.11/vendor/v8/build/gyp/test/generator-output/src/subdir2/prog2.c
/home/graduate/.gem/ruby/1.8/gems/libv8-3.11.8.11/vendor/v8/build/gyp/test/generator-output/src/subdir2/prog2.gyp
/home/graduate/.gem/ruby/1.8/gems/libv8-3.11.8.11/vendor/v8/build/gyp/test/generator-output/src/subdir3/build/README.txt
/home/graduate/.gem/ruby/1.8/gems/libv8-3.11.8.11/vendor/v8/build/gyp/test/generator-output/src/subdir3/inc3/include3.h
/home/graduate/.gem/ruby/1.8/gems/libv8-3.11.8.11/vendor/v8/build/gyp/test/generator-output/src/subdir3/prog3.c
/home/graduate/.gem/ruby/1.8/gems/libv8-3.11.8.11/vendor/v8/build/gyp/test/generator-output/src/subdir3/prog3.gyp
/home/graduate/.gem/ruby/1.8/gems/libv8-3.11.8.11/vendor/v8/build/gyp/test/generator-output/src/symroot.gypi
/home/graduate/.gem/ruby/1.8/gems/libv8-3.11.8.11/vendor/v8/build/gyp/test/hard_dependency/gyptest-exported-hard-dependency.py
/home/graduate/.gem/ruby/1.8/gems/libv8-3.11.8.11/vendor/v8/build/gyp/test/hard_dependency/gyptest-no-exported-hard-dependency.py
/home/graduate/.gem/ruby/1.8/gems/libv8-3.11.8.11/vendor/v8/build/gyp/test/hard_dependency/src/a.c
/home/graduate/.gem/ruby/1.8/gems/libv8-3.11.8.11/vendor/v8/build/gyp/test/hard_dependency/src/a.h
/home/graduate/.gem/ruby/1.8/gems/libv8-3.11.8.11/vendor/v8/build/gyp/test/hard_dependency/src/b.c
/home/graduate/.gem/ruby/1.8/gems/libv8-3.11.8.11/vendor/v8/build/gyp/test/hard_dependency/src/b.h
/home/graduate/.gem/ruby/1.8/gems/libv8-3.11.8.11/vendor/v8/build/gyp/test/hard_dependency/src/c.c
/home/graduate/.gem/ruby/1.8/gems/libv8-3.11.8.11/vendor/v8/build/gyp/test/hard_dependency/src/c.h
/home/graduate/.gem/ruby/1.8/gems/libv8-3.11.8.11/vendor/v8/build/gyp/test/hard_dependency/src/d.c
/home/graduate/.gem/ruby/1.8/gems/libv8-3.11.8.11/vendor/v8/build/gyp/test/hard_dependency/src/emit.py
/home/graduate/.gem/ruby/1.8/gems/libv8-3.11.8.11/vendor/v8/build/gyp/test/hard_dependency/src/hard_dependency.gyp
/home/graduate/.gem/ruby/1.8/gems/libv8-3.11.8.11/vendor/v8/build/gyp/test/hello/gyptest-all.py
/home/graduate/.gem/ruby/1.8/gems/libv8-3.11.8.11/vendor/v8/build/gyp/test/hello/gyptest-default.py
/home/graduate/.gem/ruby/1.8/gems/libv8-3.11.8.11/vendor/v8/build/gyp/test/hello/gyptest-disable-regyp.py
/home/graduate/.gem/ruby/1.8/gems/libv8-3.11.8.11/vendor/v8/build/gyp/test/hello/gyptest-regyp.py
/home/graduate/.gem/ruby/1.8/gems/libv8-3.11.8.11/vendor/v8/build/gyp/test/hello/gyptest-target.py
/home/graduate/.gem/ruby/1.8/gems/libv8-3.11.8.11/vendor/v8/build/gyp/test/hello/hello.c
/home/graduate/.gem/ruby/1.8/gems/libv8-3.11.8.11/vendor/v8/build/gyp/test/hello/hello.gyp
/home/graduate/.gem/ruby/1.8/gems/libv8-3.11.8.11/vendor/v8/build/gyp/test/hello/hello2.c
/home/graduate/.gem/ruby/1.8/gems/libv8-3.11.8.11/vendor/v8/build/gyp/test/hello/hello2.gyp
/home/graduate/.gem/ruby/1.8/gems/libv8-3.11.8.11/vendor/v8/build/gyp/test/home_dot_gyp/gyptest-home-includes-regyp.py
/home/graduate/.gem/ruby/1.8/gems/libv8-3.11.8.11/vendor/v8/build/gyp/test/home_dot_gyp/gyptest-home-includes.py
/home/graduate/.gem/ruby/1.8/gems/libv8-3.11.8.11/vendor/v8/build/gyp/test/home_dot_gyp/src/all.gyp
/home/graduate/.gem/ruby/1.8/gems/libv8-3.11.8.11/vendor/v8/build/gyp/test/home_dot_gyp/src/printfoo.c
/home/graduate/.gem/ruby/1.8/gems/libv8-3.11.8.11/vendor/v8/build/gyp/test/include_dirs/gyptest-all.py
/home/graduate/.gem/ruby/1.8/gems/libv8-3.11.8.11/vendor/v8/build/gyp/test/include_dirs/gyptest-default.py
/home/graduate/.gem/ruby/1.8/gems/libv8-3.11.8.11/vendor/v8/build/gyp/test/include_dirs/src/inc.h
/home/graduate/.gem/ruby/1.8/gems/libv8-3.11.8.11/vendor/v8/build/gyp/test/include_dirs/src/inc1/include1.h
/home/graduate/.gem/ruby/1.8/gems/libv8-3.11.8.11/vendor/v8/build/gyp/test/include_dirs/src/includes.c
/home/graduate/.gem/ruby/1.8/gems/libv8-3.11.8.11/vendor/v8/build/gyp/test/include_dirs/src/includes.gyp
/home/graduate/.gem/ruby/1.8/gems/libv8-3.11.8.11/vendor/v8/build/gyp/test/include_dirs/src/shadow1/shadow.h
/home/graduate/.gem/ruby/1.8/gems/libv8-3.11.8.11/vendor/v8/build/gyp/test/include_dirs/src/shadow2/shadow.h
/home/graduate/.gem/ruby/1.8/gems/libv8-3.11.8.11/vendor/v8/build/gyp/test/include_dirs/src/subdir/inc.h
/home/graduate/.gem/ruby/1.8/gems/libv8-3.11.8.11/vendor/v8/build/gyp/test/include_dirs/src/subdir/inc2/include2.h
/home/graduate/.gem/ruby/1.8/gems/libv8-3.11.8.11/vendor/v8/build/gyp/test/include_dirs/src/subdir/subdir_includes.c
/home/graduate/.gem/ruby/1.8/gems/libv8-3.11.8.11/vendor/v8/build/gyp/test/include_dirs/src/subdir/subdir_includes.gyp
/home/graduate/.gem/ruby/1.8/gems/libv8-3.11.8.11/vendor/v8/build/gyp/test/intermediate_dir/gyptest-intermediate-dir.py
/home/graduate/.gem/ruby/1.8/gems/libv8-3.11.8.11/vendor/v8/build/gyp/test/intermediate_dir/src/script.py
/home/graduate/.gem/ruby/1.8/gems/libv8-3.11.8.11/vendor/v8/build/gyp/test/intermediate_dir/src/test.gyp
/home/graduate/.gem/ruby/1.8/gems/libv8-3.11.8.11/vendor/v8/build/gyp/test/intermediate_dir/src/test2.gyp
/home/graduate/.gem/ruby/1.8/gems/libv8-3.11.8.11/vendor/v8/build/gyp/test/lib/README.txt
/home/graduate/.gem/ruby/1.8/gems/libv8-3.11.8.11/vendor/v8/build/gyp/test/lib/TestCmd.py
/home/graduate/.gem/ruby/1.8/gems/libv8-3.11.8.11/vendor/v8/build/gyp/test/lib/TestCommon.py
/home/graduate/.gem/ruby/1.8/gems/libv8-3.11.8.11/vendor/v8/build/gyp/test/lib/TestGyp.py
/home/graduate/.gem/ruby/1.8/gems/libv8-3.11.8.11/vendor/v8/build/gyp/test/library/gyptest-shared-obj-install-path.py
/home/graduate/.gem/ruby/1.8/gems/libv8-3.11.8.11/vendor/v8/build/gyp/test/library/gyptest-shared.py
/home/graduate/.gem/ruby/1.8/gems/libv8-3.11.8.11/vendor/v8/build/gyp/test/library/gyptest-static.py
/home/graduate/.gem/ruby/1.8/gems/libv8-3.11.8.11/vendor/v8/build/gyp/test/library/src/lib1.c
/home/graduate/.gem/ruby/1.8/gems/libv8-3.11.8.11/vendor/v8/build/gyp/test/library/src/lib1_moveable.c
/home/graduate/.gem/ruby/1.8/gems/libv8-3.11.8.11/vendor/v8/build/gyp/test/library/src/lib2.c
/home/graduate/.gem/ruby/1.8/gems/libv8-3.11.8.11/vendor/v8/build/gyp/test/library/src/lib2_moveable.c
/home/graduate/.gem/ruby/1.8/gems/libv8-3.11.8.11/vendor/v8/build/gyp/test/library/src/library.gyp
/home/graduate/.gem/ruby/1.8/gems/libv8-3.11.8.11/vendor/v8/build/gyp/test/library/src/program.c
/home/graduate/.gem/ruby/1.8/gems/libv8-3.11.8.11/vendor/v8/build/gyp/test/library/src/shared_dependency.gyp
/home/graduate/.gem/ruby/1.8/gems/libv8-3.11.8.11/vendor/v8/build/gyp/test/link-objects/base.c
/home/graduate/.gem/ruby/1.8/gems/libv8-3.11.8.11/vendor/v8/build/gyp/test/link-objects/extra.c
/home/graduate/.gem/ruby/1.8/gems/libv8-3.11.8.11/vendor/v8/build/gyp/test/link-objects/gyptest-all.py
/home/graduate/.gem/ruby/1.8/gems/libv8-3.11.8.11/vendor/v8/build/gyp/test/link-objects/link-objects.gyp
/home/graduate/.gem/ruby/1.8/gems/libv8-3.11.8.11/vendor/v8/build/gyp/test/mac/action-envvars/action/action.gyp
/home/graduate/.gem/ruby/1.8/gems/libv8-3.11.8.11/vendor/v8/build/gyp/test/mac/action-envvars/action/action.sh
/home/graduate/.gem/ruby/1.8/gems/libv8-3.11.8.11/vendor/v8/build/gyp/test/mac/app-bundle/empty.c
/home/graduate/.gem/ruby/1.8/gems/libv8-3.11.8.11/vendor/v8/build/gyp/test/mac/app-bundle/test.gyp
/home/graduate/.gem/ruby/1.8/gems/libv8-3.11.8.11/vendor/v8/build/gyp/test/mac/app-bundle/TestApp/English.lproj/InfoPlist.strings
/home/graduate/.gem/ruby/1.8/gems/libv8-3.11.8.11/vendor/v8/build/gyp/test/mac/app-bundle/TestApp/English.lproj/MainMenu.xib
/home/graduate/.gem/ruby/1.8/gems/libv8-3.11.8.11/vendor/v8/build/gyp/test/mac/app-bundle/TestApp/main.m
/home/graduate/.gem/ruby/1.8/gems/libv8-3.11.8.11/vendor/v8/build/gyp/test/mac/app-bundle/TestApp/TestApp-Info.plist
/home/graduate/.gem/ruby/1.8/gems/libv8-3.11.8.11/vendor/v8/build/gyp/test/mac/app-bundle/TestApp/TestAppAppDelegate.h
/home/graduate/.gem/ruby/1.8/gems/libv8-3.11.8.11/vendor/v8/build/gyp/test/mac/app-bundle/TestApp/TestAppAppDelegate.m
/home/graduate/.gem/ruby/1.8/gems/libv8-3.11.8.11/vendor/v8/build/gyp/test/mac/archs/my_file.cc
/home/graduate/.gem/ruby/1.8/gems/libv8-3.11.8.11/vendor/v8/build/gyp/test/mac/archs/my_main_file.cc
/home/graduate/.gem/ruby/1.8/gems/libv8-3.11.8.11/vendor/v8/build/gyp/test/mac/archs/test-archs-x86_64.gyp
/home/graduate/.gem/ruby/1.8/gems/libv8-3.11.8.11/vendor/v8/build/gyp/test/mac/archs/test-no-archs.gyp
/home/graduate/.gem/ruby/1.8/gems/libv8-3.11.8.11/vendor/v8/build/gyp/test/mac/copy-dylib/empty.c
/home/graduate/.gem/ruby/1.8/gems/libv8-3.11.8.11/vendor/v8/build/gyp/test/mac/copy-dylib/test.gyp
/home/graduate/.gem/ruby/1.8/gems/libv8-3.11.8.11/vendor/v8/build/gyp/test/mac/debuginfo/file.c
/home/graduate/.gem/ruby/1.8/gems/libv8-3.11.8.11/vendor/v8/build/gyp/test/mac/debuginfo/test.gyp
/home/graduate/.gem/ruby/1.8/gems/libv8-3.11.8.11/vendor/v8/build/gyp/test/mac/depend-on-bundle/bundle.c
/home/graduate/.gem/ruby/1.8/gems/libv8-3.11.8.11/vendor/v8/build/gyp/test/mac/depend-on-bundle/English.lproj/InfoPlist.strings
/home/graduate/.gem/ruby/1.8/gems/libv8-3.11.8.11/vendor/v8/build/gyp/test/mac/depend-on-bundle/executable.c
/home/graduate/.gem/ruby/1.8/gems/libv8-3.11.8.11/vendor/v8/build/gyp/test/mac/depend-on-bundle/Info.plist
/home/graduate/.gem/ruby/1.8/gems/libv8-3.11.8.11/vendor/v8/build/gyp/test/mac/depend-on-bundle/test.gyp
/home/graduate/.gem/ruby/1.8/gems/libv8-3.11.8.11/vendor/v8/build/gyp/test/mac/framework/empty.c
/home/graduate/.gem/ruby/1.8/gems/libv8-3.11.8.11/vendor/v8/build/gyp/test/mac/framework/framework.gyp
/home/graduate/.gem/ruby/1.8/gems/libv8-3.11.8.11/vendor/v8/build/gyp/test/mac/framework/TestFramework/English.lproj/InfoPlist.strings
/home/graduate/.gem/ruby/1.8/gems/libv8-3.11.8.11/vendor/v8/build/gyp/test/mac/framework/TestFramework/Info.plist
/home/graduate/.gem/ruby/1.8/gems/libv8-3.11.8.11/vendor/v8/build/gyp/test/mac/framework/TestFramework/ObjCVector.h
/home/graduate/.gem/ruby/1.8/gems/libv8-3.11.8.11/vendor/v8/build/gyp/test/mac/framework/TestFramework/ObjCVector.mm
/home/graduate/.gem/ruby/1.8/gems/libv8-3.11.8.11/vendor/v8/build/gyp/test/mac/framework/TestFramework/ObjCVectorInternal.h
/home/graduate/.gem/ruby/1.8/gems/libv8-3.11.8.11/vendor/v8/build/gyp/test/mac/framework/TestFramework/TestFramework_Prefix.pch
/home/graduate/.gem/ruby/1.8/gems/libv8-3.11.8.11/vendor/v8/build/gyp/test/mac/global-settings/src/dir1/dir1.gyp
/home/graduate/.gem/ruby/1.8/gems/libv8-3.11.8.11/vendor/v8/build/gyp/test/mac/global-settings/src/dir2/dir2.gyp
/home/graduate/.gem/ruby/1.8/gems/libv8-3.11.8.11/vendor/v8/build/gyp/test/mac/global-settings/src/dir2/file.txt
/home/graduate/.gem/ruby/1.8/gems/libv8-3.11.8.11/vendor/v8/build/gyp/test/mac/gyptest-action-envvars.py
/home/graduate/.gem/ruby/1.8/gems/libv8-3.11.8.11/vendor/v8/build/gyp/test/mac/gyptest-app.py
/home/graduate/.gem/ruby/1.8/gems/libv8-3.11.8.11/vendor/v8/build/gyp/test/mac/gyptest-archs.py
/home/graduate/.gem/ruby/1.8/gems/libv8-3.11.8.11/vendor/v8/build/gyp/test/mac/gyptest-copies.py
/home/graduate/.gem/ruby/1.8/gems/libv8-3.11.8.11/vendor/v8/build/gyp/test/mac/gyptest-copy-dylib.py
/home/graduate/.gem/ruby/1.8/gems/libv8-3.11.8.11/vendor/v8/build/gyp/test/mac/gyptest-debuginfo.py
/home/graduate/.gem/ruby/1.8/gems/libv8-3.11.8.11/vendor/v8/build/gyp/test/mac/gyptest-depend-on-bundle.py
/home/graduate/.gem/ruby/1.8/gems/libv8-3.11.8.11/vendor/v8/build/gyp/test/mac/gyptest-framework.py
/home/graduate/.gem/ruby/1.8/gems/libv8-3.11.8.11/vendor/v8/build/gyp/test/mac/gyptest-global-settings.py
/home/graduate/.gem/ruby/1.8/gems/libv8-3.11.8.11/vendor/v8/build/gyp/test/mac/gyptest-infoplist-process.py
/home/graduate/.gem/ruby/1.8/gems/libv8-3.11.8.11/vendor/v8/build/gyp/test/mac/gyptest-libraries.py
/home/graduate/.gem/ruby/1.8/gems/libv8-3.11.8.11/vendor/v8/build/gyp/test/mac/gyptest-loadable-module.py
/home/graduate/.gem/ruby/1.8/gems/libv8-3.11.8.11/vendor/v8/build/gyp/test/mac/gyptest-missing-cfbundlesignature.py
/home/graduate/.gem/ruby/1.8/gems/libv8-3.11.8.11/vendor/v8/build/gyp/test/mac/gyptest-non-strs-flattened-to-env.py
/home/graduate/.gem/ruby/1.8/gems/libv8-3.11.8.11/vendor/v8/build/gyp/test/mac/gyptest-postbuild-copy-bundle.py
/home/graduate/.gem/ruby/1.8/gems/libv8-3.11.8.11/vendor/v8/build/gyp/test/mac/gyptest-postbuild-defaults.py
/home/graduate/.gem/ruby/1.8/gems/libv8-3.11.8.11/vendor/v8/build/gyp/test/mac/gyptest-postbuild-fail.py
/home/graduate/.gem/ruby/1.8/gems/libv8-3.11.8.11/vendor/v8/build/gyp/test/mac/gyptest-postbuild-multiple-configurations.py
/home/graduate/.gem/ruby/1.8/gems/libv8-3.11.8.11/vendor/v8/build/gyp/test/mac/gyptest-postbuild-static-library.gyp
/home/graduate/.gem/ruby/1.8/gems/libv8-3.11.8.11/vendor/v8/build/gyp/test/mac/gyptest-postbuild.py
/home/graduate/.gem/ruby/1.8/gems/libv8-3.11.8.11/vendor/v8/build/gyp/test/mac/gyptest-prefixheader.py
/home/graduate/.gem/ruby/1.8/gems/libv8-3.11.8.11/vendor/v8/build/gyp/test/mac/gyptest-rebuild.py
/home/graduate/.gem/ruby/1.8/gems/libv8-3.11.8.11/vendor/v8/build/gyp/test/mac/gyptest-sdkroot.py
/home/graduate/.gem/ruby/1.8/gems/libv8-3.11.8.11/vendor/v8/build/gyp/test/mac/gyptest-sourceless-module.gyp
/home/graduate/.gem/ruby/1.8/gems/libv8-3.11.8.11/vendor/v8/build/gyp/test/mac/gyptest-strip.py
/home/graduate/.gem/ruby/1.8/gems/libv8-3.11.8.11/vendor/v8/build/gyp/test/mac/gyptest-type-envvars.py
/home/graduate/.gem/ruby/1.8/gems/libv8-3.11.8.11/vendor/v8/build/gyp/test/mac/gyptest-xcode-env-order.py
/home/graduate/.gem/ruby/1.8/gems/libv8-3.11.8.11/vendor/v8/build/gyp/test/mac/infoplist-process/Info.plist
/home/graduate/.gem/ruby/1.8/gems/libv8-3.11.8.11/vendor/v8/build/gyp/test/mac/infoplist-process/main.c
/home/graduate/.gem/ruby/1.8/gems/libv8-3.11.8.11/vendor/v8/build/gyp/test/mac/infoplist-process/test1.gyp
/home/graduate/.gem/ruby/1.8/gems/libv8-3.11.8.11/vendor/v8/build/gyp/test/mac/infoplist-process/test2.gyp
/home/graduate/.gem/ruby/1.8/gems/libv8-3.11.8.11/vendor/v8/build/gyp/test/mac/infoplist-process/test3.gyp
/home/graduate/.gem/ruby/1.8/gems/libv8-3.11.8.11/vendor/v8/build/gyp/test/mac/libraries/subdir/hello.cc
/home/graduate/.gem/ruby/1.8/gems/libv8-3.11.8.11/vendor/v8/build/gyp/test/mac/libraries/subdir/mylib.c
/home/graduate/.gem/ruby/1.8/gems/libv8-3.11.8.11/vendor/v8/build/gyp/test/mac/libraries/subdir/README.txt
/home/graduate/.gem/ruby/1.8/gems/libv8-3.11.8.11/vendor/v8/build/gyp/test/mac/libraries/subdir/test.gyp
/home/graduate/.gem/ruby/1.8/gems/libv8-3.11.8.11/vendor/v8/build/gyp/test/mac/loadable-module/Info.plist
/home/graduate/.gem/ruby/1.8/gems/libv8-3.11.8.11/vendor/v8/build/gyp/test/mac/loadable-module/module.c
/home/graduate/.gem/ruby/1.8/gems/libv8-3.11.8.11/vendor/v8/build/gyp/test/mac/loadable-module/test.gyp
/home/graduate/.gem/ruby/1.8/gems/libv8-3.11.8.11/vendor/v8/build/gyp/test/mac/missing-cfbundlesignature/file.c
/home/graduate/.gem/ruby/1.8/gems/libv8-3.11.8.11/vendor/v8/build/gyp/test/mac/missing-cfbundlesignature/Info.plist
/home/graduate/.gem/ruby/1.8/gems/libv8-3.11.8.11/vendor/v8/build/gyp/test/mac/missing-cfbundlesignature/Other-Info.plist
/home/graduate/.gem/ruby/1.8/gems/libv8-3.11.8.11/vendor/v8/build/gyp/test/mac/missing-cfbundlesignature/test.gyp
/home/graduate/.gem/ruby/1.8/gems/libv8-3.11.8.11/vendor/v8/build/gyp/test/mac/missing-cfbundlesignature/Third-Info.plist
/home/graduate/.gem/ruby/1.8/gems/libv8-3.11.8.11/vendor/v8/build/gyp/test/mac/non-strs-flattened-to-env/Info.plist
/home/graduate/.gem/ruby/1.8/gems/libv8-3.11.8.11/vendor/v8/build/gyp/test/mac/non-strs-flattened-to-env/main.c
/home/graduate/.gem/ruby/1.8/gems/libv8-3.11.8.11/vendor/v8/build/gyp/test/mac/non-strs-flattened-to-env/test.gyp
/home/graduate/.gem/ruby/1.8/gems/libv8-3.11.8.11/vendor/v8/build/gyp/test/mac/postbuild-copy-bundle/empty.c
/home/graduate/.gem/ruby/1.8/gems/libv8-3.11.8.11/vendor/v8/build/gyp/test/mac/postbuild-copy-bundle/Framework-Info.plist
/home/graduate/.gem/ruby/1.8/gems/libv8-3.11.8.11/vendor/v8/build/gyp/test/mac/postbuild-copy-bundle/main.c
/home/graduate/.gem/ruby/1.8/gems/libv8-3.11.8.11/vendor/v8/build/gyp/test/mac/postbuild-copy-bundle/postbuild-copy-framework.sh
/home/graduate/.gem/ruby/1.8/gems/libv8-3.11.8.11/vendor/v8/build/gyp/test/mac/postbuild-copy-bundle/resource_file.sb
/home/graduate/.gem/ruby/1.8/gems/libv8-3.11.8.11/vendor/v8/build/gyp/test/mac/postbuild-copy-bundle/test.gyp
/home/graduate/.gem/ruby/1.8/gems/libv8-3.11.8.11/vendor/v8/build/gyp/test/mac/postbuild-copy-bundle/TestApp-Info.plist
/home/graduate/.gem/ruby/1.8/gems/libv8-3.11.8.11/vendor/v8/build/gyp/test/mac/postbuild-defaults/Info.plist
/home/graduate/.gem/ruby/1.8/gems/libv8-3.11.8.11/vendor/v8/build/gyp/test/mac/postbuild-defaults/main.c
/home/graduate/.gem/ruby/1.8/gems/libv8-3.11.8.11/vendor/v8/build/gyp/test/mac/postbuild-defaults/postbuild-defaults.sh
/home/graduate/.gem/ruby/1.8/gems/libv8-3.11.8.11/vendor/v8/build/gyp/test/mac/postbuild-defaults/test.gyp
/home/graduate/.gem/ruby/1.8/gems/libv8-3.11.8.11/vendor/v8/build/gyp/test/mac/postbuild-fail/file.c
/home/graduate/.gem/ruby/1.8/gems/libv8-3.11.8.11/vendor/v8/build/gyp/test/mac/postbuild-fail/postbuild-fail.sh
/home/graduate/.gem/ruby/1.8/gems/libv8-3.11.8.11/vendor/v8/build/gyp/test/mac/postbuild-fail/test.gyp
/home/graduate/.gem/ruby/1.8/gems/libv8-3.11.8.11/vendor/v8/build/gyp/test/mac/postbuild-fail/touch-dynamic.sh
/home/graduate/.gem/ruby/1.8/gems/libv8-3.11.8.11/vendor/v8/build/gyp/test/mac/postbuild-fail/touch-static.sh
/home/graduate/.gem/ruby/1.8/gems/libv8-3.11.8.11/vendor/v8/build/gyp/test/mac/postbuild-multiple-configurations/main.c
/home/graduate/.gem/ruby/1.8/gems/libv8-3.11.8.11/vendor/v8/build/gyp/test/mac/postbuild-multiple-configurations/postbuild-touch-file.sh
/home/graduate/.gem/ruby/1.8/gems/libv8-3.11.8.11/vendor/v8/build/gyp/test/mac/postbuild-multiple-configurations/test.gyp
/home/graduate/.gem/ruby/1.8/gems/libv8-3.11.8.11/vendor/v8/build/gyp/test/mac/postbuild-static-library/empty.c
/home/graduate/.gem/ruby/1.8/gems/libv8-3.11.8.11/vendor/v8/build/gyp/test/mac/postbuild-static-library/postbuild-touch-file.sh
/home/graduate/.gem/ruby/1.8/gems/libv8-3.11.8.11/vendor/v8/build/gyp/test/mac/postbuild-static-library/test.gyp
/home/graduate/.gem/ruby/1.8/gems/libv8-3.11.8.11/vendor/v8/build/gyp/test/mac/postbuilds/file.c
/home/graduate/.gem/ruby/1.8/gems/libv8-3.11.8.11/vendor/v8/build/gyp/test/mac/postbuilds/script/shared_library_postbuild.sh
/home/graduate/.gem/ruby/1.8/gems/libv8-3.11.8.11/vendor/v8/build/gyp/test/mac/postbuilds/script/static_library_postbuild.sh
/home/graduate/.gem/ruby/1.8/gems/libv8-3.11.8.11/vendor/v8/build/gyp/test/mac/postbuilds/subdirectory/nested_target.gyp
/home/graduate/.gem/ruby/1.8/gems/libv8-3.11.8.11/vendor/v8/build/gyp/test/mac/postbuilds/test.gyp
/home/graduate/.gem/ruby/1.8/gems/libv8-3.11.8.11/vendor/v8/build/gyp/test/mac/prefixheader/file.c
/home/graduate/.gem/ruby/1.8/gems/libv8-3.11.8.11/vendor/v8/build/gyp/test/mac/prefixheader/file.cc
/home/graduate/.gem/ruby/1.8/gems/libv8-3.11.8.11/vendor/v8/build/gyp/test/mac/prefixheader/file.m
/home/graduate/.gem/ruby/1.8/gems/libv8-3.11.8.11/vendor/v8/build/gyp/test/mac/prefixheader/file.mm
/home/graduate/.gem/ruby/1.8/gems/libv8-3.11.8.11/vendor/v8/build/gyp/test/mac/prefixheader/header.h
/home/graduate/.gem/ruby/1.8/gems/libv8-3.11.8.11/vendor/v8/build/gyp/test/mac/prefixheader/test.gyp
/home/graduate/.gem/ruby/1.8/gems/libv8-3.11.8.11/vendor/v8/build/gyp/test/mac/rebuild/delay-touch.sh
/home/graduate/.gem/ruby/1.8/gems/libv8-3.11.8.11/vendor/v8/build/gyp/test/mac/rebuild/empty.c
/home/graduate/.gem/ruby/1.8/gems/libv8-3.11.8.11/vendor/v8/build/gyp/test/mac/rebuild/main.c
/home/graduate/.gem/ruby/1.8/gems/libv8-3.11.8.11/vendor/v8/build/gyp/test/mac/rebuild/test.gyp
/home/graduate/.gem/ruby/1.8/gems/libv8-3.11.8.11/vendor/v8/build/gyp/test/mac/rebuild/TestApp-Info.plist
/home/graduate/.gem/ruby/1.8/gems/libv8-3.11.8.11/vendor/v8/build/gyp/test/mac/sdkroot/file.cc
/home/graduate/.gem/ruby/1.8/gems/libv8-3.11.8.11/vendor/v8/build/gyp/test/mac/sdkroot/test.gyp
/home/graduate/.gem/ruby/1.8/gems/libv8-3.11.8.11/vendor/v8/build/gyp/test/mac/sourceless-module/empty.c
/home/graduate/.gem/ruby/1.8/gems/libv8-3.11.8.11/vendor/v8/build/gyp/test/mac/sourceless-module/test.gyp
/home/graduate/.gem/ruby/1.8/gems/libv8-3.11.8.11/vendor/v8/build/gyp/test/mac/strip/file.c
/home/graduate/.gem/ruby/1.8/gems/libv8-3.11.8.11/vendor/v8/build/gyp/test/mac/strip/strip.saves
/home/graduate/.gem/ruby/1.8/gems/libv8-3.11.8.11/vendor/v8/build/gyp/test/mac/strip/test.gyp
/home/graduate/.gem/ruby/1.8/gems/libv8-3.11.8.11/vendor/v8/build/gyp/test/mac/type_envvars/file.c
/home/graduate/.gem/ruby/1.8/gems/libv8-3.11.8.11/vendor/v8/build/gyp/test/mac/type_envvars/test.gyp
/home/graduate/.gem/ruby/1.8/gems/libv8-3.11.8.11/vendor/v8/build/gyp/test/mac/type_envvars/test_bundle_executable.sh
/home/graduate/.gem/ruby/1.8/gems/libv8-3.11.8.11/vendor/v8/build/gyp/test/mac/type_envvars/test_bundle_loadable_module.sh
/home/graduate/.gem/ruby/1.8/gems/libv8-3.11.8.11/vendor/v8/build/gyp/test/mac/type_envvars/test_bundle_shared_library.sh
/home/graduate/.gem/ruby/1.8/gems/libv8-3.11.8.11/vendor/v8/build/gyp/test/mac/type_envvars/test_nonbundle_executable.sh
/home/graduate/.gem/ruby/1.8/gems/libv8-3.11.8.11/vendor/v8/build/gyp/test/mac/type_envvars/test_nonbundle_loadable_module.sh
/home/graduate/.gem/ruby/1.8/gems/libv8-3.11.8.11/vendor/v8/build/gyp/test/mac/type_envvars/test_nonbundle_none.sh
/home/graduate/.gem/ruby/1.8/gems/libv8-3.11.8.11/vendor/v8/build/gyp/test/mac/type_envvars/test_nonbundle_shared_library.sh
/home/graduate/.gem/ruby/1.8/gems/libv8-3.11.8.11/vendor/v8/build/gyp/test/mac/type_envvars/test_nonbundle_static_library.sh
/home/graduate/.gem/ruby/1.8/gems/libv8-3.11.8.11/vendor/v8/build/gyp/test/mac/xcode-env-order/Info.plist
/home/graduate/.gem/ruby/1.8/gems/libv8-3.11.8.11/vendor/v8/build/gyp/test/mac/xcode-env-order/main.c
/home/graduate/.gem/ruby/1.8/gems/libv8-3.11.8.11/vendor/v8/build/gyp/test/mac/xcode-env-order/test.gyp
/home/graduate/.gem/ruby/1.8/gems/libv8-3.11.8.11/vendor/v8/build/gyp/test/make/dependencies.gyp
/home/graduate/.gem/ruby/1.8/gems/libv8-3.11.8.11/vendor/v8/build/gyp/test/make/gyptest-dependencies.py
/home/graduate/.gem/ruby/1.8/gems/libv8-3.11.8.11/vendor/v8/build/gyp/test/make/gyptest-noload.py
/home/graduate/.gem/ruby/1.8/gems/libv8-3.11.8.11/vendor/v8/build/gyp/test/make/main.cc
/home/graduate/.gem/ruby/1.8/gems/libv8-3.11.8.11/vendor/v8/build/gyp/test/make/main.h
/home/graduate/.gem/ruby/1.8/gems/libv8-3.11.8.11/vendor/v8/build/gyp/test/make/noload/all.gyp
/home/graduate/.gem/ruby/1.8/gems/libv8-3.11.8.11/vendor/v8/build/gyp/test/make/noload/lib/shared.c
/home/graduate/.gem/ruby/1.8/gems/libv8-3.11.8.11/vendor/v8/build/gyp/test/make/noload/lib/shared.gyp
/home/graduate/.gem/ruby/1.8/gems/libv8-3.11.8.11/vendor/v8/build/gyp/test/make/noload/lib/shared.h
/home/graduate/.gem/ruby/1.8/gems/libv8-3.11.8.11/vendor/v8/build/gyp/test/make/noload/main.c
/home/graduate/.gem/ruby/1.8/gems/libv8-3.11.8.11/vendor/v8/build/gyp/test/module/gyptest-default.py
/home/graduate/.gem/ruby/1.8/gems/libv8-3.11.8.11/vendor/v8/build/gyp/test/module/src/lib1.c
/home/graduate/.gem/ruby/1.8/gems/libv8-3.11.8.11/vendor/v8/build/gyp/test/module/src/lib2.c
/home/graduate/.gem/ruby/1.8/gems/libv8-3.11.8.11/vendor/v8/build/gyp/test/module/src/module.gyp
/home/graduate/.gem/ruby/1.8/gems/libv8-3.11.8.11/vendor/v8/build/gyp/test/module/src/program.c
/home/graduate/.gem/ruby/1.8/gems/libv8-3.11.8.11/vendor/v8/build/gyp/test/msvs/config_attrs/gyptest-config_attrs.py
/home/graduate/.gem/ruby/1.8/gems/libv8-3.11.8.11/vendor/v8/build/gyp/test/msvs/config_attrs/hello.c
/home/graduate/.gem/ruby/1.8/gems/libv8-3.11.8.11/vendor/v8/build/gyp/test/msvs/config_attrs/hello.gyp
/home/graduate/.gem/ruby/1.8/gems/libv8-3.11.8.11/vendor/v8/build/gyp/test/msvs/express/base/base.gyp
/home/graduate/.gem/ruby/1.8/gems/libv8-3.11.8.11/vendor/v8/build/gyp/test/msvs/express/express.gyp
/home/graduate/.gem/ruby/1.8/gems/libv8-3.11.8.11/vendor/v8/build/gyp/test/msvs/express/gyptest-express.py
/home/graduate/.gem/ruby/1.8/gems/libv8-3.11.8.11/vendor/v8/build/gyp/test/msvs/list_excluded/gyptest-all.py
/home/graduate/.gem/ruby/1.8/gems/libv8-3.11.8.11/vendor/v8/build/gyp/test/msvs/list_excluded/hello.cpp
/home/graduate/.gem/ruby/1.8/gems/libv8-3.11.8.11/vendor/v8/build/gyp/test/msvs/list_excluded/hello_exclude.gyp
/home/graduate/.gem/ruby/1.8/gems/libv8-3.11.8.11/vendor/v8/build/gyp/test/msvs/list_excluded/hello_mac.cpp
/home/graduate/.gem/ruby/1.8/gems/libv8-3.11.8.11/vendor/v8/build/gyp/test/msvs/precompiled/gyptest-all.py
/home/graduate/.gem/ruby/1.8/gems/libv8-3.11.8.11/vendor/v8/build/gyp/test/msvs/precompiled/hello.c
/home/graduate/.gem/ruby/1.8/gems/libv8-3.11.8.11/vendor/v8/build/gyp/test/msvs/precompiled/hello.gyp
/home/graduate/.gem/ruby/1.8/gems/libv8-3.11.8.11/vendor/v8/build/gyp/test/msvs/precompiled/hello2.c
/home/graduate/.gem/ruby/1.8/gems/libv8-3.11.8.11/vendor/v8/build/gyp/test/msvs/precompiled/precomp.c
/home/graduate/.gem/ruby/1.8/gems/libv8-3.11.8.11/vendor/v8/build/gyp/test/msvs/props/AppName.props
/home/graduate/.gem/ruby/1.8/gems/libv8-3.11.8.11/vendor/v8/build/gyp/test/msvs/props/AppName.vsprops
/home/graduate/.gem/ruby/1.8/gems/libv8-3.11.8.11/vendor/v8/build/gyp/test/msvs/props/gyptest-props.py
/home/graduate/.gem/ruby/1.8/gems/libv8-3.11.8.11/vendor/v8/build/gyp/test/msvs/props/hello.c
/home/graduate/.gem/ruby/1.8/gems/libv8-3.11.8.11/vendor/v8/build/gyp/test/msvs/props/hello.gyp
/home/graduate/.gem/ruby/1.8/gems/libv8-3.11.8.11/vendor/v8/build/gyp/test/msvs/uldi2010/gyptest-all.py
/home/graduate/.gem/ruby/1.8/gems/libv8-3.11.8.11/vendor/v8/build/gyp/test/msvs/uldi2010/hello.c
/home/graduate/.gem/ruby/1.8/gems/libv8-3.11.8.11/vendor/v8/build/gyp/test/msvs/uldi2010/hello.gyp
/home/graduate/.gem/ruby/1.8/gems/libv8-3.11.8.11/vendor/v8/build/gyp/test/msvs/uldi2010/hello2.c
/home/graduate/.gem/ruby/1.8/gems/libv8-3.11.8.11/vendor/v8/build/gyp/test/multiple-targets/gyptest-all.py
/home/graduate/.gem/ruby/1.8/gems/libv8-3.11.8.11/vendor/v8/build/gyp/test/multiple-targets/gyptest-default.py
/home/graduate/.gem/ruby/1.8/gems/libv8-3.11.8.11/vendor/v8/build/gyp/test/multiple-targets/src/common.c
/home/graduate/.gem/ruby/1.8/gems/libv8-3.11.8.11/vendor/v8/build/gyp/test/multiple-targets/src/multiple.gyp
/home/graduate/.gem/ruby/1.8/gems/libv8-3.11.8.11/vendor/v8/build/gyp/test/multiple-targets/src/prog1.c
/home/graduate/.gem/ruby/1.8/gems/libv8-3.11.8.11/vendor/v8/build/gyp/test/multiple-targets/src/prog2.c
/home/graduate/.gem/ruby/1.8/gems/libv8-3.11.8.11/vendor/v8/build/gyp/test/ninja/action_dependencies/gyptest-action-dependencies.py
/home/graduate/.gem/ruby/1.8/gems/libv8-3.11.8.11/vendor/v8/build/gyp/test/ninja/action_dependencies/src/a.c
/home/graduate/.gem/ruby/1.8/gems/libv8-3.11.8.11/vendor/v8/build/gyp/test/ninja/action_dependencies/src/a.h
/home/graduate/.gem/ruby/1.8/gems/libv8-3.11.8.11/vendor/v8/build/gyp/test/ninja/action_dependencies/src/action_dependencies.gyp
/home/graduate/.gem/ruby/1.8/gems/libv8-3.11.8.11/vendor/v8/build/gyp/test/ninja/action_dependencies/src/b.c
/home/graduate/.gem/ruby/1.8/gems/libv8-3.11.8.11/vendor/v8/build/gyp/test/ninja/action_dependencies/src/b.h
/home/graduate/.gem/ruby/1.8/gems/libv8-3.11.8.11/vendor/v8/build/gyp/test/ninja/action_dependencies/src/c.c
/home/graduate/.gem/ruby/1.8/gems/libv8-3.11.8.11/vendor/v8/build/gyp/test/ninja/action_dependencies/src/c.h
/home/graduate/.gem/ruby/1.8/gems/libv8-3.11.8.11/vendor/v8/build/gyp/test/ninja/action_dependencies/src/emit.py
/home/graduate/.gem/ruby/1.8/gems/libv8-3.11.8.11/vendor/v8/build/gyp/test/ninja/chained-dependency/chained-dependency.gyp
/home/graduate/.gem/ruby/1.8/gems/libv8-3.11.8.11/vendor/v8/build/gyp/test/ninja/chained-dependency/chained.c
/home/graduate/.gem/ruby/1.8/gems/libv8-3.11.8.11/vendor/v8/build/gyp/test/ninja/chained-dependency/gyptest-chained-dependency.py
/home/graduate/.gem/ruby/1.8/gems/libv8-3.11.8.11/vendor/v8/build/gyp/test/no-output/gyptest-no-output.py
/home/graduate/.gem/ruby/1.8/gems/libv8-3.11.8.11/vendor/v8/build/gyp/test/no-output/src/nooutput.gyp
/home/graduate/.gem/ruby/1.8/gems/libv8-3.11.8.11/vendor/v8/build/gyp/test/product/gyptest-product.py
/home/graduate/.gem/ruby/1.8/gems/libv8-3.11.8.11/vendor/v8/build/gyp/test/product/hello.c
/home/graduate/.gem/ruby/1.8/gems/libv8-3.11.8.11/vendor/v8/build/gyp/test/product/product.gyp
/home/graduate/.gem/ruby/1.8/gems/libv8-3.11.8.11/vendor/v8/build/gyp/test/relative/foo/a/a.cc
/home/graduate/.gem/ruby/1.8/gems/libv8-3.11.8.11/vendor/v8/build/gyp/test/relative/foo/a/a.gyp
/home/graduate/.gem/ruby/1.8/gems/libv8-3.11.8.11/vendor/v8/build/gyp/test/relative/foo/a/c/c.cc
/home/graduate/.gem/ruby/1.8/gems/libv8-3.11.8.11/vendor/v8/build/gyp/test/relative/foo/a/c/c.gyp
/home/graduate/.gem/ruby/1.8/gems/libv8-3.11.8.11/vendor/v8/build/gyp/test/relative/foo/b/b.cc
/home/graduate/.gem/ruby/1.8/gems/libv8-3.11.8.11/vendor/v8/build/gyp/test/relative/foo/b/b.gyp
/home/graduate/.gem/ruby/1.8/gems/libv8-3.11.8.11/vendor/v8/build/gyp/test/relative/gyptest-default.py
/home/graduate/.gem/ruby/1.8/gems/libv8-3.11.8.11/vendor/v8/build/gyp/test/restat/gyptest-restat.py
/home/graduate/.gem/ruby/1.8/gems/libv8-3.11.8.11/vendor/v8/build/gyp/test/restat/src/create_intermediate.py
/home/graduate/.gem/ruby/1.8/gems/libv8-3.11.8.11/vendor/v8/build/gyp/test/restat/src/restat.gyp
/home/graduate/.gem/ruby/1.8/gems/libv8-3.11.8.11/vendor/v8/build/gyp/test/restat/src/touch.py
/home/graduate/.gem/ruby/1.8/gems/libv8-3.11.8.11/vendor/v8/build/gyp/test/rules/gyptest-all.py
/home/graduate/.gem/ruby/1.8/gems/libv8-3.11.8.11/vendor/v8/build/gyp/test/rules/gyptest-default.py
/home/graduate/.gem/ruby/1.8/gems/libv8-3.11.8.11/vendor/v8/build/gyp/test/rules/gyptest-input-root.py
/home/graduate/.gem/ruby/1.8/gems/libv8-3.11.8.11/vendor/v8/build/gyp/test/rules/src/actions.gyp
/home/graduate/.gem/ruby/1.8/gems/libv8-3.11.8.11/vendor/v8/build/gyp/test/rules/src/copy-file.py
/home/graduate/.gem/ruby/1.8/gems/libv8-3.11.8.11/vendor/v8/build/gyp/test/rules/src/external/external.gyp
/home/graduate/.gem/ruby/1.8/gems/libv8-3.11.8.11/vendor/v8/build/gyp/test/rules/src/external/file1.in
/home/graduate/.gem/ruby/1.8/gems/libv8-3.11.8.11/vendor/v8/build/gyp/test/rules/src/external/file2.in
/home/graduate/.gem/ruby/1.8/gems/libv8-3.11.8.11/vendor/v8/build/gyp/test/rules/src/input-root.gyp
/home/graduate/.gem/ruby/1.8/gems/libv8-3.11.8.11/vendor/v8/build/gyp/test/rules/src/rule.py
/home/graduate/.gem/ruby/1.8/gems/libv8-3.11.8.11/vendor/v8/build/gyp/test/rules/src/somefile.ext
/home/graduate/.gem/ruby/1.8/gems/libv8-3.11.8.11/vendor/v8/build/gyp/test/rules/src/subdir1/executable.gyp
/home/graduate/.gem/ruby/1.8/gems/libv8-3.11.8.11/vendor/v8/build/gyp/test/rules/src/subdir1/function1.in
/home/graduate/.gem/ruby/1.8/gems/libv8-3.11.8.11/vendor/v8/build/gyp/test/rules/src/subdir1/function2.in
/home/graduate/.gem/ruby/1.8/gems/libv8-3.11.8.11/vendor/v8/build/gyp/test/rules/src/subdir1/program.c
/home/graduate/.gem/ruby/1.8/gems/libv8-3.11.8.11/vendor/v8/build/gyp/test/rules/src/subdir2/file1.in
/home/graduate/.gem/ruby/1.8/gems/libv8-3.11.8.11/vendor/v8/build/gyp/test/rules/src/subdir2/file2.in
/home/graduate/.gem/ruby/1.8/gems/libv8-3.11.8.11/vendor/v8/build/gyp/test/rules/src/subdir2/never_used.gyp
/home/graduate/.gem/ruby/1.8/gems/libv8-3.11.8.11/vendor/v8/build/gyp/test/rules/src/subdir2/no_inputs.gyp
/home/graduate/.gem/ruby/1.8/gems/libv8-3.11.8.11/vendor/v8/build/gyp/test/rules/src/subdir2/none.gyp
/home/graduate/.gem/ruby/1.8/gems/libv8-3.11.8.11/vendor/v8/build/gyp/test/rules/src/subdir3/executable2.gyp
/home/graduate/.gem/ruby/1.8/gems/libv8-3.11.8.11/vendor/v8/build/gyp/test/rules/src/subdir3/function3.in
/home/graduate/.gem/ruby/1.8/gems/libv8-3.11.8.11/vendor/v8/build/gyp/test/rules/src/subdir3/program.c
/home/graduate/.gem/ruby/1.8/gems/libv8-3.11.8.11/vendor/v8/build/gyp/test/rules/src/subdir4/asm-function.asm
/home/graduate/.gem/ruby/1.8/gems/libv8-3.11.8.11/vendor/v8/build/gyp/test/rules/src/subdir4/build-asm.gyp
/home/graduate/.gem/ruby/1.8/gems/libv8-3.11.8.11/vendor/v8/build/gyp/test/rules/src/subdir4/program.c
/home/graduate/.gem/ruby/1.8/gems/libv8-3.11.8.11/vendor/v8/build/gyp/test/rules-dirname/gyptest-dirname.py
/home/graduate/.gem/ruby/1.8/gems/libv8-3.11.8.11/vendor/v8/build/gyp/test/rules-dirname/src/actions.gyp
/home/graduate/.gem/ruby/1.8/gems/libv8-3.11.8.11/vendor/v8/build/gyp/test/rules-dirname/src/copy-file.py
/home/graduate/.gem/ruby/1.8/gems/libv8-3.11.8.11/vendor/v8/build/gyp/test/rules-dirname/src/subdir/a/b/c.gencc
/home/graduate/.gem/ruby/1.8/gems/libv8-3.11.8.11/vendor/v8/build/gyp/test/rules-dirname/src/subdir/a/b/c.printvars
/home/graduate/.gem/ruby/1.8/gems/libv8-3.11.8.11/vendor/v8/build/gyp/test/rules-dirname/src/subdir/foo/bar/baz.gencc
/home/graduate/.gem/ruby/1.8/gems/libv8-3.11.8.11/vendor/v8/build/gyp/test/rules-dirname/src/subdir/foo/bar/baz.printvars
/home/graduate/.gem/ruby/1.8/gems/libv8-3.11.8.11/vendor/v8/build/gyp/test/rules-dirname/src/subdir/input-rule-dirname.gyp
/home/graduate/.gem/ruby/1.8/gems/libv8-3.11.8.11/vendor/v8/build/gyp/test/rules-dirname/src/subdir/main.cc
/home/graduate/.gem/ruby/1.8/gems/libv8-3.11.8.11/vendor/v8/build/gyp/test/rules-dirname/src/subdir/printvars.py
/home/graduate/.gem/ruby/1.8/gems/libv8-3.11.8.11/vendor/v8/build/gyp/test/rules-rebuild/gyptest-all.py
/home/graduate/.gem/ruby/1.8/gems/libv8-3.11.8.11/vendor/v8/build/gyp/test/rules-rebuild/gyptest-default.py
/home/graduate/.gem/ruby/1.8/gems/libv8-3.11.8.11/vendor/v8/build/gyp/test/rules-rebuild/src/main.c
/home/graduate/.gem/ruby/1.8/gems/libv8-3.11.8.11/vendor/v8/build/gyp/test/rules-rebuild/src/make-sources.py
/home/graduate/.gem/ruby/1.8/gems/libv8-3.11.8.11/vendor/v8/build/gyp/test/rules-rebuild/src/prog1.in
/home/graduate/.gem/ruby/1.8/gems/libv8-3.11.8.11/vendor/v8/build/gyp/test/rules-rebuild/src/prog2.in
/home/graduate/.gem/ruby/1.8/gems/libv8-3.11.8.11/vendor/v8/build/gyp/test/rules-rebuild/src/same_target.gyp
/home/graduate/.gem/ruby/1.8/gems/libv8-3.11.8.11/vendor/v8/build/gyp/test/rules-variables/gyptest-rules-variables.py
/home/graduate/.gem/ruby/1.8/gems/libv8-3.11.8.11/vendor/v8/build/gyp/test/rules-variables/src/input_ext.c
/home/graduate/.gem/ruby/1.8/gems/libv8-3.11.8.11/vendor/v8/build/gyp/test/rules-variables/src/input_name/test.c
/home/graduate/.gem/ruby/1.8/gems/libv8-3.11.8.11/vendor/v8/build/gyp/test/rules-variables/src/input_path/subdir/test.c
/home/graduate/.gem/ruby/1.8/gems/libv8-3.11.8.11/vendor/v8/build/gyp/test/rules-variables/src/subdir/input_dirname.c
/home/graduate/.gem/ruby/1.8/gems/libv8-3.11.8.11/vendor/v8/build/gyp/test/rules-variables/src/subdir/test.c
/home/graduate/.gem/ruby/1.8/gems/libv8-3.11.8.11/vendor/v8/build/gyp/test/rules-variables/src/test.input_root.c
/home/graduate/.gem/ruby/1.8/gems/libv8-3.11.8.11/vendor/v8/build/gyp/test/rules-variables/src/variables.gyp
/home/graduate/.gem/ruby/1.8/gems/libv8-3.11.8.11/vendor/v8/build/gyp/test/same-gyp-name/gyptest-all.py
/home/graduate/.gem/ruby/1.8/gems/libv8-3.11.8.11/vendor/v8/build/gyp/test/same-gyp-name/gyptest-default.py
/home/graduate/.gem/ruby/1.8/gems/libv8-3.11.8.11/vendor/v8/build/gyp/test/same-gyp-name/src/all.gyp
/home/graduate/.gem/ruby/1.8/gems/libv8-3.11.8.11/vendor/v8/build/gyp/test/same-gyp-name/src/subdir1/executable.gyp
/home/graduate/.gem/ruby/1.8/gems/libv8-3.11.8.11/vendor/v8/build/gyp/test/same-gyp-name/src/subdir1/main1.cc
/home/graduate/.gem/ruby/1.8/gems/libv8-3.11.8.11/vendor/v8/build/gyp/test/same-gyp-name/src/subdir2/executable.gyp
/home/graduate/.gem/ruby/1.8/gems/libv8-3.11.8.11/vendor/v8/build/gyp/test/same-gyp-name/src/subdir2/main2.cc
/home/graduate/.gem/ruby/1.8/gems/libv8-3.11.8.11/vendor/v8/build/gyp/test/same-name/gyptest-all.py
/home/graduate/.gem/ruby/1.8/gems/libv8-3.11.8.11/vendor/v8/build/gyp/test/same-name/gyptest-default.py
/home/graduate/.gem/ruby/1.8/gems/libv8-3.11.8.11/vendor/v8/build/gyp/test/same-name/src/all.gyp
/home/graduate/.gem/ruby/1.8/gems/libv8-3.11.8.11/vendor/v8/build/gyp/test/same-name/src/func.c
/home/graduate/.gem/ruby/1.8/gems/libv8-3.11.8.11/vendor/v8/build/gyp/test/same-name/src/prog1.c
/home/graduate/.gem/ruby/1.8/gems/libv8-3.11.8.11/vendor/v8/build/gyp/test/same-name/src/prog2.c
/home/graduate/.gem/ruby/1.8/gems/libv8-3.11.8.11/vendor/v8/build/gyp/test/same-name/src/subdir1/func.c
/home/graduate/.gem/ruby/1.8/gems/libv8-3.11.8.11/vendor/v8/build/gyp/test/same-name/src/subdir2/func.c
/home/graduate/.gem/ruby/1.8/gems/libv8-3.11.8.11/vendor/v8/build/gyp/test/same-target-name/gyptest-same-target-name.py
/home/graduate/.gem/ruby/1.8/gems/libv8-3.11.8.11/vendor/v8/build/gyp/test/same-target-name/src/all.gyp
/home/graduate/.gem/ruby/1.8/gems/libv8-3.11.8.11/vendor/v8/build/gyp/test/same-target-name/src/executable1.gyp
/home/graduate/.gem/ruby/1.8/gems/libv8-3.11.8.11/vendor/v8/build/gyp/test/same-target-name/src/executable2.gyp
/home/graduate/.gem/ruby/1.8/gems/libv8-3.11.8.11/vendor/v8/build/gyp/test/scons_tools/gyptest-tools.py
/home/graduate/.gem/ruby/1.8/gems/libv8-3.11.8.11/vendor/v8/build/gyp/test/scons_tools/site_scons/site_tools/this_tool.py
/home/graduate/.gem/ruby/1.8/gems/libv8-3.11.8.11/vendor/v8/build/gyp/test/scons_tools/tools.c
/home/graduate/.gem/ruby/1.8/gems/libv8-3.11.8.11/vendor/v8/build/gyp/test/scons_tools/tools.gyp
/home/graduate/.gem/ruby/1.8/gems/libv8-3.11.8.11/vendor/v8/build/gyp/test/sibling/gyptest-all.py
/home/graduate/.gem/ruby/1.8/gems/libv8-3.11.8.11/vendor/v8/build/gyp/test/sibling/gyptest-relocate.py
/home/graduate/.gem/ruby/1.8/gems/libv8-3.11.8.11/vendor/v8/build/gyp/test/sibling/src/build/all.gyp
/home/graduate/.gem/ruby/1.8/gems/libv8-3.11.8.11/vendor/v8/build/gyp/test/sibling/src/prog1/prog1.c
/home/graduate/.gem/ruby/1.8/gems/libv8-3.11.8.11/vendor/v8/build/gyp/test/sibling/src/prog1/prog1.gyp
/home/graduate/.gem/ruby/1.8/gems/libv8-3.11.8.11/vendor/v8/build/gyp/test/sibling/src/prog2/prog2.c
/home/graduate/.gem/ruby/1.8/gems/libv8-3.11.8.11/vendor/v8/build/gyp/test/sibling/src/prog2/prog2.gyp
/home/graduate/.gem/ruby/1.8/gems/libv8-3.11.8.11/vendor/v8/build/gyp/test/small/gyptest-small.py
/home/graduate/.gem/ruby/1.8/gems/libv8-3.11.8.11/vendor/v8/build/gyp/test/subdirectory/gyptest-subdir-all.py
/home/graduate/.gem/ruby/1.8/gems/libv8-3.11.8.11/vendor/v8/build/gyp/test/subdirectory/gyptest-subdir-default.py
/home/graduate/.gem/ruby/1.8/gems/libv8-3.11.8.11/vendor/v8/build/gyp/test/subdirectory/gyptest-subdir2-deep.py
/home/graduate/.gem/ruby/1.8/gems/libv8-3.11.8.11/vendor/v8/build/gyp/test/subdirectory/gyptest-SYMROOT-all.py
/home/graduate/.gem/ruby/1.8/gems/libv8-3.11.8.11/vendor/v8/build/gyp/test/subdirectory/gyptest-SYMROOT-default.py
/home/graduate/.gem/ruby/1.8/gems/libv8-3.11.8.11/vendor/v8/build/gyp/test/subdirectory/gyptest-top-all.py
/home/graduate/.gem/ruby/1.8/gems/libv8-3.11.8.11/vendor/v8/build/gyp/test/subdirectory/gyptest-top-default.py
/home/graduate/.gem/ruby/1.8/gems/libv8-3.11.8.11/vendor/v8/build/gyp/test/subdirectory/src/prog1.c
/home/graduate/.gem/ruby/1.8/gems/libv8-3.11.8.11/vendor/v8/build/gyp/test/subdirectory/src/prog1.gyp
/home/graduate/.gem/ruby/1.8/gems/libv8-3.11.8.11/vendor/v8/build/gyp/test/subdirectory/src/subdir/prog2.c
/home/graduate/.gem/ruby/1.8/gems/libv8-3.11.8.11/vendor/v8/build/gyp/test/subdirectory/src/subdir/prog2.gyp
/home/graduate/.gem/ruby/1.8/gems/libv8-3.11.8.11/vendor/v8/build/gyp/test/subdirectory/src/subdir/subdir2/prog3.c
/home/graduate/.gem/ruby/1.8/gems/libv8-3.11.8.11/vendor/v8/build/gyp/test/subdirectory/src/subdir/subdir2/prog3.gyp
/home/graduate/.gem/ruby/1.8/gems/libv8-3.11.8.11/vendor/v8/build/gyp/test/subdirectory/src/symroot.gypi
/home/graduate/.gem/ruby/1.8/gems/libv8-3.11.8.11/vendor/v8/build/gyp/test/toolsets/gyptest-toolsets.py
/home/graduate/.gem/ruby/1.8/gems/libv8-3.11.8.11/vendor/v8/build/gyp/test/toolsets/main.cc
/home/graduate/.gem/ruby/1.8/gems/libv8-3.11.8.11/vendor/v8/build/gyp/test/toolsets/toolsets.cc
/home/graduate/.gem/ruby/1.8/gems/libv8-3.11.8.11/vendor/v8/build/gyp/test/toolsets/toolsets.gyp
/home/graduate/.gem/ruby/1.8/gems/libv8-3.11.8.11/vendor/v8/build/gyp/test/toplevel-dir/gyptest-toplevel-dir.py
/home/graduate/.gem/ruby/1.8/gems/libv8-3.11.8.11/vendor/v8/build/gyp/test/toplevel-dir/src/sub1/main.gyp
/home/graduate/.gem/ruby/1.8/gems/libv8-3.11.8.11/vendor/v8/build/gyp/test/toplevel-dir/src/sub1/prog1.c
/home/graduate/.gem/ruby/1.8/gems/libv8-3.11.8.11/vendor/v8/build/gyp/test/toplevel-dir/src/sub2/prog2.c
/home/graduate/.gem/ruby/1.8/gems/libv8-3.11.8.11/vendor/v8/build/gyp/test/toplevel-dir/src/sub2/prog2.gyp
/home/graduate/.gem/ruby/1.8/gems/libv8-3.11.8.11/vendor/v8/build/gyp/test/variables/commands/commands-repeated.gyp
/home/graduate/.gem/ruby/1.8/gems/libv8-3.11.8.11/vendor/v8/build/gyp/test/variables/commands/commands-repeated.gyp.stdout
/home/graduate/.gem/ruby/1.8/gems/libv8-3.11.8.11/vendor/v8/build/gyp/test/variables/commands/commands-repeated.gypd.golden
/home/graduate/.gem/ruby/1.8/gems/libv8-3.11.8.11/vendor/v8/build/gyp/test/variables/commands/commands.gyp
/home/graduate/.gem/ruby/1.8/gems/libv8-3.11.8.11/vendor/v8/build/gyp/test/variables/commands/commands.gyp.ignore-env.stdout
/home/graduate/.gem/ruby/1.8/gems/libv8-3.11.8.11/vendor/v8/build/gyp/test/variables/commands/commands.gyp.stdout
/home/graduate/.gem/ruby/1.8/gems/libv8-3.11.8.11/vendor/v8/build/gyp/test/variables/commands/commands.gypd.golden
/home/graduate/.gem/ruby/1.8/gems/libv8-3.11.8.11/vendor/v8/build/gyp/test/variables/commands/commands.gypi
/home/graduate/.gem/ruby/1.8/gems/libv8-3.11.8.11/vendor/v8/build/gyp/test/variables/commands/gyptest-commands-ignore-env.py
/home/graduate/.gem/ruby/1.8/gems/libv8-3.11.8.11/vendor/v8/build/gyp/test/variables/commands/gyptest-commands-repeated.py
/home/graduate/.gem/ruby/1.8/gems/libv8-3.11.8.11/vendor/v8/build/gyp/test/variables/commands/gyptest-commands.py
/home/graduate/.gem/ruby/1.8/gems/libv8-3.11.8.11/vendor/v8/build/gyp/test/variables/commands/test.py
/home/graduate/.gem/ruby/1.8/gems/libv8-3.11.8.11/vendor/v8/build/gyp/test/variables/commands/update_golden
/home/graduate/.gem/ruby/1.8/gems/libv8-3.11.8.11/vendor/v8/build/gyp/test/variables/filelist/filelist.gyp.stdout
/home/graduate/.gem/ruby/1.8/gems/libv8-3.11.8.11/vendor/v8/build/gyp/test/variables/filelist/filelist.gypd.golden
/home/graduate/.gem/ruby/1.8/gems/libv8-3.11.8.11/vendor/v8/build/gyp/test/variables/filelist/gyptest-filelist.py
/home/graduate/.gem/ruby/1.8/gems/libv8-3.11.8.11/vendor/v8/build/gyp/test/variables/filelist/src/filelist.gyp
/home/graduate/.gem/ruby/1.8/gems/libv8-3.11.8.11/vendor/v8/build/gyp/test/variables/filelist/update_golden
/home/graduate/.gem/ruby/1.8/gems/libv8-3.11.8.11/vendor/v8/build/gyp/test/variants/gyptest-variants.py
/home/graduate/.gem/ruby/1.8/gems/libv8-3.11.8.11/vendor/v8/build/gyp/test/variants/src/variants.c
/home/graduate/.gem/ruby/1.8/gems/libv8-3.11.8.11/vendor/v8/build/gyp/test/variants/src/variants.gyp
/home/graduate/.gem/ruby/1.8/gems/libv8-3.11.8.11/vendor/v8/build/gyp/test/win/compiler-flags/additional-options.cc
/home/graduate/.gem/ruby/1.8/gems/libv8-3.11.8.11/vendor/v8/build/gyp/test/win/compiler-flags/additional-options.gyp
/home/graduate/.gem/ruby/1.8/gems/libv8-3.11.8.11/vendor/v8/build/gyp/test/win/compiler-flags/buffer-security-check.gyp
/home/graduate/.gem/ruby/1.8/gems/libv8-3.11.8.11/vendor/v8/build/gyp/test/win/compiler-flags/buffer-security.cc
/home/graduate/.gem/ruby/1.8/gems/libv8-3.11.8.11/vendor/v8/build/gyp/test/win/compiler-flags/character-set-mbcs.cc
/home/graduate/.gem/ruby/1.8/gems/libv8-3.11.8.11/vendor/v8/build/gyp/test/win/compiler-flags/character-set-unicode.cc
/home/graduate/.gem/ruby/1.8/gems/libv8-3.11.8.11/vendor/v8/build/gyp/test/win/compiler-flags/character-set.gyp
/home/graduate/.gem/ruby/1.8/gems/libv8-3.11.8.11/vendor/v8/build/gyp/test/win/compiler-flags/debug-format.gyp
/home/graduate/.gem/ruby/1.8/gems/libv8-3.11.8.11/vendor/v8/build/gyp/test/win/compiler-flags/exception-handling-on.cc
/home/graduate/.gem/ruby/1.8/gems/libv8-3.11.8.11/vendor/v8/build/gyp/test/win/compiler-flags/exception-handling.gyp
/home/graduate/.gem/ruby/1.8/gems/libv8-3.11.8.11/vendor/v8/build/gyp/test/win/compiler-flags/function-level-linking.cc
/home/graduate/.gem/ruby/1.8/gems/libv8-3.11.8.11/vendor/v8/build/gyp/test/win/compiler-flags/function-level-linking.gyp
/home/graduate/.gem/ruby/1.8/gems/libv8-3.11.8.11/vendor/v8/build/gyp/test/win/compiler-flags/hello.cc
/home/graduate/.gem/ruby/1.8/gems/libv8-3.11.8.11/vendor/v8/build/gyp/test/win/compiler-flags/optimizations.gyp
/home/graduate/.gem/ruby/1.8/gems/libv8-3.11.8.11/vendor/v8/build/gyp/test/win/compiler-flags/rtti-on.cc
/home/graduate/.gem/ruby/1.8/gems/libv8-3.11.8.11/vendor/v8/build/gyp/test/win/compiler-flags/rtti.gyp
/home/graduate/.gem/ruby/1.8/gems/libv8-3.11.8.11/vendor/v8/build/gyp/test/win/compiler-flags/runtime-checks.cc
/home/graduate/.gem/ruby/1.8/gems/libv8-3.11.8.11/vendor/v8/build/gyp/test/win/compiler-flags/runtime-checks.gyp
/home/graduate/.gem/ruby/1.8/gems/libv8-3.11.8.11/vendor/v8/build/gyp/test/win/compiler-flags/runtime-library-md.cc
/home/graduate/.gem/ruby/1.8/gems/libv8-3.11.8.11/vendor/v8/build/gyp/test/win/compiler-flags/runtime-library-mdd.cc
/home/graduate/.gem/ruby/1.8/gems/libv8-3.11.8.11/vendor/v8/build/gyp/test/win/compiler-flags/runtime-library-mt.cc
/home/graduate/.gem/ruby/1.8/gems/libv8-3.11.8.11/vendor/v8/build/gyp/test/win/compiler-flags/runtime-library-mtd.cc
/home/graduate/.gem/ruby/1.8/gems/libv8-3.11.8.11/vendor/v8/build/gyp/test/win/compiler-flags/runtime-library.gyp
/home/graduate/.gem/ruby/1.8/gems/libv8-3.11.8.11/vendor/v8/build/gyp/test/win/compiler-flags/warning-as-error.cc
/home/graduate/.gem/ruby/1.8/gems/libv8-3.11.8.11/vendor/v8/build/gyp/test/win/compiler-flags/warning-as-error.gyp
/home/graduate/.gem/ruby/1.8/gems/libv8-3.11.8.11/vendor/v8/build/gyp/test/win/compiler-flags/warning-level.gyp
/home/graduate/.gem/ruby/1.8/gems/libv8-3.11.8.11/vendor/v8/build/gyp/test/win/compiler-flags/warning-level1.cc
/home/graduate/.gem/ruby/1.8/gems/libv8-3.11.8.11/vendor/v8/build/gyp/test/win/compiler-flags/warning-level2.cc
/home/graduate/.gem/ruby/1.8/gems/libv8-3.11.8.11/vendor/v8/build/gyp/test/win/compiler-flags/warning-level3.cc
/home/graduate/.gem/ruby/1.8/gems/libv8-3.11.8.11/vendor/v8/build/gyp/test/win/compiler-flags/warning-level4.cc
/home/graduate/.gem/ruby/1.8/gems/libv8-3.11.8.11/vendor/v8/build/gyp/test/win/gyptest-cl-additional-options.py
/home/graduate/.gem/ruby/1.8/gems/libv8-3.11.8.11/vendor/v8/build/gyp/test/win/gyptest-cl-buffer-security-check.py
/home/graduate/.gem/ruby/1.8/gems/libv8-3.11.8.11/vendor/v8/build/gyp/test/win/gyptest-cl-character-set.py
/home/graduate/.gem/ruby/1.8/gems/libv8-3.11.8.11/vendor/v8/build/gyp/test/win/gyptest-cl-debug-format.py
/home/graduate/.gem/ruby/1.8/gems/libv8-3.11.8.11/vendor/v8/build/gyp/test/win/gyptest-cl-exception-handling.py
/home/graduate/.gem/ruby/1.8/gems/libv8-3.11.8.11/vendor/v8/build/gyp/test/win/gyptest-cl-function-level-linking.py
/home/graduate/.gem/ruby/1.8/gems/libv8-3.11.8.11/vendor/v8/build/gyp/test/win/gyptest-cl-optimizations.py
/home/graduate/.gem/ruby/1.8/gems/libv8-3.11.8.11/vendor/v8/build/gyp/test/win/gyptest-cl-rtti.py
/home/graduate/.gem/ruby/1.8/gems/libv8-3.11.8.11/vendor/v8/build/gyp/test/win/gyptest-cl-runtime-checks.py
/home/graduate/.gem/ruby/1.8/gems/libv8-3.11.8.11/vendor/v8/build/gyp/test/win/gyptest-cl-runtime-library.py
/home/graduate/.gem/ruby/1.8/gems/libv8-3.11.8.11/vendor/v8/build/gyp/test/win/gyptest-cl-warning-as-error.py
/home/graduate/.gem/ruby/1.8/gems/libv8-3.11.8.11/vendor/v8/build/gyp/test/win/gyptest-cl-warning-level.py
/home/graduate/.gem/ruby/1.8/gems/libv8-3.11.8.11/vendor/v8/build/gyp/test/win/gyptest-link-additional-deps.py
/home/graduate/.gem/ruby/1.8/gems/libv8-3.11.8.11/vendor/v8/build/gyp/test/win/gyptest-link-additional-options.py
/home/graduate/.gem/ruby/1.8/gems/libv8-3.11.8.11/vendor/v8/build/gyp/test/win/gyptest-link-aslr.py
/home/graduate/.gem/ruby/1.8/gems/libv8-3.11.8.11/vendor/v8/build/gyp/test/win/gyptest-link-debug-info.py
/home/graduate/.gem/ruby/1.8/gems/libv8-3.11.8.11/vendor/v8/build/gyp/test/win/gyptest-link-default-libs.py
/home/graduate/.gem/ruby/1.8/gems/libv8-3.11.8.11/vendor/v8/build/gyp/test/win/gyptest-link-delay-load-dlls.py
/home/graduate/.gem/ruby/1.8/gems/libv8-3.11.8.11/vendor/v8/build/gyp/test/win/gyptest-link-fixed-base.py
/home/graduate/.gem/ruby/1.8/gems/libv8-3.11.8.11/vendor/v8/build/gyp/test/win/gyptest-link-incremental.py
/home/graduate/.gem/ruby/1.8/gems/libv8-3.11.8.11/vendor/v8/build/gyp/test/win/gyptest-link-library-directories.py
/home/graduate/.gem/ruby/1.8/gems/libv8-3.11.8.11/vendor/v8/build/gyp/test/win/gyptest-link-nxcompat.py
/home/graduate/.gem/ruby/1.8/gems/libv8-3.11.8.11/vendor/v8/build/gyp/test/win/gyptest-link-opt-icf.py
/home/graduate/.gem/ruby/1.8/gems/libv8-3.11.8.11/vendor/v8/build/gyp/test/win/gyptest-link-opt-ref.py
/home/graduate/.gem/ruby/1.8/gems/libv8-3.11.8.11/vendor/v8/build/gyp/test/win/gyptest-link-subsystem.py
/home/graduate/.gem/ruby/1.8/gems/libv8-3.11.8.11/vendor/v8/build/gyp/test/win/gyptest-long-command-line.py
/home/graduate/.gem/ruby/1.8/gems/libv8-3.11.8.11/vendor/v8/build/gyp/test/win/linker-flags/additional-deps.cc
/home/graduate/.gem/ruby/1.8/gems/libv8-3.11.8.11/vendor/v8/build/gyp/test/win/linker-flags/additional-deps.gyp
/home/graduate/.gem/ruby/1.8/gems/libv8-3.11.8.11/vendor/v8/build/gyp/test/win/linker-flags/additional-options.gyp
/home/graduate/.gem/ruby/1.8/gems/libv8-3.11.8.11/vendor/v8/build/gyp/test/win/linker-flags/aslr.gyp
/home/graduate/.gem/ruby/1.8/gems/libv8-3.11.8.11/vendor/v8/build/gyp/test/win/linker-flags/debug-info.gyp
/home/graduate/.gem/ruby/1.8/gems/libv8-3.11.8.11/vendor/v8/build/gyp/test/win/linker-flags/default-libs.cc
/home/graduate/.gem/ruby/1.8/gems/libv8-3.11.8.11/vendor/v8/build/gyp/test/win/linker-flags/default-libs.gyp
/home/graduate/.gem/ruby/1.8/gems/libv8-3.11.8.11/vendor/v8/build/gyp/test/win/linker-flags/delay-load-dlls.gyp
/home/graduate/.gem/ruby/1.8/gems/libv8-3.11.8.11/vendor/v8/build/gyp/test/win/linker-flags/delay-load.cc
/home/graduate/.gem/ruby/1.8/gems/libv8-3.11.8.11/vendor/v8/build/gyp/test/win/linker-flags/fixed-base.gyp
/home/graduate/.gem/ruby/1.8/gems/libv8-3.11.8.11/vendor/v8/build/gyp/test/win/linker-flags/hello.cc
/home/graduate/.gem/ruby/1.8/gems/libv8-3.11.8.11/vendor/v8/build/gyp/test/win/linker-flags/incremental.gyp
/home/graduate/.gem/ruby/1.8/gems/libv8-3.11.8.11/vendor/v8/build/gyp/test/win/linker-flags/library-directories-define.cc
/home/graduate/.gem/ruby/1.8/gems/libv8-3.11.8.11/vendor/v8/build/gyp/test/win/linker-flags/library-directories-reference.cc
/home/graduate/.gem/ruby/1.8/gems/libv8-3.11.8.11/vendor/v8/build/gyp/test/win/linker-flags/library-directories.gyp
/home/graduate/.gem/ruby/1.8/gems/libv8-3.11.8.11/vendor/v8/build/gyp/test/win/linker-flags/nxcompat.gyp
/home/graduate/.gem/ruby/1.8/gems/libv8-3.11.8.11/vendor/v8/build/gyp/test/win/linker-flags/opt-icf.cc
/home/graduate/.gem/ruby/1.8/gems/libv8-3.11.8.11/vendor/v8/build/gyp/test/win/linker-flags/opt-icf.gyp
/home/graduate/.gem/ruby/1.8/gems/libv8-3.11.8.11/vendor/v8/build/gyp/test/win/linker-flags/opt-ref.cc
/home/graduate/.gem/ruby/1.8/gems/libv8-3.11.8.11/vendor/v8/build/gyp/test/win/linker-flags/opt-ref.gyp
/home/graduate/.gem/ruby/1.8/gems/libv8-3.11.8.11/vendor/v8/build/gyp/test/win/linker-flags/subdir/library.gyp
/home/graduate/.gem/ruby/1.8/gems/libv8-3.11.8.11/vendor/v8/build/gyp/test/win/linker-flags/subsystem-windows.cc
/home/graduate/.gem/ruby/1.8/gems/libv8-3.11.8.11/vendor/v8/build/gyp/test/win/linker-flags/subsystem.gyp
/home/graduate/.gem/ruby/1.8/gems/libv8-3.11.8.11/vendor/v8/build/gyp/test/win/long-command-line/hello.cc
/home/graduate/.gem/ruby/1.8/gems/libv8-3.11.8.11/vendor/v8/build/gyp/test/win/long-command-line/long-command-line.gyp
/home/graduate/.gem/ruby/1.8/gems/libv8-3.11.8.11/vendor/v8/build/gyp/tools/graphviz.py
/home/graduate/.gem/ruby/1.8/gems/libv8-3.11.8.11/vendor/v8/build/gyp/tools/pretty_gyp.py
/home/graduate/.gem/ruby/1.8/gems/libv8-3.11.8.11/vendor/v8/build/gyp/tools/pretty_sln.py
/home/graduate/.gem/ruby/1.8/gems/libv8-3.11.8.11/vendor/v8/build/gyp/tools/pretty_vcproj.py
/home/graduate/.gem/ruby/1.8/gems/libv8-3.11.8.11/vendor/v8/build/gyp/tools/README
/home/graduate/.gem/ruby/1.8/gems/libv8-3.11.8.11/vendor/v8/build/gyp/tools/Xcode/README
/home/graduate/.gem/ruby/1.8/gems/libv8-3.11.8.11/vendor/v8/build/gyp/tools/Xcode/Specifications/gyp.pbfilespec
/home/graduate/.gem/ruby/1.8/gems/libv8-3.11.8.11/vendor/v8/build/gyp/tools/Xcode/Specifications/gyp.xclangspec
Building native extensions.  This could take a while...
/usr/bin/ruby extconf.rb
creating Makefile
/bin/sh: line 1:  6402 Segmentation fault      (core dumped) "/home/graduate/.gem/ruby/1.8/gems/libv8-3.11.8.11/vendor/v8/out/ia32.release/mksnapshot" --log-snapshot-positions --logfile "/home/graduate/.gem/ruby/1.8/gems/libv8-3.11.8.11/vendor/v8/out/ia32.release/obj.target/v8_snapshot/geni/snapshot.log" "/home/graduate/.gem/ruby/1.8/gems/libv8-3.11.8.11/vendor/v8/out/ia32.release/obj.target/v8_snapshot/geni/snapshot.cc"
gmake[1]: *** [/home/graduate/.gem/ruby/1.8/gems/libv8-3.11.8.11/vendor/v8/out/ia32.release/obj.target/v8_snapshot/geni/snapshot.cc] Error 139
gmake: *** [ia32.release] Error 2
Using compiler: /usr/lib/ccache/g++
GYP_GENERATORS=make \
build/gyp/gyp --generator-output="out" build/all.gyp \
              -Ibuild/standalone.gypi --depth=. \
              -Dv8_target_arch=ia32 \
              -S.ia32 -Dhost_arch=ia32
gmake[1]: Entering directory `/home/graduate/.gem/ruby/1.8/gems/libv8-3.11.8.11/vendor/v8/out'
  CXX(target) /home/graduate/.gem/ruby/1.8/gems/libv8-3.11.8.11/vendor/v8/out/ia32.release/obj.target/preparser_lib/src/allocation.o
  CXX(target) /home/graduate/.gem/ruby/1.8/gems/libv8-3.11.8.11/vendor/v8/out/ia32.release/obj.target/preparser_lib/src/atomicops_internals_x86_gcc.o
  CXX(target) /home/graduate/.gem/ruby/1.8/gems/libv8-3.11.8.11/vendor/v8/out/ia32.release/obj.target/preparser_lib/src/bignum.o
  CXX(target) /home/graduate/.gem/ruby/1.8/gems/libv8-3.11.8.11/vendor/v8/out/ia32.release/obj.target/preparser_lib/src/bignum-dtoa.o
  CXX(target) /home/graduate/.gem/ruby/1.8/gems/libv8-3.11.8.11/vendor/v8/out/ia32.release/obj.target/preparser_lib/src/cached-powers.o
  CXX(target) /home/graduate/.gem/ruby/1.8/gems/libv8-3.11.8.11/vendor/v8/out/ia32.release/obj.target/preparser_lib/src/conversions.o
  CXX(target) /home/graduate/.gem/ruby/1.8/gems/libv8-3.11.8.11/vendor/v8/out/ia32.release/obj.target/preparser_lib/src/diy-fp.o
  CXX(target) /home/graduate/.gem/ruby/1.8/gems/libv8-3.11.8.11/vendor/v8/out/ia32.release/obj.target/preparser_lib/src/dtoa.o
  CXX(target) /home/graduate/.gem/ruby/1.8/gems/libv8-3.11.8.11/vendor/v8/out/ia32.release/obj.target/preparser_lib/src/fast-dtoa.o
  CXX(target) /home/graduate/.gem/ruby/1.8/gems/libv8-3.11.8.11/vendor/v8/out/ia32.release/obj.target/preparser_lib/src/fixed-dtoa.o
  CXX(target) /home/graduate/.gem/ruby/1.8/gems/libv8-3.11.8.11/vendor/v8/out/ia32.release/obj.target/preparser_lib/src/once.o
  CXX(target) /home/graduate/.gem/ruby/1.8/gems/libv8-3.11.8.11/vendor/v8/out/ia32.release/obj.target/preparser_lib/src/preparse-data.o
  CXX(target) /home/graduate/.gem/ruby/1.8/gems/libv8-3.11.8.11/vendor/v8/out/ia32.release/obj.target/preparser_lib/src/preparser.o
  CXX(target) /home/graduate/.gem/ruby/1.8/gems/libv8-3.11.8.11/vendor/v8/out/ia32.release/obj.target/preparser_lib/src/preparser-api.o
  CXX(target) /home/graduate/.gem/ruby/1.8/gems/libv8-3.11.8.11/vendor/v8/out/ia32.release/obj.target/preparser_lib/src/scanner.o
  CXX(target) /home/graduate/.gem/ruby/1.8/gems/libv8-3.11.8.11/vendor/v8/out/ia32.release/obj.target/preparser_lib/src/strtod.o
  CXX(target) /home/graduate/.gem/ruby/1.8/gems/libv8-3.11.8.11/vendor/v8/out/ia32.release/obj.target/preparser_lib/src/token.o
  CXX(target) /home/graduate/.gem/ruby/1.8/gems/libv8-3.11.8.11/vendor/v8/out/ia32.release/obj.target/preparser_lib/src/unicode.o
  CXX(target) /home/graduate/.gem/ruby/1.8/gems/libv8-3.11.8.11/vendor/v8/out/ia32.release/obj.target/preparser_lib/src/utils.o
  AR(target) /home/graduate/.gem/ruby/1.8/gems/libv8-3.11.8.11/vendor/v8/out/ia32.release/obj.target/tools/gyp/libpreparser_lib.a
  CXX(target) /home/graduate/.gem/ruby/1.8/gems/libv8-3.11.8.11/vendor/v8/out/ia32.release/obj.target/preparser/preparser/preparser-process.o
  LINK(target) /home/graduate/.gem/ruby/1.8/gems/libv8-3.11.8.11/vendor/v8/out/ia32.release/preparser
  CXX(target) /home/graduate/.gem/ruby/1.8/gems/libv8-3.11.8.11/vendor/v8/out/ia32.release/obj.target/v8_base/src/accessors.o
  CXX(target) /home/graduate/.gem/ruby/1.8/gems/libv8-3.11.8.11/vendor/v8/out/ia32.release/obj.target/v8_base/src/allocation.o
  CXX(target) /home/graduate/.gem/ruby/1.8/gems/libv8-3.11.8.11/vendor/v8/out/ia32.release/obj.target/v8_base/src/api.o
  CXX(target) /home/graduate/.gem/ruby/1.8/gems/libv8-3.11.8.11/vendor/v8/out/ia32.release/obj.target/v8_base/src/assembler.o
  CXX(target) /home/graduate/.gem/ruby/1.8/gems/libv8-3.11.8.11/vendor/v8/out/ia32.release/obj.target/v8_base/src/ast.o
  CXX(target) /home/graduate/.gem/ruby/1.8/gems/libv8-3.11.8.11/vendor/v8/out/ia32.release/obj.target/v8_base/src/atomicops_internals_x86_gcc.o
  CXX(target) /home/graduate/.gem/ruby/1.8/gems/libv8-3.11.8.11/vendor/v8/out/ia32.release/obj.target/v8_base/src/bignum.o
  CXX(target) /home/graduate/.gem/ruby/1.8/gems/libv8-3.11.8.11/vendor/v8/out/ia32.release/obj.target/v8_base/src/bignum-dtoa.o
  CXX(target) /home/graduate/.gem/ruby/1.8/gems/libv8-3.11.8.11/vendor/v8/out/ia32.release/obj.target/v8_base/src/bootstrapper.o
  CXX(target) /home/graduate/.gem/ruby/1.8/gems/libv8-3.11.8.11/vendor/v8/out/ia32.release/obj.target/v8_base/src/builtins.o
  CXX(target) /home/graduate/.gem/ruby/1.8/gems/libv8-3.11.8.11/vendor/v8/out/ia32.release/obj.target/v8_base/src/cached-powers.o
  CXX(target) /home/graduate/.gem/ruby/1.8/gems/libv8-3.11.8.11/vendor/v8/out/ia32.release/obj.target/v8_base/src/checks.o
  CXX(target) /home/graduate/.gem/ruby/1.8/gems/libv8-3.11.8.11/vendor/v8/out/ia32.release/obj.target/v8_base/src/circular-queue.o
  CXX(target) /home/graduate/.gem/ruby/1.8/gems/libv8-3.11.8.11/vendor/v8/out/ia32.release/obj.target/v8_base/src/code-stubs.o
  CXX(target) /home/graduate/.gem/ruby/1.8/gems/libv8-3.11.8.11/vendor/v8/out/ia32.release/obj.target/v8_base/src/codegen.o
  CXX(target) /home/graduate/.gem/ruby/1.8/gems/libv8-3.11.8.11/vendor/v8/out/ia32.release/obj.target/v8_base/src/compilation-cache.o
  CXX(target) /home/graduate/.gem/ruby/1.8/gems/libv8-3.11.8.11/vendor/v8/out/ia32.release/obj.target/v8_base/src/compiler.o
  CXX(target) /home/graduate/.gem/ruby/1.8/gems/libv8-3.11.8.11/vendor/v8/out/ia32.release/obj.target/v8_base/src/contexts.o
  CXX(target) /home/graduate/.gem/ruby/1.8/gems/libv8-3.11.8.11/vendor/v8/out/ia32.release/obj.target/v8_base/src/conversions.o
  CXX(target) /home/graduate/.gem/ruby/1.8/gems/libv8-3.11.8.11/vendor/v8/out/ia32.release/obj.target/v8_base/src/counters.o
  CXX(target) /home/graduate/.gem/ruby/1.8/gems/libv8-3.11.8.11/vendor/v8/out/ia32.release/obj.target/v8_base/src/cpu-profiler.o
  CXX(target) /home/graduate/.gem/ruby/1.8/gems/libv8-3.11.8.11/vendor/v8/out/ia32.release/obj.target/v8_base/src/data-flow.o
  CXX(target) /home/graduate/.gem/ruby/1.8/gems/libv8-3.11.8.11/vendor/v8/out/ia32.release/obj.target/v8_base/src/date.o
  CXX(target) /home/graduate/.gem/ruby/1.8/gems/libv8-3.11.8.11/vendor/v8/out/ia32.release/obj.target/v8_base/src/dateparser.o
  CXX(target) /home/graduate/.gem/ruby/1.8/gems/libv8-3.11.8.11/vendor/v8/out/ia32.release/obj.target/v8_base/src/debug.o
  CXX(target) /home/graduate/.gem/ruby/1.8/gems/libv8-3.11.8.11/vendor/v8/out/ia32.release/obj.target/v8_base/src/debug-agent.o
  CXX(target) /home/graduate/.gem/ruby/1.8/gems/libv8-3.11.8.11/vendor/v8/out/ia32.release/obj.target/v8_base/src/deoptimizer.o
  CXX(target) /home/graduate/.gem/ruby/1.8/gems/libv8-3.11.8.11/vendor/v8/out/ia32.release/obj.target/v8_base/src/disassembler.o
  CXX(target) /home/graduate/.gem/ruby/1.8/gems/libv8-3.11.8.11/vendor/v8/out/ia32.release/obj.target/v8_base/src/diy-fp.o
  CXX(target) /home/graduate/.gem/ruby/1.8/gems/libv8-3.11.8.11/vendor/v8/out/ia32.release/obj.target/v8_base/src/dtoa.o
  CXX(target) /home/graduate/.gem/ruby/1.8/gems/libv8-3.11.8.11/vendor/v8/out/ia32.release/obj.target/v8_base/src/elements.o
  CXX(target) /home/graduate/.gem/ruby/1.8/gems/libv8-3.11.8.11/vendor/v8/out/ia32.release/obj.target/v8_base/src/elements-kind.o
  CXX(target) /home/graduate/.gem/ruby/1.8/gems/libv8-3.11.8.11/vendor/v8/out/ia32.release/obj.target/v8_base/src/execution.o
  CXX(target) /home/graduate/.gem/ruby/1.8/gems/libv8-3.11.8.11/vendor/v8/out/ia32.release/obj.target/v8_base/src/factory.o
  CXX(target) /home/graduate/.gem/ruby/1.8/gems/libv8-3.11.8.11/vendor/v8/out/ia32.release/obj.target/v8_base/src/fast-dtoa.o
  CXX(target) /home/graduate/.gem/ruby/1.8/gems/libv8-3.11.8.11/vendor/v8/out/ia32.release/obj.target/v8_base/src/fixed-dtoa.o
  CXX(target) /home/graduate/.gem/ruby/1.8/gems/libv8-3.11.8.11/vendor/v8/out/ia32.release/obj.target/v8_base/src/flags.o
  CXX(target) /home/graduate/.gem/ruby/1.8/gems/libv8-3.11.8.11/vendor/v8/out/ia32.release/obj.target/v8_base/src/frames.o
  CXX(target) /home/graduate/.gem/ruby/1.8/gems/libv8-3.11.8.11/vendor/v8/out/ia32.release/obj.target/v8_base/src/full-codegen.o
  CXX(target) /home/graduate/.gem/ruby/1.8/gems/libv8-3.11.8.11/vendor/v8/out/ia32.release/obj.target/v8_base/src/func-name-inferrer.o
  CXX(target) /home/graduate/.gem/ruby/1.8/gems/libv8-3.11.8.11/vendor/v8/out/ia32.release/obj.target/v8_base/src/global-handles.o
  CXX(target) /home/graduate/.gem/ruby/1.8/gems/libv8-3.11.8.11/vendor/v8/out/ia32.release/obj.target/v8_base/src/handles.o
  CXX(target) /home/graduate/.gem/ruby/1.8/gems/libv8-3.11.8.11/vendor/v8/out/ia32.release/obj.target/v8_base/src/heap.o
  CXX(target) /home/graduate/.gem/ruby/1.8/gems/libv8-3.11.8.11/vendor/v8/out/ia32.release/obj.target/v8_base/src/heap-profiler.o
  CXX(target) /home/graduate/.gem/ruby/1.8/gems/libv8-3.11.8.11/vendor/v8/out/ia32.release/obj.target/v8_base/src/hydrogen.o
  CXX(target) /home/graduate/.gem/ruby/1.8/gems/libv8-3.11.8.11/vendor/v8/out/ia32.release/obj.target/v8_base/src/hydrogen-instructions.o
  CXX(target) /home/graduate/.gem/ruby/1.8/gems/libv8-3.11.8.11/vendor/v8/out/ia32.release/obj.target/v8_base/src/ic.o
  CXX(target) /home/graduate/.gem/ruby/1.8/gems/libv8-3.11.8.11/vendor/v8/out/ia32.release/obj.target/v8_base/src/incremental-marking.o
  CXX(target) /home/graduate/.gem/ruby/1.8/gems/libv8-3.11.8.11/vendor/v8/out/ia32.release/obj.target/v8_base/src/inspector.o
  CXX(target) /home/graduate/.gem/ruby/1.8/gems/libv8-3.11.8.11/vendor/v8/out/ia32.release/obj.target/v8_base/src/interface.o
  CXX(target) /home/graduate/.gem/ruby/1.8/gems/libv8-3.11.8.11/vendor/v8/out/ia32.release/obj.target/v8_base/src/interpreter-irregexp.o
  CXX(target) /home/graduate/.gem/ruby/1.8/gems/libv8-3.11.8.11/vendor/v8/out/ia32.release/obj.target/v8_base/src/jsregexp.o
  CXX(target) /home/graduate/.gem/ruby/1.8/gems/libv8-3.11.8.11/vendor/v8/out/ia32.release/obj.target/v8_base/src/isolate.o
  CXX(target) /home/graduate/.gem/ruby/1.8/gems/libv8-3.11.8.11/vendor/v8/out/ia32.release/obj.target/v8_base/src/lithium.o
  CXX(target) /home/graduate/.gem/ruby/1.8/gems/libv8-3.11.8.11/vendor/v8/out/ia32.release/obj.target/v8_base/src/lithium-allocator.o
  CXX(target) /home/graduate/.gem/ruby/1.8/gems/libv8-3.11.8.11/vendor/v8/out/ia32.release/obj.target/v8_base/src/liveedit.o
  CXX(target) /home/graduate/.gem/ruby/1.8/gems/libv8-3.11.8.11/vendor/v8/out/ia32.release/obj.target/v8_base/src/liveobjectlist.o
  CXX(target) /home/graduate/.gem/ruby/1.8/gems/libv8-3.11.8.11/vendor/v8/out/ia32.release/obj.target/v8_base/src/log-utils.o
  CXX(target) /home/graduate/.gem/ruby/1.8/gems/libv8-3.11.8.11/vendor/v8/out/ia32.release/obj.target/v8_base/src/log.o
  CXX(target) /home/graduate/.gem/ruby/1.8/gems/libv8-3.11.8.11/vendor/v8/out/ia32.release/obj.target/v8_base/src/mark-compact.o
  CXX(target) /home/graduate/.gem/ruby/1.8/gems/libv8-3.11.8.11/vendor/v8/out/ia32.release/obj.target/v8_base/src/messages.o
  CXX(target) /home/graduate/.gem/ruby/1.8/gems/libv8-3.11.8.11/vendor/v8/out/ia32.release/obj.target/v8_base/src/objects-debug.o
  CXX(target) /home/graduate/.gem/ruby/1.8/gems/libv8-3.11.8.11/vendor/v8/out/ia32.release/obj.target/v8_base/src/objects-printer.o
  CXX(target) /home/graduate/.gem/ruby/1.8/gems/libv8-3.11.8.11/vendor/v8/out/ia32.release/obj.target/v8_base/src/objects-visiting.o
  CXX(target) /home/graduate/.gem/ruby/1.8/gems/libv8-3.11.8.11/vendor/v8/out/ia32.release/obj.target/v8_base/src/objects.o
  CXX(target) /home/graduate/.gem/ruby/1.8/gems/libv8-3.11.8.11/vendor/v8/out/ia32.release/obj.target/v8_base/src/once.o
  CXX(target) /home/graduate/.gem/ruby/1.8/gems/libv8-3.11.8.11/vendor/v8/out/ia32.release/obj.target/v8_base/src/parser.o
  CXX(target) /home/graduate/.gem/ruby/1.8/gems/libv8-3.11.8.11/vendor/v8/out/ia32.release/obj.target/v8_base/src/preparse-data.o
  CXX(target) /home/graduate/.gem/ruby/1.8/gems/libv8-3.11.8.11/vendor/v8/out/ia32.release/obj.target/v8_base/src/preparser.o
  CXX(target) /home/graduate/.gem/ruby/1.8/gems/libv8-3.11.8.11/vendor/v8/out/ia32.release/obj.target/v8_base/src/prettyprinter.o
  CXX(target) /home/graduate/.gem/ruby/1.8/gems/libv8-3.11.8.11/vendor/v8/out/ia32.release/obj.target/v8_base/src/property.o
  CXX(target) /home/graduate/.gem/ruby/1.8/gems/libv8-3.11.8.11/vendor/v8/out/ia32.release/obj.target/v8_base/src/profile-generator.o
  CXX(target) /home/graduate/.gem/ruby/1.8/gems/libv8-3.11.8.11/vendor/v8/out/ia32.release/obj.target/v8_base/src/regexp-macro-assembler-irregexp.o
  CXX(target) /home/graduate/.gem/ruby/1.8/gems/libv8-3.11.8.11/vendor/v8/out/ia32.release/obj.target/v8_base/src/regexp-macro-assembler-tracer.o
  CXX(target) /home/graduate/.gem/ruby/1.8/gems/libv8-3.11.8.11/vendor/v8/out/ia32.release/obj.target/v8_base/src/regexp-macro-assembler.o
  CXX(target) /home/graduate/.gem/ruby/1.8/gems/libv8-3.11.8.11/vendor/v8/out/ia32.release/obj.target/v8_base/src/regexp-stack.o
  CXX(target) /home/graduate/.gem/ruby/1.8/gems/libv8-3.11.8.11/vendor/v8/out/ia32.release/obj.target/v8_base/src/rewriter.o
  CXX(target) /home/graduate/.gem/ruby/1.8/gems/libv8-3.11.8.11/vendor/v8/out/ia32.release/obj.target/v8_base/src/runtime.o
  CXX(target) /home/graduate/.gem/ruby/1.8/gems/libv8-3.11.8.11/vendor/v8/out/ia32.release/obj.target/v8_base/src/runtime-profiler.o
  CXX(target) /home/graduate/.gem/ruby/1.8/gems/libv8-3.11.8.11/vendor/v8/out/ia32.release/obj.target/v8_base/src/safepoint-table.o
  CXX(target) /home/graduate/.gem/ruby/1.8/gems/libv8-3.11.8.11/vendor/v8/out/ia32.release/obj.target/v8_base/src/scanner.o
  CXX(target) /home/graduate/.gem/ruby/1.8/gems/libv8-3.11.8.11/vendor/v8/out/ia32.release/obj.target/v8_base/src/scanner-character-streams.o
  CXX(target) /home/graduate/.gem/ruby/1.8/gems/libv8-3.11.8.11/vendor/v8/out/ia32.release/obj.target/v8_base/src/scopeinfo.o
  CXX(target) /home/graduate/.gem/ruby/1.8/gems/libv8-3.11.8.11/vendor/v8/out/ia32.release/obj.target/v8_base/src/scopes.o
  CXX(target) /home/graduate/.gem/ruby/1.8/gems/libv8-3.11.8.11/vendor/v8/out/ia32.release/obj.target/v8_base/src/serialize.o
  CXX(target) /home/graduate/.gem/ruby/1.8/gems/libv8-3.11.8.11/vendor/v8/out/ia32.release/obj.target/v8_base/src/snapshot-common.o
  CXX(target) /home/graduate/.gem/ruby/1.8/gems/libv8-3.11.8.11/vendor/v8/out/ia32.release/obj.target/v8_base/src/spaces.o
  CXX(target) /home/graduate/.gem/ruby/1.8/gems/libv8-3.11.8.11/vendor/v8/out/ia32.release/obj.target/v8_base/src/store-buffer.o
  CXX(target) /home/graduate/.gem/ruby/1.8/gems/libv8-3.11.8.11/vendor/v8/out/ia32.release/obj.target/v8_base/src/string-search.o
  CXX(target) /home/graduate/.gem/ruby/1.8/gems/libv8-3.11.8.11/vendor/v8/out/ia32.release/obj.target/v8_base/src/string-stream.o
  CXX(target) /home/graduate/.gem/ruby/1.8/gems/libv8-3.11.8.11/vendor/v8/out/ia32.release/obj.target/v8_base/src/strtod.o
  CXX(target) /home/graduate/.gem/ruby/1.8/gems/libv8-3.11.8.11/vendor/v8/out/ia32.release/obj.target/v8_base/src/stub-cache.o
  CXX(target) /home/graduate/.gem/ruby/1.8/gems/libv8-3.11.8.11/vendor/v8/out/ia32.release/obj.target/v8_base/src/token.o
  CXX(target) /home/graduate/.gem/ruby/1.8/gems/libv8-3.11.8.11/vendor/v8/out/ia32.release/obj.target/v8_base/src/type-info.o
  CXX(target) /home/graduate/.gem/ruby/1.8/gems/libv8-3.11.8.11/vendor/v8/out/ia32.release/obj.target/v8_base/src/unicode.o
  CXX(target) /home/graduate/.gem/ruby/1.8/gems/libv8-3.11.8.11/vendor/v8/out/ia32.release/obj.target/v8_base/src/utils.o
  CXX(target) /home/graduate/.gem/ruby/1.8/gems/libv8-3.11.8.11/vendor/v8/out/ia32.release/obj.target/v8_base/src/v8-counters.o
  CXX(target) /home/graduate/.gem/ruby/1.8/gems/libv8-3.11.8.11/vendor/v8/out/ia32.release/obj.target/v8_base/src/v8.o
  CXX(target) /home/graduate/.gem/ruby/1.8/gems/libv8-3.11.8.11/vendor/v8/out/ia32.release/obj.target/v8_base/src/v8conversions.o
  CXX(target) /home/graduate/.gem/ruby/1.8/gems/libv8-3.11.8.11/vendor/v8/out/ia32.release/obj.target/v8_base/src/v8threads.o
  CXX(target) /home/graduate/.gem/ruby/1.8/gems/libv8-3.11.8.11/vendor/v8/out/ia32.release/obj.target/v8_base/src/v8utils.o
  CXX(target) /home/graduate/.gem/ruby/1.8/gems/libv8-3.11.8.11/vendor/v8/out/ia32.release/obj.target/v8_base/src/variables.o
  CXX(target) /home/graduate/.gem/ruby/1.8/gems/libv8-3.11.8.11/vendor/v8/out/ia32.release/obj.target/v8_base/src/version.o
  CXX(target) /home/graduate/.gem/ruby/1.8/gems/libv8-3.11.8.11/vendor/v8/out/ia32.release/obj.target/v8_base/src/zone.o
  CXX(target) /home/graduate/.gem/ruby/1.8/gems/libv8-3.11.8.11/vendor/v8/out/ia32.release/obj.target/v8_base/src/extensions/externalize-string-extension.o
  CXX(target) /home/graduate/.gem/ruby/1.8/gems/libv8-3.11.8.11/vendor/v8/out/ia32.release/obj.target/v8_base/src/extensions/gc-extension.o
  CXX(target) /home/graduate/.gem/ruby/1.8/gems/libv8-3.11.8.11/vendor/v8/out/ia32.release/obj.target/v8_base/src/ia32/assembler-ia32.o
  CXX(target) /home/graduate/.gem/ruby/1.8/gems/libv8-3.11.8.11/vendor/v8/out/ia32.release/obj.target/v8_base/src/ia32/builtins-ia32.o
  CXX(target) /home/graduate/.gem/ruby/1.8/gems/libv8-3.11.8.11/vendor/v8/out/ia32.release/obj.target/v8_base/src/ia32/code-stubs-ia32.o
  CXX(target) /home/graduate/.gem/ruby/1.8/gems/libv8-3.11.8.11/vendor/v8/out/ia32.release/obj.target/v8_base/src/ia32/codegen-ia32.o
  CXX(target) /home/graduate/.gem/ruby/1.8/gems/libv8-3.11.8.11/vendor/v8/out/ia32.release/obj.target/v8_base/src/ia32/cpu-ia32.o
  CXX(target) /home/graduate/.gem/ruby/1.8/gems/libv8-3.11.8.11/vendor/v8/out/ia32.release/obj.target/v8_base/src/ia32/debug-ia32.o
  CXX(target) /home/graduate/.gem/ruby/1.8/gems/libv8-3.11.8.11/vendor/v8/out/ia32.release/obj.target/v8_base/src/ia32/deoptimizer-ia32.o
  CXX(target) /home/graduate/.gem/ruby/1.8/gems/libv8-3.11.8.11/vendor/v8/out/ia32.release/obj.target/v8_base/src/ia32/disasm-ia32.o
  CXX(target) /home/graduate/.gem/ruby/1.8/gems/libv8-3.11.8.11/vendor/v8/out/ia32.release/obj.target/v8_base/src/ia32/frames-ia32.o
  CXX(target) /home/graduate/.gem/ruby/1.8/gems/libv8-3.11.8.11/vendor/v8/out/ia32.release/obj.target/v8_base/src/ia32/full-codegen-ia32.o
  CXX(target) /home/graduate/.gem/ruby/1.8/gems/libv8-3.11.8.11/vendor/v8/out/ia32.release/obj.target/v8_base/src/ia32/ic-ia32.o
  CXX(target) /home/graduate/.gem/ruby/1.8/gems/libv8-3.11.8.11/vendor/v8/out/ia32.release/obj.target/v8_base/src/ia32/lithium-codegen-ia32.o
  CXX(target) /home/graduate/.gem/ruby/1.8/gems/libv8-3.11.8.11/vendor/v8/out/ia32.release/obj.target/v8_base/src/ia32/lithium-gap-resolver-ia32.o
  CXX(target) /home/graduate/.gem/ruby/1.8/gems/libv8-3.11.8.11/vendor/v8/out/ia32.release/obj.target/v8_base/src/ia32/lithium-ia32.o
  CXX(target) /home/graduate/.gem/ruby/1.8/gems/libv8-3.11.8.11/vendor/v8/out/ia32.release/obj.target/v8_base/src/ia32/macro-assembler-ia32.o
  CXX(target) /home/graduate/.gem/ruby/1.8/gems/libv8-3.11.8.11/vendor/v8/out/ia32.release/obj.target/v8_base/src/ia32/regexp-macro-assembler-ia32.o
  CXX(target) /home/graduate/.gem/ruby/1.8/gems/libv8-3.11.8.11/vendor/v8/out/ia32.release/obj.target/v8_base/src/ia32/stub-cache-ia32.o
  CXX(target) /home/graduate/.gem/ruby/1.8/gems/libv8-3.11.8.11/vendor/v8/out/ia32.release/obj.target/v8_base/src/platform-linux.o
  CXX(target) /home/graduate/.gem/ruby/1.8/gems/libv8-3.11.8.11/vendor/v8/out/ia32.release/obj.target/v8_base/src/platform-posix.o
  AR(target) /home/graduate/.gem/ruby/1.8/gems/libv8-3.11.8.11/vendor/v8/out/ia32.release/obj.target/tools/gyp/libv8_base.a
  ACTION js2c_js2c /home/graduate/.gem/ruby/1.8/gems/libv8-3.11.8.11/vendor/v8/out/ia32.release/obj/gen/libraries.cc
  ACTION js2c_js2c_experimental /home/graduate/.gem/ruby/1.8/gems/libv8-3.11.8.11/vendor/v8/out/ia32.release/obj/gen/experimental-libraries.cc
  CXX(target) /home/graduate/.gem/ruby/1.8/gems/libv8-3.11.8.11/vendor/v8/out/ia32.release/obj.target/v8_nosnapshot/gen/libraries.o
  CXX(target) /home/graduate/.gem/ruby/1.8/gems/libv8-3.11.8.11/vendor/v8/out/ia32.release/obj.target/v8_nosnapshot/gen/experimental-libraries.o
  CXX(target) /home/graduate/.gem/ruby/1.8/gems/libv8-3.11.8.11/vendor/v8/out/ia32.release/obj.target/v8_nosnapshot/src/snapshot-empty.o
  AR(target) /home/graduate/.gem/ruby/1.8/gems/libv8-3.11.8.11/vendor/v8/out/ia32.release/obj.target/tools/gyp/libv8_nosnapshot.a
  CXX(target) /home/graduate/.gem/ruby/1.8/gems/libv8-3.11.8.11/vendor/v8/out/ia32.release/obj.target/mksnapshot/src/mksnapshot.o
  LINK(target) /home/graduate/.gem/ruby/1.8/gems/libv8-3.11.8.11/ve/home/graduate/.gem/ruby/1.8/gems/libv8-3.11.8.11/ext/libv8/location.rb:36:in `verify_installation!': libv8 did not install properly, expected binary v8 archive '/home/graduate/.gem/ruby/1.8/gems/libv8-3.11.8.11/vendor/v8/out/ia32.release/obj.target/tools/gyp/libv8_snapshot.a'to exist, but it was not found (Libv8::Location::Vendor::ArchiveNotFound)
	from /home/graduate/.gem/ruby/1.8/gems/libv8-3.11.8.11/ext/libv8/location.rb:35:in `each'
	from /home/graduate/.gem/ruby/1.8/gems/libv8-3.11.8.11/ext/libv8/location.rb:35:in `verify_installation!'
	from /home/graduate/.gem/ruby/1.8/gems/libv8-3.11.8.11/ext/libv8/location.rb:26:in `install!'
	from extconf.rb:7
ndor/v8/out/ia32.release/mksnapshot
  ACTION v8_snapshot_run_mksnapshot /home/graduate/.gem/ruby/1.8/gems/libv8-3.11.8.11/vendor/v8/out/ia32.release/obj.target/v8_snapshot/geni/snapshot.cc
gmake[1]: Leaving directory `/home/graduate/.gem/ruby/1.8/gems/libv8-3.11.8.11/vendor/v8/out'
